::group::Pre task execution logs
Dependencies all met for dep_context=non-requeueable deps ti=<TaskInstance: upload_new_main_db_data.check_records manual__2026-02-25T07:53:48.648195+00:00 [queued]>
Dependencies all met for dep_context=requeueable deps ti=<TaskInstance: upload_new_main_db_data.check_records manual__2026-02-25T07:53:48.648195+00:00 [queued]>
Starting attempt 1 of 1
Executing <Task(_ShortCircuitDecoratedOperator): check_records> on 2026-02-25 07:53:48.648195+00:00
/home/***/.local/lib/python3.12/site-packages/***/task/task_runner/standard_task_runner.py:62: DeprecationWarning: This process (pid=58827) is multi-threaded, use of fork() may lead to deadlocks in the child.
  pid = os.fork()

Started process 58829 to run task
Running: ['***', 'tasks', 'run', 'upload_new_main_db_data', 'check_records', 'manual__2026-02-25T07:53:48.648195+00:00', '--job-id', '381', '--raw', '--subdir', 'DAGS_FOLDER/upload_new_maindb_data_dag.py', '--cfg-path', '/tmp/tmpqsnd_6p0']
Job 381: Subtask check_records
Running <TaskInstance: upload_new_main_db_data.check_records manual__2026-02-25T07:53:48.648195+00:00 [running]> on host e02bf6fe05e5
Exporting env vars: AIRFLOW_CTX_DAG_OWNER='***' AIRFLOW_CTX_DAG_ID='upload_new_main_db_data' AIRFLOW_CTX_TASK_ID='check_records' AIRFLOW_CTX_EXECUTION_DATE='2026-02-25T07:53:48.648195+00:00' AIRFLOW_CTX_TRY_NUMBER='1' AIRFLOW_CTX_DAG_RUN_ID='manual__2026-02-25T07:53:48.648195+00:00'
::endgroup::
Done. Returned value was: True
Condition result is True
Proceeding with downstream tasks...
::group::Post task execution logs
Marking task as SUCCESS. dag_id=upload_new_main_db_data, task_id=check_records, run_id=manual__2026-02-25T07:53:48.648195+00:00, execution_date=20260225T075348, start_date=20260225T075407, end_date=20260225T075407
Task exited with return code 0
1 downstream tasks scheduled from follow-on schedule check
::endgroup::
