::group::Pre task execution logs
Dependencies all met for dep_context=non-requeueable deps ti=<TaskInstance: upload_new_main_db_data.process_main_db_record.trigger_reference_data_check manual__2026-03-02T10:30:37.312616+00:00 map_index=0 [queued]>
Dependencies all met for dep_context=requeueable deps ti=<TaskInstance: upload_new_main_db_data.process_main_db_record.trigger_reference_data_check manual__2026-03-02T10:30:37.312616+00:00 map_index=0 [queued]>
Starting attempt 1 of 1
Executing <Task(TriggerDagRunOperator): process_main_db_record.trigger_reference_data_check> on 2026-03-02 10:30:37.312616+00:00
/home/***/.local/lib/python3.12/site-packages/***/task/task_runner/standard_task_runner.py:62: DeprecationWarning: This process (pid=14286) is multi-threaded, use of fork() may lead to deadlocks in the child.
  pid = os.fork()

Started process 14288 to run task
Running: ['***', 'tasks', 'run', 'upload_new_main_db_data', 'process_main_db_record.trigger_reference_data_check', 'manual__2026-03-02T10:30:37.312616+00:00', '--job-id', '940', '--raw', '--subdir', 'DAGS_FOLDER/upload_new_maindb_data_dag.py', '--cfg-path', '/tmp/tmpvpuhuq5i', '--map-index', '0']
Job 940: Subtask process_main_db_record.trigger_reference_data_check
Running <TaskInstance: upload_new_main_db_data.process_main_db_record.trigger_reference_data_check manual__2026-03-02T10:30:37.312616+00:00 map_index=0 [running]> on host ff5784e9d160
Exporting env vars: AIRFLOW_CTX_DAG_OWNER='***' AIRFLOW_CTX_DAG_ID='upload_new_main_db_data' AIRFLOW_CTX_TASK_ID='process_main_db_record.trigger_reference_data_check' AIRFLOW_CTX_EXECUTION_DATE='2026-03-02T10:30:37.312616+00:00' AIRFLOW_CTX_TRY_NUMBER='1' AIRFLOW_CTX_DAG_RUN_ID='manual__2026-03-02T10:30:37.312616+00:00'
::endgroup::
Waiting for check_main_db_reference_data_dag on 2026-03-02 10:30:43.511911+00:00 to become allowed state ['success'] ...
Waiting for check_main_db_reference_data_dag on 2026-03-02 10:30:43.511911+00:00 to become allowed state ['success'] ...
::group::Post task execution logs
Task failed with exception
Traceback (most recent call last):
  File "/home/airflow/.local/lib/python3.12/site-packages/airflow/models/taskinstance.py", line 460, in _execute_task
    result = _execute_callable(context=context, **execute_callable_kwargs)
             ^^^^^^^^^^^^^^^^^^^^^^^^^^^^^^^^^^^^^^^^^^^^^^^^^^^^^^^^^^^^^
  File "/home/airflow/.local/lib/python3.12/site-packages/airflow/models/taskinstance.py", line 432, in _execute_callable
    return execute_callable(context=context, **execute_callable_kwargs)
           ^^^^^^^^^^^^^^^^^^^^^^^^^^^^^^^^^^^^^^^^^^^^^^^^^^^^^^^^^^^^
  File "/home/airflow/.local/lib/python3.12/site-packages/airflow/models/baseoperator.py", line 401, in wrapper
    return func(self, *args, **kwargs)
           ^^^^^^^^^^^^^^^^^^^^^^^^^^^
  File "/home/airflow/.local/lib/python3.12/site-packages/airflow/operators/trigger_dagrun.py", line 234, in execute
    dag_run.refresh_from_db()
  File "/home/airflow/.local/lib/python3.12/site-packages/airflow/utils/session.py", line 79, in wrapper
    return func(*args, session=session, **kwargs)
           ^^^^^^^^^^^^^^^^^^^^^^^^^^^^^^^^^^^^^^
  File "/home/airflow/.local/lib/python3.12/site-packages/airflow/models/dagrun.py", line 357, in refresh_from_db
    ).one()
      ^^^^^
  File "/home/airflow/.local/lib/python3.12/site-packages/sqlalchemy/engine/result.py", line 1522, in one
    return self._only_one_row(
           ^^^^^^^^^^^^^^^^^^^
  File "/home/airflow/.local/lib/python3.12/site-packages/sqlalchemy/engine/result.py", line 562, in _only_one_row
    raise exc.NoResultFound(
sqlalchemy.exc.NoResultFound: No row was found when one was required
State of this instance has been externally set to None. Terminating instance.
::endgroup::
Sending 15 to group 14288. PIDs of all processes in the group: [14288]
Sending the signal 15 to group 14288
Received SIGTERM. Terminating subprocesses.
Process psutil.Process(pid=14288, status='terminated', exitcode=2, started='13:30:42') (14288) terminated with exit code 2
