::group::Pre task execution logs
Dependencies all met for dep_context=non-requeueable deps ti=<TaskInstance: upload_main_db_data_dag.upload_main_db_data manual__2026-03-06T06:22:41.680553+00:00 [queued]>
Dependencies all met for dep_context=requeueable deps ti=<TaskInstance: upload_main_db_data_dag.upload_main_db_data manual__2026-03-06T06:22:41.680553+00:00 [queued]>
Starting attempt 2 of 3
Executing <Task(_PythonDecoratedOperator): upload_main_db_data> on 2026-03-06 06:22:41.680553+00:00
/home/***/.local/lib/python3.12/site-packages/***/task/task_runner/standard_task_runner.py:62: DeprecationWarning: This process (pid=53870) is multi-threaded, use of fork() may lead to deadlocks in the child.
  pid = os.fork()

Started process 53872 to run task
Running: ['***', 'tasks', 'run', 'upload_main_db_data_dag', 'upload_main_db_data', 'manual__2026-03-06T06:22:41.680553+00:00', '--job-id', '1561', '--raw', '--subdir', 'DAGS_FOLDER/upload_main_db_data_dag.py', '--cfg-path', '/tmp/tmpbn_bpoai']
Job 1561: Subtask upload_main_db_data
Running <TaskInstance: upload_main_db_data_dag.upload_main_db_data manual__2026-03-06T06:22:41.680553+00:00 [running]> on host ad14fccbac7a
Exporting env vars: AIRFLOW_CTX_DAG_OWNER='***' AIRFLOW_CTX_DAG_ID='upload_main_db_data_dag' AIRFLOW_CTX_TASK_ID='upload_main_db_data' AIRFLOW_CTX_EXECUTION_DATE='2026-03-06T06:22:41.680553+00:00' AIRFLOW_CTX_TRY_NUMBER='2' AIRFLOW_CTX_DAG_RUN_ID='manual__2026-03-06T06:22:41.680553+00:00'
::endgroup::
Using connection ID 'hdfs_default' for task execution.
Trying to connect to namenode:9870
Trying namenode namenode
Instantiated <InsecureClient(url='http://namenode:9870')>.
Fetching status for '/'.
Using namenode namenode for hook
Fetching status for '/test_raw_data/data/Acron/MainDb/Acron.db'.
Reading file '/test_raw_data/data/Acron/MainDb/Acron.db'.
✅ Uploading data from MeasureGroups table!
Using connection ID 'cloudberry_test_dwh' for task execution.
Using data_source_id: 289c288e-ccf8-a441-ae8d-f36862eded0a
✅ Loaded 22 rows to stg_measure_groups
✅ Uploading data from AggregateNotificationConfigs table!
Using connection ID 'cloudberry_test_dwh' for task execution.
Using data_source_id: 289c288e-ccf8-a441-ae8d-f36862eded0a
No data to process in SQLite
✅ Uploading data from Aggregates table!
Using connection ID 'cloudberry_test_dwh' for task execution.
Using data_source_id: 289c288e-ccf8-a441-ae8d-f36862eded0a
No data to process in SQLite
✅ Uploading data from Annotation table!
Using connection ID 'cloudberry_test_dwh' for task execution.
Using data_source_id: 289c288e-ccf8-a441-ae8d-f36862eded0a
✅ Loaded 22 rows to stg_annotation
✅ Uploading data from Bearings table!
Using connection ID 'cloudberry_test_dwh' for task execution.
Using data_source_id: 289c288e-ccf8-a441-ae8d-f36862eded0a
✅ Loaded 1252 rows to stg_bearings
✅ Uploading data from DiagnosticAlarmHistory_v2 table!
Using connection ID 'cloudberry_test_dwh' for task execution.
Using data_source_id: 289c288e-ccf8-a441-ae8d-f36862eded0a
✅ Loaded 26113 rows to stg_diagnostic_alarm_history_v2
✅ Uploading data from DiagnosticAlarms_v2 table!
Using connection ID 'cloudberry_test_dwh' for task execution.
Using data_source_id: 289c288e-ccf8-a441-ae8d-f36862eded0a
✅ Loaded 8578 rows to stg_diagnostic_alarms_v2
✅ Uploading data from EmailAddresses table!
Using connection ID 'cloudberry_test_dwh' for task execution.
Using data_source_id: 289c288e-ccf8-a441-ae8d-f36862eded0a
No data to process in SQLite
✅ Uploading data from IOCreytChannelConfigs table!
Using connection ID 'cloudberry_test_dwh' for task execution.
Using data_source_id: 289c288e-ccf8-a441-ae8d-f36862eded0a
✅ Loaded 1204 rows to stg_io_creyt_channel_configs
✅ Uploading data from IOCreytChannelConfigs_v5 table!
Using connection ID 'cloudberry_test_dwh' for task execution.
Using data_source_id: 289c288e-ccf8-a441-ae8d-f36862eded0a
✅ Loaded 336 rows to stg_io_creyt_channel_configs_v5
✅ Uploading data from IOCreytChannelStates table!
Using connection ID 'cloudberry_test_dwh' for task execution.
Using data_source_id: 289c288e-ccf8-a441-ae8d-f36862eded0a
✅ Loaded 1316 rows to stg_io_creyt_channel_states
✅ Uploading data from IOCreytChannelStates_v5 table!
Using connection ID 'cloudberry_test_dwh' for task execution.
Using data_source_id: 289c288e-ccf8-a441-ae8d-f36862eded0a
✅ Loaded 336 rows to stg_io_creyt_channel_states_v5
✅ Uploading data from IOCreytConfigs table!
Using connection ID 'cloudberry_test_dwh' for task execution.
Using data_source_id: 289c288e-ccf8-a441-ae8d-f36862eded0a
✅ Loaded 43 rows to stg_io_creyt_configs
✅ Uploading data from IOCreytConfigs_v5 table!
Using connection ID 'cloudberry_test_dwh' for task execution.
Using data_source_id: 289c288e-ccf8-a441-ae8d-f36862eded0a
✅ Loaded 6 rows to stg_io_creyt_configs_v5
✅ Uploading data from IOCreytControllerStates table!
Using connection ID 'cloudberry_test_dwh' for task execution.
Using data_source_id: 289c288e-ccf8-a441-ae8d-f36862eded0a
✅ Loaded 490 rows to stg_io_creyt_controller_states
✅ Uploading data from IOCreytControllerStates_v5 table!
Using connection ID 'cloudberry_test_dwh' for task execution.
Using data_source_id: 289c288e-ccf8-a441-ae8d-f36862eded0a
✅ Loaded 84 rows to stg_io_creyt_controller_states_v5
✅ Uploading data from IOCreytIMOperTimes table!
Using connection ID 'cloudberry_test_dwh' for task execution.
Using data_source_id: 289c288e-ccf8-a441-ae8d-f36862eded0a
✅ Loaded 35 rows to stg_io_creyt_im_oper_times
✅ Uploading data from IOCreytIMOperTimes_v5 table!
Using connection ID 'cloudberry_test_dwh' for task execution.
Using data_source_id: 289c288e-ccf8-a441-ae8d-f36862eded0a
✅ Loaded 5 rows to stg_io_creyt_im_oper_times_v5
✅ Uploading data from IODeviceConfigNodes table!
Using connection ID 'cloudberry_test_dwh' for task execution.
Using data_source_id: 289c288e-ccf8-a441-ae8d-f36862eded0a
✅ Loaded 2 rows to stg_io_device_config_nodes
✅ Uploading data from IODeviceConfigs table!
Using connection ID 'cloudberry_test_dwh' for task execution.
Using data_source_id: 289c288e-ccf8-a441-ae8d-f36862eded0a
✅ Loaded 11 rows to stg_io_device_configs
✅ Uploading data from IOLCardChannelConfigs table!
Using connection ID 'cloudberry_test_dwh' for task execution.
Using data_source_id: 289c288e-ccf8-a441-ae8d-f36862eded0a
No data to process in SQLite
✅ Uploading data from IOLCardConfigs table!
Using connection ID 'cloudberry_test_dwh' for task execution.
Using data_source_id: 289c288e-ccf8-a441-ae8d-f36862eded0a
✅ Loaded 1 rows to stg_io_l_card_configs
✅ Uploading data from IOLCardCrateConfigs table!
Using connection ID 'cloudberry_test_dwh' for task execution.
Using data_source_id: 289c288e-ccf8-a441-ae8d-f36862eded0a
No data to process in SQLite
✅ Uploading data from IOLCardCrateSync table!
Using connection ID 'cloudberry_test_dwh' for task execution.
Using data_source_id: 289c288e-ccf8-a441-ae8d-f36862eded0a
No data to process in SQLite
✅ Uploading data from IOLCardInputConfigs table!
Using connection ID 'cloudberry_test_dwh' for task execution.
Using data_source_id: 289c288e-ccf8-a441-ae8d-f36862eded0a
No data to process in SQLite
✅ Uploading data from IOLCardLogicInputConfigs table!
Using connection ID 'cloudberry_test_dwh' for task execution.
Using data_source_id: 289c288e-ccf8-a441-ae8d-f36862eded0a
No data to process in SQLite
✅ Uploading data from IOLCardModuleConfigs table!
Using connection ID 'cloudberry_test_dwh' for task execution.
Using data_source_id: 289c288e-ccf8-a441-ae8d-f36862eded0a
No data to process in SQLite
✅ Uploading data from IOMQTTConfigs table!
Using connection ID 'cloudberry_test_dwh' for task execution.
Using data_source_id: 289c288e-ccf8-a441-ae8d-f36862eded0a
No data to process in SQLite
✅ Uploading data from IOMQTTDevEUIConfigs table!
Using connection ID 'cloudberry_test_dwh' for task execution.
Using data_source_id: 289c288e-ccf8-a441-ae8d-f36862eded0a
No data to process in SQLite
✅ Uploading data from IOModbusTcpConfigs table!
Using connection ID 'cloudberry_test_dwh' for task execution.
Using data_source_id: 289c288e-ccf8-a441-ae8d-f36862eded0a
✅ Loaded 46 rows to stg_io_modbus_tcp_configs
✅ Uploading data from IOModbusTcpRegisterConfigs table!
Using connection ID 'cloudberry_test_dwh' for task execution.
Using data_source_id: 289c288e-ccf8-a441-ae8d-f36862eded0a
✅ Loaded 3615 rows to stg_io_modbus_tcp_register_configs
✅ Uploading data from IOModbusTcpRegisterConfigs_TMP table!
Using connection ID 'cloudberry_test_dwh' for task execution.
Using data_source_id: 289c288e-ccf8-a441-ae8d-f36862eded0a
No data to process in SQLite
✅ Uploading data from IOModbustcpRegisterBitDecompressionConfigs table!
Using connection ID 'cloudberry_test_dwh' for task execution.
Using data_source_id: 289c288e-ccf8-a441-ae8d-f36862eded0a
✅ Loaded 3833 rows to stg_io_modbus_tcp_register_bit_decompression_configs
✅ Uploading data from IOOpcDaClientConfigs table!
Using connection ID 'cloudberry_test_dwh' for task execution.
Using data_source_id: 289c288e-ccf8-a441-ae8d-f36862eded0a
✅ Loaded 11 rows to stg_io_opc_da_client_configs
✅ Uploading data from IOOpcDaClientGroupConfigs table!
Using connection ID 'cloudberry_test_dwh' for task execution.
Using data_source_id: 289c288e-ccf8-a441-ae8d-f36862eded0a
✅ Loaded 34 rows to stg_io_opc_da_client_group_configs
✅ Uploading data from IOOpcDaClientItemConfigs table!
Using connection ID 'cloudberry_test_dwh' for task execution.
Using data_source_id: 289c288e-ccf8-a441-ae8d-f36862eded0a
✅ Loaded 1262 rows to stg_io_opc_da_client_item_configs
✅ Uploading data from IOOpcUaClientConfigs table!
Using connection ID 'cloudberry_test_dwh' for task execution.
Using data_source_id: 289c288e-ccf8-a441-ae8d-f36862eded0a
✅ Loaded 6 rows to stg_io_opc_ua_client_configs
✅ Uploading data from IOOpcUaClientGroupConfigs table!
Using connection ID 'cloudberry_test_dwh' for task execution.
Using data_source_id: 289c288e-ccf8-a441-ae8d-f36862eded0a
No data to process in SQLite
✅ Uploading data from IOOpcUaClientItemConfigs table!
Using connection ID 'cloudberry_test_dwh' for task execution.
Using data_source_id: 289c288e-ccf8-a441-ae8d-f36862eded0a
No data to process in SQLite
✅ Uploading data from IOOpcUaClientTransformItemConfigs table!
Using connection ID 'cloudberry_test_dwh' for task execution.
Using data_source_id: 289c288e-ccf8-a441-ae8d-f36862eded0a
No data to process in SQLite
✅ Uploading data from Images table!
Using connection ID 'cloudberry_test_dwh' for task execution.
Using data_source_id: 289c288e-ccf8-a441-ae8d-f36862eded0a
✅ Loaded 125 rows to stg_images
✅ Uploading data from MeasureConvert table!
Using connection ID 'cloudberry_test_dwh' for task execution.
Using data_source_id: 289c288e-ccf8-a441-ae8d-f36862eded0a
✅ Loaded 179 rows to stg_measure_convert
✅ Uploading data from MeasureUnits table!
Using connection ID 'cloudberry_test_dwh' for task execution.
Using data_source_id: 289c288e-ccf8-a441-ae8d-f36862eded0a
✅ Loaded 55 rows to stg_measure_units
✅ Uploading data from ModelTemplateTreeNodes table!
Using connection ID 'cloudberry_test_dwh' for task execution.
Using data_source_id: 289c288e-ccf8-a441-ae8d-f36862eded0a
✅ Loaded 15 rows to stg_model_template_tree_nodes
✅ Uploading data from ModelTemplates table!
Using connection ID 'cloudberry_test_dwh' for task execution.
Using data_source_id: 289c288e-ccf8-a441-ae8d-f36862eded0a
✅ Loaded 146 rows to stg_model_templates
✅ Uploading data from ObjectDataValues_DiagnosticArray_Live_v2 table!
Using connection ID 'cloudberry_test_dwh' for task execution.
Using data_source_id: 289c288e-ccf8-a441-ae8d-f36862eded0a
No data to process in SQLite
✅ Uploading data from ObjectDataValues_DiagnosticArray_v2 table!
Using connection ID 'cloudberry_test_dwh' for task execution.
Using data_source_id: 289c288e-ccf8-a441-ae8d-f36862eded0a
No data to process in SQLite
✅ Uploading data from ObjectDataValues_Live_v2 table!
Using connection ID 'cloudberry_test_dwh' for task execution.
Using data_source_id: 289c288e-ccf8-a441-ae8d-f36862eded0a
No data to process in SQLite
✅ Uploading data from ObjectDataValues_common_snapshot table!
Using connection ID 'cloudberry_test_dwh' for task execution.
Using data_source_id: 289c288e-ccf8-a441-ae8d-f36862eded0a
State of this instance has been externally set to None. Terminating instance.
::endgroup::
Sending 15 to group 53872. PIDs of all processes in the group: [53872]
Sending the signal 15 to group 53872
Received SIGTERM. Terminating subprocesses.
::group::Post task execution logs
Task failed with exception
Traceback (most recent call last):
  File "/home/airflow/.local/lib/python3.12/site-packages/airflow/models/taskinstance.py", line 465, in _execute_task
    result = _execute_callable(context=context, **execute_callable_kwargs)
             ^^^^^^^^^^^^^^^^^^^^^^^^^^^^^^^^^^^^^^^^^^^^^^^^^^^^^^^^^^^^^
  File "/home/airflow/.local/lib/python3.12/site-packages/airflow/models/taskinstance.py", line 432, in _execute_callable
    return execute_callable(context=context, **execute_callable_kwargs)
           ^^^^^^^^^^^^^^^^^^^^^^^^^^^^^^^^^^^^^^^^^^^^^^^^^^^^^^^^^^^^
  File "/home/airflow/.local/lib/python3.12/site-packages/airflow/models/baseoperator.py", line 401, in wrapper
    return func(self, *args, **kwargs)
           ^^^^^^^^^^^^^^^^^^^^^^^^^^^
  File "/home/airflow/.local/lib/python3.12/site-packages/airflow/decorators/base.py", line 265, in execute
    return_value = super().execute(context)
                   ^^^^^^^^^^^^^^^^^^^^^^^^
  File "/home/airflow/.local/lib/python3.12/site-packages/airflow/models/baseoperator.py", line 401, in wrapper
    return func(self, *args, **kwargs)
           ^^^^^^^^^^^^^^^^^^^^^^^^^^^
  File "/home/airflow/.local/lib/python3.12/site-packages/airflow/operators/python.py", line 235, in execute
    return_value = self.execute_callable()
                   ^^^^^^^^^^^^^^^^^^^^^^^
  File "/home/airflow/.local/lib/python3.12/site-packages/airflow/operators/python.py", line 252, in execute_callable
    return self.python_callable(*self.op_args, **self.op_kwargs)
           ^^^^^^^^^^^^^^^^^^^^^^^^^^^^^^^^^^^^^^^^^^^^^^^^^^^^^
  File "/opt/airflow/dags/upload_main_db_data_dag.py", line 107, in upload_main_db_data
    extract_from_sqlite_to_staging(
  File "/opt/airflow/dags/upload_main_db_data/upload_main_db_data.py", line 239, in extract_from_sqlite_to_staging
    df['hash_sat_diff'] = df.apply(
                          ^^^^^^^^^
  File "/home/airflow/.local/lib/python3.12/site-packages/pandas/core/frame.py", line 10034, in apply
    return op.apply().__finalize__(self, method="apply")
           ^^^^^^^^^^
  File "/home/airflow/.local/lib/python3.12/site-packages/pandas/core/apply.py", line 837, in apply
    return self.apply_standard()
           ^^^^^^^^^^^^^^^^^^^^^
  File "/home/airflow/.local/lib/python3.12/site-packages/pandas/core/apply.py", line 965, in apply_standard
    results, res_index = self.apply_series_generator()
                         ^^^^^^^^^^^^^^^^^^^^^^^^^^^^^
  File "/home/airflow/.local/lib/python3.12/site-packages/pandas/core/apply.py", line 981, in apply_series_generator
    results[i] = self.func(v, *self.args, **self.kwargs)
                 ^^^^^^^^^^^^^^^^^^^^^^^^^^^^^^^^^^^^^^^
  File "/opt/airflow/dags/upload_main_db_data/upload_main_db_data.py", line 240, in <lambda>
    lambda row: calc_hash_sat_diff(row.drop(['hash_sk', 'hash_sat_diff', 'load_dttm'], errors='ignore'), data_source_id),
                                  ^^^^^^^^^^^^^^^^^^^^^^^^^^^^^^^^^^^^^^^^^^^^^^^^^^^^^^^^^^^^^^^^^^^^
  File "/home/airflow/.local/lib/python3.12/site-packages/pandas/core/series.py", line 5148, in drop
    return super().drop(
           ^^^^^^^^^^^^^
  File "/home/airflow/.local/lib/python3.12/site-packages/pandas/core/generic.py", line 4711, in drop
    obj = obj._drop_axis(labels, axis, level=level, errors=errors)
          ^^^^^^^^^^^^^^^^^^^^^^^^^^^^^^^^^^^^^^^^^^^^^^^^^^^^^^^^
  File "/home/airflow/.local/lib/python3.12/site-packages/pandas/core/generic.py", line 4753, in _drop_axis
    new_axis = axis.drop(labels, errors=errors)
               ^^^^^^^^^^^^^^^^^^^^^^^^^^^^^^^^
  File "/home/airflow/.local/lib/python3.12/site-packages/pandas/core/indexes/base.py", line 6996, in drop
    indexer = self.get_indexer_for(labels)
              ^^^^^^^^^^^^^^^^^^^^^^^^^^^^
  File "/home/airflow/.local/lib/python3.12/site-packages/pandas/core/indexes/base.py", line 6097, in get_indexer_for
    return self.get_indexer(target)
           ^^^^^^^^^^^^^^^^^^^^^^^^
  File "/home/airflow/.local/lib/python3.12/site-packages/pandas/core/indexes/base.py", line 3870, in get_indexer
    target = self._maybe_cast_listlike_indexer(target)
             ^^^^^^^^^^^^^^^^^^^^^^^^^^^^^^^^^^^^^^^^^
  File "/home/airflow/.local/lib/python3.12/site-packages/pandas/core/indexes/base.py", line 6623, in _maybe_cast_listlike_indexer
    return ensure_index(target)
           ^^^^^^^^^^^^^^^^^^^^
  File "/home/airflow/.local/lib/python3.12/site-packages/pandas/core/indexes/base.py", line 7577, in ensure_index
    return Index(index_like, copy=copy)
           ^^^^^^^^^^^^^^^^^^^^^^^^^^^^
  File "/home/airflow/.local/lib/python3.12/site-packages/pandas/core/indexes/base.py", line 522, in __new__
    data = com.asarray_tuplesafe(data, dtype=_dtype_obj)
           ^^^^^^^^^^^^^^^^^^^^^^^^^^^^^^^^^^^^^^^^^^^^^
  File "/home/airflow/.local/lib/python3.12/site-packages/pandas/core/common.py", line 228, in asarray_tuplesafe
    def asarray_tuplesafe(values: Iterable, dtype: NpDtype | None = None) -> ArrayLike:
    
  File "/home/airflow/.local/lib/python3.12/site-packages/airflow/models/taskinstance.py", line 2613, in signal_handler
    raise AirflowTaskTerminated("Task received SIGTERM signal")
airflow.exceptions.AirflowTaskTerminated: Task received SIGTERM signal
Marking task as FAILED. dag_id=upload_main_db_data_dag, task_id=upload_main_db_data, run_id=manual__2026-03-06T06:22:41.680553+00:00, execution_date=20260306T062241, start_date=20260306T063416, end_date=20260306T063723
Failed to execute job 1561 for task upload_main_db_data ((psycopg2.errors.ForeignKeyViolation) insert or update on table "task_fail" violates foreign key constraint "task_fail_ti_fkey"
DETAIL:  Key (dag_id, task_id, run_id, map_index)=(upload_main_db_data_dag, upload_main_db_data, manual__2026-03-06T06:22:41.680553+00:00, -1) is not present in table "task_instance".

[SQL: INSERT INTO task_fail (task_id, dag_id, run_id, map_index, start_date, end_date, duration) VALUES (%(task_id)s, %(dag_id)s, %(run_id)s, %(map_index)s, %(start_date)s, %(end_date)s, %(duration)s) RETURNING task_fail.id]
[parameters: {'task_id': 'upload_main_db_data', 'dag_id': 'upload_main_db_data_dag', 'run_id': 'manual__2026-03-06T06:22:41.680553+00:00', 'map_index': -1, 'start_date': datetime.datetime(2026, 3, 6, 6, 34, 16, 547886, tzinfo=Timezone('UTC')), 'end_date': datetime.datetime(2026, 3, 6, 6, 37, 23, 598563, tzinfo=Timezone('UTC')), 'duration': 187}]
(Background on this error at: https://sqlalche.me/e/14/gkpj); 53872)
Process psutil.Process(pid=53872, status='terminated', exitcode=1, started='09:34:16') (53872) terminated with exit code 1
