Started process (PID=41215) to work on /opt/airflow/dags/helper/helper.py
Processing file /opt/airflow/dags/helper/helper.py for tasks to queue
Filling up the DagBag from /opt/airflow/dags/helper/helper.py
No viable dags retrieved from /opt/airflow/dags/helper/helper.py
Processing /opt/airflow/dags/helper/helper.py took 0.028 seconds
Started process (PID=41274) to work on /opt/airflow/dags/helper/helper.py
Processing file /opt/airflow/dags/helper/helper.py for tasks to queue
Filling up the DagBag from /opt/airflow/dags/helper/helper.py
No viable dags retrieved from /opt/airflow/dags/helper/helper.py
Processing /opt/airflow/dags/helper/helper.py took 0.288 seconds
Started process (PID=41357) to work on /opt/airflow/dags/helper/helper.py
Processing file /opt/airflow/dags/helper/helper.py for tasks to queue
Filling up the DagBag from /opt/airflow/dags/helper/helper.py
No viable dags retrieved from /opt/airflow/dags/helper/helper.py
Processing /opt/airflow/dags/helper/helper.py took 0.028 seconds
Started process (PID=41409) to work on /opt/airflow/dags/helper/helper.py
Processing file /opt/airflow/dags/helper/helper.py for tasks to queue
Filling up the DagBag from /opt/airflow/dags/helper/helper.py
No viable dags retrieved from /opt/airflow/dags/helper/helper.py
Processing /opt/airflow/dags/helper/helper.py took 0.032 seconds
Started process (PID=41484) to work on /opt/airflow/dags/helper/helper.py
Processing file /opt/airflow/dags/helper/helper.py for tasks to queue
Filling up the DagBag from /opt/airflow/dags/helper/helper.py
No viable dags retrieved from /opt/airflow/dags/helper/helper.py
Processing /opt/airflow/dags/helper/helper.py took 0.026 seconds
Started process (PID=41568) to work on /opt/airflow/dags/helper/helper.py
Processing file /opt/airflow/dags/helper/helper.py for tasks to queue
Filling up the DagBag from /opt/airflow/dags/helper/helper.py
No viable dags retrieved from /opt/airflow/dags/helper/helper.py
Processing /opt/airflow/dags/helper/helper.py took 0.029 seconds
Started process (PID=41644) to work on /opt/airflow/dags/helper/helper.py
Processing file /opt/airflow/dags/helper/helper.py for tasks to queue
Filling up the DagBag from /opt/airflow/dags/helper/helper.py
No viable dags retrieved from /opt/airflow/dags/helper/helper.py
Processing /opt/airflow/dags/helper/helper.py took 0.025 seconds
Started process (PID=41727) to work on /opt/airflow/dags/helper/helper.py
Processing file /opt/airflow/dags/helper/helper.py for tasks to queue
Filling up the DagBag from /opt/airflow/dags/helper/helper.py
No viable dags retrieved from /opt/airflow/dags/helper/helper.py
Processing /opt/airflow/dags/helper/helper.py took 0.027 seconds
Started process (PID=41803) to work on /opt/airflow/dags/helper/helper.py
Processing file /opt/airflow/dags/helper/helper.py for tasks to queue
Filling up the DagBag from /opt/airflow/dags/helper/helper.py
No viable dags retrieved from /opt/airflow/dags/helper/helper.py
Processing /opt/airflow/dags/helper/helper.py took 0.027 seconds
Started process (PID=41886) to work on /opt/airflow/dags/helper/helper.py
Processing file /opt/airflow/dags/helper/helper.py for tasks to queue
Filling up the DagBag from /opt/airflow/dags/helper/helper.py
No viable dags retrieved from /opt/airflow/dags/helper/helper.py
Processing /opt/airflow/dags/helper/helper.py took 0.029 seconds
Started process (PID=41962) to work on /opt/airflow/dags/helper/helper.py
Processing file /opt/airflow/dags/helper/helper.py for tasks to queue
Filling up the DagBag from /opt/airflow/dags/helper/helper.py
No viable dags retrieved from /opt/airflow/dags/helper/helper.py
Processing /opt/airflow/dags/helper/helper.py took 0.026 seconds
Started process (PID=42045) to work on /opt/airflow/dags/helper/helper.py
Processing file /opt/airflow/dags/helper/helper.py for tasks to queue
Filling up the DagBag from /opt/airflow/dags/helper/helper.py
No viable dags retrieved from /opt/airflow/dags/helper/helper.py
Processing /opt/airflow/dags/helper/helper.py took 0.025 seconds
Started process (PID=42121) to work on /opt/airflow/dags/helper/helper.py
Processing file /opt/airflow/dags/helper/helper.py for tasks to queue
Filling up the DagBag from /opt/airflow/dags/helper/helper.py
No viable dags retrieved from /opt/airflow/dags/helper/helper.py
Processing /opt/airflow/dags/helper/helper.py took 0.026 seconds
Started process (PID=42204) to work on /opt/airflow/dags/helper/helper.py
Processing file /opt/airflow/dags/helper/helper.py for tasks to queue
Filling up the DagBag from /opt/airflow/dags/helper/helper.py
No viable dags retrieved from /opt/airflow/dags/helper/helper.py
Processing /opt/airflow/dags/helper/helper.py took 0.029 seconds
Started process (PID=42280) to work on /opt/airflow/dags/helper/helper.py
Processing file /opt/airflow/dags/helper/helper.py for tasks to queue
Filling up the DagBag from /opt/airflow/dags/helper/helper.py
No viable dags retrieved from /opt/airflow/dags/helper/helper.py
Processing /opt/airflow/dags/helper/helper.py took 0.027 seconds
Started process (PID=42364) to work on /opt/airflow/dags/helper/helper.py
Processing file /opt/airflow/dags/helper/helper.py for tasks to queue
Filling up the DagBag from /opt/airflow/dags/helper/helper.py
No viable dags retrieved from /opt/airflow/dags/helper/helper.py
Processing /opt/airflow/dags/helper/helper.py took 0.028 seconds
Started process (PID=42440) to work on /opt/airflow/dags/helper/helper.py
Processing file /opt/airflow/dags/helper/helper.py for tasks to queue
Filling up the DagBag from /opt/airflow/dags/helper/helper.py
No viable dags retrieved from /opt/airflow/dags/helper/helper.py
Processing /opt/airflow/dags/helper/helper.py took 0.025 seconds
Started process (PID=42523) to work on /opt/airflow/dags/helper/helper.py
Processing file /opt/airflow/dags/helper/helper.py for tasks to queue
Filling up the DagBag from /opt/airflow/dags/helper/helper.py
No viable dags retrieved from /opt/airflow/dags/helper/helper.py
Processing /opt/airflow/dags/helper/helper.py took 0.026 seconds
Started process (PID=42606) to work on /opt/airflow/dags/helper/helper.py
Processing file /opt/airflow/dags/helper/helper.py for tasks to queue
Filling up the DagBag from /opt/airflow/dags/helper/helper.py
No viable dags retrieved from /opt/airflow/dags/helper/helper.py
Processing /opt/airflow/dags/helper/helper.py took 0.028 seconds
Started process (PID=42681) to work on /opt/airflow/dags/helper/helper.py
Processing file /opt/airflow/dags/helper/helper.py for tasks to queue
Filling up the DagBag from /opt/airflow/dags/helper/helper.py
No viable dags retrieved from /opt/airflow/dags/helper/helper.py
Processing /opt/airflow/dags/helper/helper.py took 0.028 seconds
Started process (PID=42764) to work on /opt/airflow/dags/helper/helper.py
Processing file /opt/airflow/dags/helper/helper.py for tasks to queue
Filling up the DagBag from /opt/airflow/dags/helper/helper.py
No viable dags retrieved from /opt/airflow/dags/helper/helper.py
Processing /opt/airflow/dags/helper/helper.py took 0.027 seconds
Started process (PID=42840) to work on /opt/airflow/dags/helper/helper.py
Processing file /opt/airflow/dags/helper/helper.py for tasks to queue
Filling up the DagBag from /opt/airflow/dags/helper/helper.py
No viable dags retrieved from /opt/airflow/dags/helper/helper.py
Processing /opt/airflow/dags/helper/helper.py took 0.038 seconds
Started process (PID=42923) to work on /opt/airflow/dags/helper/helper.py
Processing file /opt/airflow/dags/helper/helper.py for tasks to queue
Filling up the DagBag from /opt/airflow/dags/helper/helper.py
No viable dags retrieved from /opt/airflow/dags/helper/helper.py
Processing /opt/airflow/dags/helper/helper.py took 0.027 seconds
Started process (PID=42999) to work on /opt/airflow/dags/helper/helper.py
Processing file /opt/airflow/dags/helper/helper.py for tasks to queue
Filling up the DagBag from /opt/airflow/dags/helper/helper.py
No viable dags retrieved from /opt/airflow/dags/helper/helper.py
Processing /opt/airflow/dags/helper/helper.py took 0.031 seconds
Started process (PID=43082) to work on /opt/airflow/dags/helper/helper.py
Processing file /opt/airflow/dags/helper/helper.py for tasks to queue
Filling up the DagBag from /opt/airflow/dags/helper/helper.py
No viable dags retrieved from /opt/airflow/dags/helper/helper.py
Processing /opt/airflow/dags/helper/helper.py took 0.027 seconds
Started process (PID=43158) to work on /opt/airflow/dags/helper/helper.py
Processing file /opt/airflow/dags/helper/helper.py for tasks to queue
Filling up the DagBag from /opt/airflow/dags/helper/helper.py
No viable dags retrieved from /opt/airflow/dags/helper/helper.py
Processing /opt/airflow/dags/helper/helper.py took 0.025 seconds
Started process (PID=43241) to work on /opt/airflow/dags/helper/helper.py
Processing file /opt/airflow/dags/helper/helper.py for tasks to queue
Filling up the DagBag from /opt/airflow/dags/helper/helper.py
No viable dags retrieved from /opt/airflow/dags/helper/helper.py
Processing /opt/airflow/dags/helper/helper.py took 0.027 seconds
Started process (PID=43317) to work on /opt/airflow/dags/helper/helper.py
Processing file /opt/airflow/dags/helper/helper.py for tasks to queue
Filling up the DagBag from /opt/airflow/dags/helper/helper.py
No viable dags retrieved from /opt/airflow/dags/helper/helper.py
Processing /opt/airflow/dags/helper/helper.py took 0.025 seconds
Started process (PID=43400) to work on /opt/airflow/dags/helper/helper.py
Processing file /opt/airflow/dags/helper/helper.py for tasks to queue
Filling up the DagBag from /opt/airflow/dags/helper/helper.py
No viable dags retrieved from /opt/airflow/dags/helper/helper.py
Processing /opt/airflow/dags/helper/helper.py took 0.034 seconds
Started process (PID=43474) to work on /opt/airflow/dags/helper/helper.py
Processing file /opt/airflow/dags/helper/helper.py for tasks to queue
Filling up the DagBag from /opt/airflow/dags/helper/helper.py
No viable dags retrieved from /opt/airflow/dags/helper/helper.py
Processing /opt/airflow/dags/helper/helper.py took 0.027 seconds
Started process (PID=43557) to work on /opt/airflow/dags/helper/helper.py
Processing file /opt/airflow/dags/helper/helper.py for tasks to queue
Filling up the DagBag from /opt/airflow/dags/helper/helper.py
No viable dags retrieved from /opt/airflow/dags/helper/helper.py
Processing /opt/airflow/dags/helper/helper.py took 0.027 seconds
Started process (PID=43633) to work on /opt/airflow/dags/helper/helper.py
Processing file /opt/airflow/dags/helper/helper.py for tasks to queue
Filling up the DagBag from /opt/airflow/dags/helper/helper.py
No viable dags retrieved from /opt/airflow/dags/helper/helper.py
Processing /opt/airflow/dags/helper/helper.py took 0.028 seconds
Started process (PID=43716) to work on /opt/airflow/dags/helper/helper.py
Processing file /opt/airflow/dags/helper/helper.py for tasks to queue
Filling up the DagBag from /opt/airflow/dags/helper/helper.py
No viable dags retrieved from /opt/airflow/dags/helper/helper.py
Processing /opt/airflow/dags/helper/helper.py took 0.026 seconds
Started process (PID=43792) to work on /opt/airflow/dags/helper/helper.py
Processing file /opt/airflow/dags/helper/helper.py for tasks to queue
Filling up the DagBag from /opt/airflow/dags/helper/helper.py
No viable dags retrieved from /opt/airflow/dags/helper/helper.py
Processing /opt/airflow/dags/helper/helper.py took 0.039 seconds
Started process (PID=43875) to work on /opt/airflow/dags/helper/helper.py
Processing file /opt/airflow/dags/helper/helper.py for tasks to queue
Filling up the DagBag from /opt/airflow/dags/helper/helper.py
No viable dags retrieved from /opt/airflow/dags/helper/helper.py
Processing /opt/airflow/dags/helper/helper.py took 0.025 seconds
Started process (PID=43958) to work on /opt/airflow/dags/helper/helper.py
Processing file /opt/airflow/dags/helper/helper.py for tasks to queue
Filling up the DagBag from /opt/airflow/dags/helper/helper.py
No viable dags retrieved from /opt/airflow/dags/helper/helper.py
Processing /opt/airflow/dags/helper/helper.py took 0.028 seconds
Started process (PID=44034) to work on /opt/airflow/dags/helper/helper.py
Processing file /opt/airflow/dags/helper/helper.py for tasks to queue
Filling up the DagBag from /opt/airflow/dags/helper/helper.py
No viable dags retrieved from /opt/airflow/dags/helper/helper.py
Processing /opt/airflow/dags/helper/helper.py took 0.029 seconds
Started process (PID=44117) to work on /opt/airflow/dags/helper/helper.py
Processing file /opt/airflow/dags/helper/helper.py for tasks to queue
Filling up the DagBag from /opt/airflow/dags/helper/helper.py
No viable dags retrieved from /opt/airflow/dags/helper/helper.py
Processing /opt/airflow/dags/helper/helper.py took 0.028 seconds
Started process (PID=44193) to work on /opt/airflow/dags/helper/helper.py
Processing file /opt/airflow/dags/helper/helper.py for tasks to queue
Filling up the DagBag from /opt/airflow/dags/helper/helper.py
No viable dags retrieved from /opt/airflow/dags/helper/helper.py
Processing /opt/airflow/dags/helper/helper.py took 0.030 seconds
Started process (PID=44269) to work on /opt/airflow/dags/helper/helper.py
Processing file /opt/airflow/dags/helper/helper.py for tasks to queue
Filling up the DagBag from /opt/airflow/dags/helper/helper.py
No viable dags retrieved from /opt/airflow/dags/helper/helper.py
Processing /opt/airflow/dags/helper/helper.py took 0.029 seconds
Started process (PID=44352) to work on /opt/airflow/dags/helper/helper.py
Processing file /opt/airflow/dags/helper/helper.py for tasks to queue
Filling up the DagBag from /opt/airflow/dags/helper/helper.py
No viable dags retrieved from /opt/airflow/dags/helper/helper.py
Processing /opt/airflow/dags/helper/helper.py took 0.028 seconds
Started process (PID=44427) to work on /opt/airflow/dags/helper/helper.py
Processing file /opt/airflow/dags/helper/helper.py for tasks to queue
Filling up the DagBag from /opt/airflow/dags/helper/helper.py
No viable dags retrieved from /opt/airflow/dags/helper/helper.py
Processing /opt/airflow/dags/helper/helper.py took 0.027 seconds
Started process (PID=44510) to work on /opt/airflow/dags/helper/helper.py
Processing file /opt/airflow/dags/helper/helper.py for tasks to queue
Filling up the DagBag from /opt/airflow/dags/helper/helper.py
No viable dags retrieved from /opt/airflow/dags/helper/helper.py
Processing /opt/airflow/dags/helper/helper.py took 0.029 seconds
Started process (PID=44586) to work on /opt/airflow/dags/helper/helper.py
Processing file /opt/airflow/dags/helper/helper.py for tasks to queue
Filling up the DagBag from /opt/airflow/dags/helper/helper.py
No viable dags retrieved from /opt/airflow/dags/helper/helper.py
Processing /opt/airflow/dags/helper/helper.py took 0.026 seconds
Started process (PID=44669) to work on /opt/airflow/dags/helper/helper.py
Processing file /opt/airflow/dags/helper/helper.py for tasks to queue
Filling up the DagBag from /opt/airflow/dags/helper/helper.py
No viable dags retrieved from /opt/airflow/dags/helper/helper.py
Processing /opt/airflow/dags/helper/helper.py took 0.029 seconds
Started process (PID=44746) to work on /opt/airflow/dags/helper/helper.py
Processing file /opt/airflow/dags/helper/helper.py for tasks to queue
Filling up the DagBag from /opt/airflow/dags/helper/helper.py
No viable dags retrieved from /opt/airflow/dags/helper/helper.py
Processing /opt/airflow/dags/helper/helper.py took 0.027 seconds
Started process (PID=44828) to work on /opt/airflow/dags/helper/helper.py
Processing file /opt/airflow/dags/helper/helper.py for tasks to queue
Filling up the DagBag from /opt/airflow/dags/helper/helper.py
No viable dags retrieved from /opt/airflow/dags/helper/helper.py
Processing /opt/airflow/dags/helper/helper.py took 0.026 seconds
Started process (PID=44904) to work on /opt/airflow/dags/helper/helper.py
Processing file /opt/airflow/dags/helper/helper.py for tasks to queue
Filling up the DagBag from /opt/airflow/dags/helper/helper.py
No viable dags retrieved from /opt/airflow/dags/helper/helper.py
Processing /opt/airflow/dags/helper/helper.py took 0.034 seconds
Started process (PID=44987) to work on /opt/airflow/dags/helper/helper.py
Processing file /opt/airflow/dags/helper/helper.py for tasks to queue
Filling up the DagBag from /opt/airflow/dags/helper/helper.py
No viable dags retrieved from /opt/airflow/dags/helper/helper.py
Processing /opt/airflow/dags/helper/helper.py took 0.026 seconds
Started process (PID=45069) to work on /opt/airflow/dags/helper/helper.py
Processing file /opt/airflow/dags/helper/helper.py for tasks to queue
Filling up the DagBag from /opt/airflow/dags/helper/helper.py
No viable dags retrieved from /opt/airflow/dags/helper/helper.py
Processing /opt/airflow/dags/helper/helper.py took 0.028 seconds
Started process (PID=45145) to work on /opt/airflow/dags/helper/helper.py
Processing file /opt/airflow/dags/helper/helper.py for tasks to queue
Filling up the DagBag from /opt/airflow/dags/helper/helper.py
No viable dags retrieved from /opt/airflow/dags/helper/helper.py
Processing /opt/airflow/dags/helper/helper.py took 0.027 seconds
Started process (PID=45229) to work on /opt/airflow/dags/helper/helper.py
Processing file /opt/airflow/dags/helper/helper.py for tasks to queue
Filling up the DagBag from /opt/airflow/dags/helper/helper.py
No viable dags retrieved from /opt/airflow/dags/helper/helper.py
Processing /opt/airflow/dags/helper/helper.py took 0.027 seconds
Started process (PID=45305) to work on /opt/airflow/dags/helper/helper.py
Processing file /opt/airflow/dags/helper/helper.py for tasks to queue
Filling up the DagBag from /opt/airflow/dags/helper/helper.py
No viable dags retrieved from /opt/airflow/dags/helper/helper.py
Processing /opt/airflow/dags/helper/helper.py took 0.027 seconds
Started process (PID=45388) to work on /opt/airflow/dags/helper/helper.py
Processing file /opt/airflow/dags/helper/helper.py for tasks to queue
Filling up the DagBag from /opt/airflow/dags/helper/helper.py
No viable dags retrieved from /opt/airflow/dags/helper/helper.py
Processing /opt/airflow/dags/helper/helper.py took 0.030 seconds
Started process (PID=45463) to work on /opt/airflow/dags/helper/helper.py
Processing file /opt/airflow/dags/helper/helper.py for tasks to queue
Filling up the DagBag from /opt/airflow/dags/helper/helper.py
No viable dags retrieved from /opt/airflow/dags/helper/helper.py
Processing /opt/airflow/dags/helper/helper.py took 0.028 seconds
Started process (PID=45537) to work on /opt/airflow/dags/helper/helper.py
Processing file /opt/airflow/dags/helper/helper.py for tasks to queue
Filling up the DagBag from /opt/airflow/dags/helper/helper.py
No viable dags retrieved from /opt/airflow/dags/helper/helper.py
Processing /opt/airflow/dags/helper/helper.py took 0.034 seconds
Started process (PID=45620) to work on /opt/airflow/dags/helper/helper.py
Processing file /opt/airflow/dags/helper/helper.py for tasks to queue
Filling up the DagBag from /opt/airflow/dags/helper/helper.py
No viable dags retrieved from /opt/airflow/dags/helper/helper.py
Processing /opt/airflow/dags/helper/helper.py took 0.029 seconds
Started process (PID=45697) to work on /opt/airflow/dags/helper/helper.py
Processing file /opt/airflow/dags/helper/helper.py for tasks to queue
Filling up the DagBag from /opt/airflow/dags/helper/helper.py
No viable dags retrieved from /opt/airflow/dags/helper/helper.py
Processing /opt/airflow/dags/helper/helper.py took 0.029 seconds
Started process (PID=45780) to work on /opt/airflow/dags/helper/helper.py
Processing file /opt/airflow/dags/helper/helper.py for tasks to queue
Filling up the DagBag from /opt/airflow/dags/helper/helper.py
No viable dags retrieved from /opt/airflow/dags/helper/helper.py
Processing /opt/airflow/dags/helper/helper.py took 0.027 seconds
Started process (PID=45856) to work on /opt/airflow/dags/helper/helper.py
Processing file /opt/airflow/dags/helper/helper.py for tasks to queue
Filling up the DagBag from /opt/airflow/dags/helper/helper.py
No viable dags retrieved from /opt/airflow/dags/helper/helper.py
Processing /opt/airflow/dags/helper/helper.py took 0.025 seconds
Started process (PID=45939) to work on /opt/airflow/dags/helper/helper.py
Processing file /opt/airflow/dags/helper/helper.py for tasks to queue
Filling up the DagBag from /opt/airflow/dags/helper/helper.py
No viable dags retrieved from /opt/airflow/dags/helper/helper.py
Processing /opt/airflow/dags/helper/helper.py took 0.025 seconds
Started process (PID=46022) to work on /opt/airflow/dags/helper/helper.py
Processing file /opt/airflow/dags/helper/helper.py for tasks to queue
Filling up the DagBag from /opt/airflow/dags/helper/helper.py
No viable dags retrieved from /opt/airflow/dags/helper/helper.py
Processing /opt/airflow/dags/helper/helper.py took 0.029 seconds
Started process (PID=46098) to work on /opt/airflow/dags/helper/helper.py
Processing file /opt/airflow/dags/helper/helper.py for tasks to queue
Filling up the DagBag from /opt/airflow/dags/helper/helper.py
No viable dags retrieved from /opt/airflow/dags/helper/helper.py
Processing /opt/airflow/dags/helper/helper.py took 0.029 seconds
Started process (PID=46181) to work on /opt/airflow/dags/helper/helper.py
Processing file /opt/airflow/dags/helper/helper.py for tasks to queue
Filling up the DagBag from /opt/airflow/dags/helper/helper.py
No viable dags retrieved from /opt/airflow/dags/helper/helper.py
Processing /opt/airflow/dags/helper/helper.py took 0.031 seconds
Started process (PID=46257) to work on /opt/airflow/dags/helper/helper.py
Processing file /opt/airflow/dags/helper/helper.py for tasks to queue
Filling up the DagBag from /opt/airflow/dags/helper/helper.py
No viable dags retrieved from /opt/airflow/dags/helper/helper.py
Processing /opt/airflow/dags/helper/helper.py took 0.026 seconds
Started process (PID=46340) to work on /opt/airflow/dags/helper/helper.py
Processing file /opt/airflow/dags/helper/helper.py for tasks to queue
Filling up the DagBag from /opt/airflow/dags/helper/helper.py
No viable dags retrieved from /opt/airflow/dags/helper/helper.py
Processing /opt/airflow/dags/helper/helper.py took 0.029 seconds
Started process (PID=46416) to work on /opt/airflow/dags/helper/helper.py
Processing file /opt/airflow/dags/helper/helper.py for tasks to queue
Filling up the DagBag from /opt/airflow/dags/helper/helper.py
No viable dags retrieved from /opt/airflow/dags/helper/helper.py
Processing /opt/airflow/dags/helper/helper.py took 0.026 seconds
Started process (PID=46499) to work on /opt/airflow/dags/helper/helper.py
Processing file /opt/airflow/dags/helper/helper.py for tasks to queue
Filling up the DagBag from /opt/airflow/dags/helper/helper.py
No viable dags retrieved from /opt/airflow/dags/helper/helper.py
Processing /opt/airflow/dags/helper/helper.py took 0.027 seconds
Started process (PID=46575) to work on /opt/airflow/dags/helper/helper.py
Processing file /opt/airflow/dags/helper/helper.py for tasks to queue
Filling up the DagBag from /opt/airflow/dags/helper/helper.py
No viable dags retrieved from /opt/airflow/dags/helper/helper.py
Processing /opt/airflow/dags/helper/helper.py took 0.027 seconds
Started process (PID=46658) to work on /opt/airflow/dags/helper/helper.py
Processing file /opt/airflow/dags/helper/helper.py for tasks to queue
Filling up the DagBag from /opt/airflow/dags/helper/helper.py
No viable dags retrieved from /opt/airflow/dags/helper/helper.py
Processing /opt/airflow/dags/helper/helper.py took 0.027 seconds
Started process (PID=46734) to work on /opt/airflow/dags/helper/helper.py
Processing file /opt/airflow/dags/helper/helper.py for tasks to queue
Filling up the DagBag from /opt/airflow/dags/helper/helper.py
No viable dags retrieved from /opt/airflow/dags/helper/helper.py
Processing /opt/airflow/dags/helper/helper.py took 0.025 seconds
Started process (PID=46817) to work on /opt/airflow/dags/helper/helper.py
Processing file /opt/airflow/dags/helper/helper.py for tasks to queue
Filling up the DagBag from /opt/airflow/dags/helper/helper.py
No viable dags retrieved from /opt/airflow/dags/helper/helper.py
Processing /opt/airflow/dags/helper/helper.py took 0.025 seconds
Started process (PID=46893) to work on /opt/airflow/dags/helper/helper.py
Processing file /opt/airflow/dags/helper/helper.py for tasks to queue
Filling up the DagBag from /opt/airflow/dags/helper/helper.py
No viable dags retrieved from /opt/airflow/dags/helper/helper.py
Processing /opt/airflow/dags/helper/helper.py took 0.025 seconds
Started process (PID=46977) to work on /opt/airflow/dags/helper/helper.py
Processing file /opt/airflow/dags/helper/helper.py for tasks to queue
Filling up the DagBag from /opt/airflow/dags/helper/helper.py
No viable dags retrieved from /opt/airflow/dags/helper/helper.py
Processing /opt/airflow/dags/helper/helper.py took 0.026 seconds
Started process (PID=47053) to work on /opt/airflow/dags/helper/helper.py
Processing file /opt/airflow/dags/helper/helper.py for tasks to queue
Filling up the DagBag from /opt/airflow/dags/helper/helper.py
No viable dags retrieved from /opt/airflow/dags/helper/helper.py
Processing /opt/airflow/dags/helper/helper.py took 0.025 seconds
Started process (PID=47136) to work on /opt/airflow/dags/helper/helper.py
Processing file /opt/airflow/dags/helper/helper.py for tasks to queue
Filling up the DagBag from /opt/airflow/dags/helper/helper.py
No viable dags retrieved from /opt/airflow/dags/helper/helper.py
Processing /opt/airflow/dags/helper/helper.py took 0.033 seconds
Started process (PID=47212) to work on /opt/airflow/dags/helper/helper.py
Processing file /opt/airflow/dags/helper/helper.py for tasks to queue
Filling up the DagBag from /opt/airflow/dags/helper/helper.py
No viable dags retrieved from /opt/airflow/dags/helper/helper.py
Processing /opt/airflow/dags/helper/helper.py took 0.025 seconds
Started process (PID=47295) to work on /opt/airflow/dags/helper/helper.py
Processing file /opt/airflow/dags/helper/helper.py for tasks to queue
Filling up the DagBag from /opt/airflow/dags/helper/helper.py
No viable dags retrieved from /opt/airflow/dags/helper/helper.py
Processing /opt/airflow/dags/helper/helper.py took 0.031 seconds
Started process (PID=47371) to work on /opt/airflow/dags/helper/helper.py
Processing file /opt/airflow/dags/helper/helper.py for tasks to queue
Filling up the DagBag from /opt/airflow/dags/helper/helper.py
No viable dags retrieved from /opt/airflow/dags/helper/helper.py
Processing /opt/airflow/dags/helper/helper.py took 0.035 seconds
Started process (PID=47454) to work on /opt/airflow/dags/helper/helper.py
Processing file /opt/airflow/dags/helper/helper.py for tasks to queue
Filling up the DagBag from /opt/airflow/dags/helper/helper.py
No viable dags retrieved from /opt/airflow/dags/helper/helper.py
Processing /opt/airflow/dags/helper/helper.py took 0.026 seconds
Started process (PID=47530) to work on /opt/airflow/dags/helper/helper.py
Processing file /opt/airflow/dags/helper/helper.py for tasks to queue
Filling up the DagBag from /opt/airflow/dags/helper/helper.py
No viable dags retrieved from /opt/airflow/dags/helper/helper.py
Processing /opt/airflow/dags/helper/helper.py took 0.026 seconds
Started process (PID=47613) to work on /opt/airflow/dags/helper/helper.py
Processing file /opt/airflow/dags/helper/helper.py for tasks to queue
Filling up the DagBag from /opt/airflow/dags/helper/helper.py
No viable dags retrieved from /opt/airflow/dags/helper/helper.py
Processing /opt/airflow/dags/helper/helper.py took 0.025 seconds
Started process (PID=47689) to work on /opt/airflow/dags/helper/helper.py
Processing file /opt/airflow/dags/helper/helper.py for tasks to queue
Filling up the DagBag from /opt/airflow/dags/helper/helper.py
No viable dags retrieved from /opt/airflow/dags/helper/helper.py
Processing /opt/airflow/dags/helper/helper.py took 0.027 seconds
Started process (PID=47772) to work on /opt/airflow/dags/helper/helper.py
Processing file /opt/airflow/dags/helper/helper.py for tasks to queue
Filling up the DagBag from /opt/airflow/dags/helper/helper.py
No viable dags retrieved from /opt/airflow/dags/helper/helper.py
Processing /opt/airflow/dags/helper/helper.py took 0.024 seconds
Started process (PID=47848) to work on /opt/airflow/dags/helper/helper.py
Processing file /opt/airflow/dags/helper/helper.py for tasks to queue
Filling up the DagBag from /opt/airflow/dags/helper/helper.py
No viable dags retrieved from /opt/airflow/dags/helper/helper.py
Processing /opt/airflow/dags/helper/helper.py took 0.028 seconds
Started process (PID=47925) to work on /opt/airflow/dags/helper/helper.py
Processing file /opt/airflow/dags/helper/helper.py for tasks to queue
Filling up the DagBag from /opt/airflow/dags/helper/helper.py
No viable dags retrieved from /opt/airflow/dags/helper/helper.py
Processing /opt/airflow/dags/helper/helper.py took 0.026 seconds
Started process (PID=48001) to work on /opt/airflow/dags/helper/helper.py
Processing file /opt/airflow/dags/helper/helper.py for tasks to queue
Filling up the DagBag from /opt/airflow/dags/helper/helper.py
No viable dags retrieved from /opt/airflow/dags/helper/helper.py
Processing /opt/airflow/dags/helper/helper.py took 0.030 seconds
Started process (PID=48080) to work on /opt/airflow/dags/helper/helper.py
Processing file /opt/airflow/dags/helper/helper.py for tasks to queue
Filling up the DagBag from /opt/airflow/dags/helper/helper.py
No viable dags retrieved from /opt/airflow/dags/helper/helper.py
Processing /opt/airflow/dags/helper/helper.py took 0.029 seconds
Started process (PID=48156) to work on /opt/airflow/dags/helper/helper.py
Processing file /opt/airflow/dags/helper/helper.py for tasks to queue
Filling up the DagBag from /opt/airflow/dags/helper/helper.py
No viable dags retrieved from /opt/airflow/dags/helper/helper.py
Processing /opt/airflow/dags/helper/helper.py took 0.026 seconds
Started process (PID=48195) to work on /opt/airflow/dags/helper/helper.py
Processing file /opt/airflow/dags/helper/helper.py for tasks to queue
Filling up the DagBag from /opt/airflow/dags/helper/helper.py
Failed to import: /opt/airflow/dags/helper/helper.py
Traceback (most recent call last):
  File "/home/airflow/.local/lib/python3.12/site-packages/airflow/models/dagbag.py", line 351, in parse
    loader.exec_module(new_module)
  File "<frozen importlib._bootstrap_external>", line 991, in exec_module
  File "<frozen importlib._bootstrap_external>", line 1129, in get_code
  File "<frozen importlib._bootstrap_external>", line 1059, in source_to_code
  File "<frozen importlib._bootstrap>", line 488, in _call_with_frames_removed
  File "/opt/airflow/dags/helper/helper.py", line 45
    continue
    ^^^^^^^^
SyntaxError: 'continue' not properly in loop
No viable dags retrieved from /opt/airflow/dags/helper/helper.py
Processing /opt/airflow/dags/helper/helper.py took 0.033 seconds
Started process (PID=48278) to work on /opt/airflow/dags/helper/helper.py
Processing file /opt/airflow/dags/helper/helper.py for tasks to queue
Filling up the DagBag from /opt/airflow/dags/helper/helper.py
Failed to import: /opt/airflow/dags/helper/helper.py
Traceback (most recent call last):
  File "/home/airflow/.local/lib/python3.12/site-packages/airflow/models/dagbag.py", line 351, in parse
    loader.exec_module(new_module)
  File "<frozen importlib._bootstrap_external>", line 991, in exec_module
  File "<frozen importlib._bootstrap_external>", line 1129, in get_code
  File "<frozen importlib._bootstrap_external>", line 1059, in source_to_code
  File "<frozen importlib._bootstrap>", line 488, in _call_with_frames_removed
  File "/opt/airflow/dags/helper/helper.py", line 45
    continue
    ^^^^^^^^
SyntaxError: 'continue' not properly in loop
No viable dags retrieved from /opt/airflow/dags/helper/helper.py
Processing /opt/airflow/dags/helper/helper.py took 0.030 seconds
Started process (PID=48354) to work on /opt/airflow/dags/helper/helper.py
Processing file /opt/airflow/dags/helper/helper.py for tasks to queue
Filling up the DagBag from /opt/airflow/dags/helper/helper.py
Failed to import: /opt/airflow/dags/helper/helper.py
Traceback (most recent call last):
  File "/home/airflow/.local/lib/python3.12/site-packages/airflow/models/dagbag.py", line 351, in parse
    loader.exec_module(new_module)
  File "<frozen importlib._bootstrap_external>", line 991, in exec_module
  File "<frozen importlib._bootstrap_external>", line 1129, in get_code
  File "<frozen importlib._bootstrap_external>", line 1059, in source_to_code
  File "<frozen importlib._bootstrap>", line 488, in _call_with_frames_removed
  File "/opt/airflow/dags/helper/helper.py", line 45
    continue
    ^^^^^^^^
SyntaxError: 'continue' not properly in loop
No viable dags retrieved from /opt/airflow/dags/helper/helper.py
Processing /opt/airflow/dags/helper/helper.py took 0.032 seconds
Started process (PID=48437) to work on /opt/airflow/dags/helper/helper.py
Processing file /opt/airflow/dags/helper/helper.py for tasks to queue
Filling up the DagBag from /opt/airflow/dags/helper/helper.py
Failed to import: /opt/airflow/dags/helper/helper.py
Traceback (most recent call last):
  File "/home/airflow/.local/lib/python3.12/site-packages/airflow/models/dagbag.py", line 351, in parse
    loader.exec_module(new_module)
  File "<frozen importlib._bootstrap_external>", line 991, in exec_module
  File "<frozen importlib._bootstrap_external>", line 1129, in get_code
  File "<frozen importlib._bootstrap_external>", line 1059, in source_to_code
  File "<frozen importlib._bootstrap>", line 488, in _call_with_frames_removed
  File "/opt/airflow/dags/helper/helper.py", line 45
    continue
    ^^^^^^^^
SyntaxError: 'continue' not properly in loop
No viable dags retrieved from /opt/airflow/dags/helper/helper.py
Processing /opt/airflow/dags/helper/helper.py took 0.032 seconds
Started process (PID=48513) to work on /opt/airflow/dags/helper/helper.py
Processing file /opt/airflow/dags/helper/helper.py for tasks to queue
Filling up the DagBag from /opt/airflow/dags/helper/helper.py
Failed to import: /opt/airflow/dags/helper/helper.py
Traceback (most recent call last):
  File "/home/airflow/.local/lib/python3.12/site-packages/airflow/models/dagbag.py", line 351, in parse
    loader.exec_module(new_module)
  File "<frozen importlib._bootstrap_external>", line 991, in exec_module
  File "<frozen importlib._bootstrap_external>", line 1129, in get_code
  File "<frozen importlib._bootstrap_external>", line 1059, in source_to_code
  File "<frozen importlib._bootstrap>", line 488, in _call_with_frames_removed
  File "/opt/airflow/dags/helper/helper.py", line 45
    continue
    ^^^^^^^^
SyntaxError: 'continue' not properly in loop
No viable dags retrieved from /opt/airflow/dags/helper/helper.py
Processing /opt/airflow/dags/helper/helper.py took 0.032 seconds
Started process (PID=48596) to work on /opt/airflow/dags/helper/helper.py
Processing file /opt/airflow/dags/helper/helper.py for tasks to queue
Filling up the DagBag from /opt/airflow/dags/helper/helper.py
Failed to import: /opt/airflow/dags/helper/helper.py
Traceback (most recent call last):
  File "/home/airflow/.local/lib/python3.12/site-packages/airflow/models/dagbag.py", line 351, in parse
    loader.exec_module(new_module)
  File "<frozen importlib._bootstrap_external>", line 991, in exec_module
  File "<frozen importlib._bootstrap_external>", line 1129, in get_code
  File "<frozen importlib._bootstrap_external>", line 1059, in source_to_code
  File "<frozen importlib._bootstrap>", line 488, in _call_with_frames_removed
  File "/opt/airflow/dags/helper/helper.py", line 45
    continue
    ^^^^^^^^
SyntaxError: 'continue' not properly in loop
No viable dags retrieved from /opt/airflow/dags/helper/helper.py
Processing /opt/airflow/dags/helper/helper.py took 0.039 seconds
Started process (PID=48672) to work on /opt/airflow/dags/helper/helper.py
Processing file /opt/airflow/dags/helper/helper.py for tasks to queue
Filling up the DagBag from /opt/airflow/dags/helper/helper.py
Failed to import: /opt/airflow/dags/helper/helper.py
Traceback (most recent call last):
  File "/home/airflow/.local/lib/python3.12/site-packages/airflow/models/dagbag.py", line 351, in parse
    loader.exec_module(new_module)
  File "<frozen importlib._bootstrap_external>", line 991, in exec_module
  File "<frozen importlib._bootstrap_external>", line 1129, in get_code
  File "<frozen importlib._bootstrap_external>", line 1059, in source_to_code
  File "<frozen importlib._bootstrap>", line 488, in _call_with_frames_removed
  File "/opt/airflow/dags/helper/helper.py", line 45
    continue
    ^^^^^^^^
SyntaxError: 'continue' not properly in loop
No viable dags retrieved from /opt/airflow/dags/helper/helper.py
Processing /opt/airflow/dags/helper/helper.py took 0.031 seconds
Started process (PID=48755) to work on /opt/airflow/dags/helper/helper.py
Processing file /opt/airflow/dags/helper/helper.py for tasks to queue
Filling up the DagBag from /opt/airflow/dags/helper/helper.py
Failed to import: /opt/airflow/dags/helper/helper.py
Traceback (most recent call last):
  File "/home/airflow/.local/lib/python3.12/site-packages/airflow/models/dagbag.py", line 351, in parse
    loader.exec_module(new_module)
  File "<frozen importlib._bootstrap_external>", line 991, in exec_module
  File "<frozen importlib._bootstrap_external>", line 1129, in get_code
  File "<frozen importlib._bootstrap_external>", line 1059, in source_to_code
  File "<frozen importlib._bootstrap>", line 488, in _call_with_frames_removed
  File "/opt/airflow/dags/helper/helper.py", line 45
    continue
    ^^^^^^^^
SyntaxError: 'continue' not properly in loop
No viable dags retrieved from /opt/airflow/dags/helper/helper.py
Processing /opt/airflow/dags/helper/helper.py took 0.033 seconds
Started process (PID=48831) to work on /opt/airflow/dags/helper/helper.py
Processing file /opt/airflow/dags/helper/helper.py for tasks to queue
Filling up the DagBag from /opt/airflow/dags/helper/helper.py
Failed to import: /opt/airflow/dags/helper/helper.py
Traceback (most recent call last):
  File "/home/airflow/.local/lib/python3.12/site-packages/airflow/models/dagbag.py", line 351, in parse
    loader.exec_module(new_module)
  File "<frozen importlib._bootstrap_external>", line 991, in exec_module
  File "<frozen importlib._bootstrap_external>", line 1129, in get_code
  File "<frozen importlib._bootstrap_external>", line 1059, in source_to_code
  File "<frozen importlib._bootstrap>", line 488, in _call_with_frames_removed
  File "/opt/airflow/dags/helper/helper.py", line 45
    continue
    ^^^^^^^^
SyntaxError: 'continue' not properly in loop
No viable dags retrieved from /opt/airflow/dags/helper/helper.py
Processing /opt/airflow/dags/helper/helper.py took 0.032 seconds
Started process (PID=48915) to work on /opt/airflow/dags/helper/helper.py
Processing file /opt/airflow/dags/helper/helper.py for tasks to queue
Filling up the DagBag from /opt/airflow/dags/helper/helper.py
Failed to import: /opt/airflow/dags/helper/helper.py
Traceback (most recent call last):
  File "/home/airflow/.local/lib/python3.12/site-packages/airflow/models/dagbag.py", line 351, in parse
    loader.exec_module(new_module)
  File "<frozen importlib._bootstrap_external>", line 991, in exec_module
  File "<frozen importlib._bootstrap_external>", line 1129, in get_code
  File "<frozen importlib._bootstrap_external>", line 1059, in source_to_code
  File "<frozen importlib._bootstrap>", line 488, in _call_with_frames_removed
  File "/opt/airflow/dags/helper/helper.py", line 45
    continue
    ^^^^^^^^
SyntaxError: 'continue' not properly in loop
No viable dags retrieved from /opt/airflow/dags/helper/helper.py
Processing /opt/airflow/dags/helper/helper.py took 0.034 seconds
Started process (PID=48991) to work on /opt/airflow/dags/helper/helper.py
Processing file /opt/airflow/dags/helper/helper.py for tasks to queue
Filling up the DagBag from /opt/airflow/dags/helper/helper.py
Failed to import: /opt/airflow/dags/helper/helper.py
Traceback (most recent call last):
  File "/home/airflow/.local/lib/python3.12/site-packages/airflow/models/dagbag.py", line 351, in parse
    loader.exec_module(new_module)
  File "<frozen importlib._bootstrap_external>", line 991, in exec_module
  File "<frozen importlib._bootstrap_external>", line 1129, in get_code
  File "<frozen importlib._bootstrap_external>", line 1059, in source_to_code
  File "<frozen importlib._bootstrap>", line 488, in _call_with_frames_removed
  File "/opt/airflow/dags/helper/helper.py", line 45
    continue
    ^^^^^^^^
SyntaxError: 'continue' not properly in loop
No viable dags retrieved from /opt/airflow/dags/helper/helper.py
Processing /opt/airflow/dags/helper/helper.py took 0.030 seconds
Started process (PID=49074) to work on /opt/airflow/dags/helper/helper.py
Processing file /opt/airflow/dags/helper/helper.py for tasks to queue
Filling up the DagBag from /opt/airflow/dags/helper/helper.py
Failed to import: /opt/airflow/dags/helper/helper.py
Traceback (most recent call last):
  File "/home/airflow/.local/lib/python3.12/site-packages/airflow/models/dagbag.py", line 351, in parse
    loader.exec_module(new_module)
  File "<frozen importlib._bootstrap_external>", line 991, in exec_module
  File "<frozen importlib._bootstrap_external>", line 1129, in get_code
  File "<frozen importlib._bootstrap_external>", line 1059, in source_to_code
  File "<frozen importlib._bootstrap>", line 488, in _call_with_frames_removed
  File "/opt/airflow/dags/helper/helper.py", line 45
    continue
    ^^^^^^^^
SyntaxError: 'continue' not properly in loop
No viable dags retrieved from /opt/airflow/dags/helper/helper.py
Processing /opt/airflow/dags/helper/helper.py took 0.037 seconds
Started process (PID=49150) to work on /opt/airflow/dags/helper/helper.py
Processing file /opt/airflow/dags/helper/helper.py for tasks to queue
Filling up the DagBag from /opt/airflow/dags/helper/helper.py
Failed to import: /opt/airflow/dags/helper/helper.py
Traceback (most recent call last):
  File "/home/airflow/.local/lib/python3.12/site-packages/airflow/models/dagbag.py", line 351, in parse
    loader.exec_module(new_module)
  File "<frozen importlib._bootstrap_external>", line 991, in exec_module
  File "<frozen importlib._bootstrap_external>", line 1129, in get_code
  File "<frozen importlib._bootstrap_external>", line 1059, in source_to_code
  File "<frozen importlib._bootstrap>", line 488, in _call_with_frames_removed
  File "/opt/airflow/dags/helper/helper.py", line 45
    continue
    ^^^^^^^^
SyntaxError: 'continue' not properly in loop
No viable dags retrieved from /opt/airflow/dags/helper/helper.py
Processing /opt/airflow/dags/helper/helper.py took 0.032 seconds
Started process (PID=49234) to work on /opt/airflow/dags/helper/helper.py
Processing file /opt/airflow/dags/helper/helper.py for tasks to queue
Filling up the DagBag from /opt/airflow/dags/helper/helper.py
Failed to import: /opt/airflow/dags/helper/helper.py
Traceback (most recent call last):
  File "/home/airflow/.local/lib/python3.12/site-packages/airflow/models/dagbag.py", line 351, in parse
    loader.exec_module(new_module)
  File "<frozen importlib._bootstrap_external>", line 991, in exec_module
  File "<frozen importlib._bootstrap_external>", line 1129, in get_code
  File "<frozen importlib._bootstrap_external>", line 1059, in source_to_code
  File "<frozen importlib._bootstrap>", line 488, in _call_with_frames_removed
  File "/opt/airflow/dags/helper/helper.py", line 45
    continue
    ^^^^^^^^
SyntaxError: 'continue' not properly in loop
No viable dags retrieved from /opt/airflow/dags/helper/helper.py
Processing /opt/airflow/dags/helper/helper.py took 0.047 seconds
Started process (PID=49310) to work on /opt/airflow/dags/helper/helper.py
Processing file /opt/airflow/dags/helper/helper.py for tasks to queue
Filling up the DagBag from /opt/airflow/dags/helper/helper.py
Failed to import: /opt/airflow/dags/helper/helper.py
Traceback (most recent call last):
  File "/home/airflow/.local/lib/python3.12/site-packages/airflow/models/dagbag.py", line 351, in parse
    loader.exec_module(new_module)
  File "<frozen importlib._bootstrap_external>", line 991, in exec_module
  File "<frozen importlib._bootstrap_external>", line 1129, in get_code
  File "<frozen importlib._bootstrap_external>", line 1059, in source_to_code
  File "<frozen importlib._bootstrap>", line 488, in _call_with_frames_removed
  File "/opt/airflow/dags/helper/helper.py", line 45
    continue
    ^^^^^^^^
SyntaxError: 'continue' not properly in loop
No viable dags retrieved from /opt/airflow/dags/helper/helper.py
Processing /opt/airflow/dags/helper/helper.py took 0.036 seconds
Started process (PID=49393) to work on /opt/airflow/dags/helper/helper.py
Processing file /opt/airflow/dags/helper/helper.py for tasks to queue
Filling up the DagBag from /opt/airflow/dags/helper/helper.py
Failed to import: /opt/airflow/dags/helper/helper.py
Traceback (most recent call last):
  File "/home/airflow/.local/lib/python3.12/site-packages/airflow/models/dagbag.py", line 351, in parse
    loader.exec_module(new_module)
  File "<frozen importlib._bootstrap_external>", line 991, in exec_module
  File "<frozen importlib._bootstrap_external>", line 1129, in get_code
  File "<frozen importlib._bootstrap_external>", line 1059, in source_to_code
  File "<frozen importlib._bootstrap>", line 488, in _call_with_frames_removed
  File "/opt/airflow/dags/helper/helper.py", line 45
    continue
    ^^^^^^^^
SyntaxError: 'continue' not properly in loop
No viable dags retrieved from /opt/airflow/dags/helper/helper.py
Processing /opt/airflow/dags/helper/helper.py took 0.039 seconds
Started process (PID=49458) to work on /opt/airflow/dags/helper/helper.py
Processing file /opt/airflow/dags/helper/helper.py for tasks to queue
Filling up the DagBag from /opt/airflow/dags/helper/helper.py
No viable dags retrieved from /opt/airflow/dags/helper/helper.py
Processing /opt/airflow/dags/helper/helper.py took 0.036 seconds
Started process (PID=49534) to work on /opt/airflow/dags/helper/helper.py
Processing file /opt/airflow/dags/helper/helper.py for tasks to queue
Filling up the DagBag from /opt/airflow/dags/helper/helper.py
No viable dags retrieved from /opt/airflow/dags/helper/helper.py
Processing /opt/airflow/dags/helper/helper.py took 0.029 seconds
Started process (PID=49617) to work on /opt/airflow/dags/helper/helper.py
Processing file /opt/airflow/dags/helper/helper.py for tasks to queue
Filling up the DagBag from /opt/airflow/dags/helper/helper.py
No viable dags retrieved from /opt/airflow/dags/helper/helper.py
Processing /opt/airflow/dags/helper/helper.py took 0.030 seconds
Started process (PID=49693) to work on /opt/airflow/dags/helper/helper.py
Processing file /opt/airflow/dags/helper/helper.py for tasks to queue
Filling up the DagBag from /opt/airflow/dags/helper/helper.py
No viable dags retrieved from /opt/airflow/dags/helper/helper.py
Processing /opt/airflow/dags/helper/helper.py took 0.026 seconds
Started process (PID=49776) to work on /opt/airflow/dags/helper/helper.py
Processing file /opt/airflow/dags/helper/helper.py for tasks to queue
Filling up the DagBag from /opt/airflow/dags/helper/helper.py
No viable dags retrieved from /opt/airflow/dags/helper/helper.py
Processing /opt/airflow/dags/helper/helper.py took 0.028 seconds
Started process (PID=49852) to work on /opt/airflow/dags/helper/helper.py
Processing file /opt/airflow/dags/helper/helper.py for tasks to queue
Filling up the DagBag from /opt/airflow/dags/helper/helper.py
No viable dags retrieved from /opt/airflow/dags/helper/helper.py
Processing /opt/airflow/dags/helper/helper.py took 0.030 seconds
Started process (PID=49928) to work on /opt/airflow/dags/helper/helper.py
Processing file /opt/airflow/dags/helper/helper.py for tasks to queue
Filling up the DagBag from /opt/airflow/dags/helper/helper.py
No viable dags retrieved from /opt/airflow/dags/helper/helper.py
Processing /opt/airflow/dags/helper/helper.py took 0.026 seconds
Started process (PID=50012) to work on /opt/airflow/dags/helper/helper.py
Processing file /opt/airflow/dags/helper/helper.py for tasks to queue
Filling up the DagBag from /opt/airflow/dags/helper/helper.py
No viable dags retrieved from /opt/airflow/dags/helper/helper.py
Processing /opt/airflow/dags/helper/helper.py took 0.034 seconds
Started process (PID=50073) to work on /opt/airflow/dags/helper/helper.py
Processing file /opt/airflow/dags/helper/helper.py for tasks to queue
Filling up the DagBag from /opt/airflow/dags/helper/helper.py
No viable dags retrieved from /opt/airflow/dags/helper/helper.py
Processing /opt/airflow/dags/helper/helper.py took 0.030 seconds
Started process (PID=50151) to work on /opt/airflow/dags/helper/helper.py
Processing file /opt/airflow/dags/helper/helper.py for tasks to queue
Filling up the DagBag from /opt/airflow/dags/helper/helper.py
No viable dags retrieved from /opt/airflow/dags/helper/helper.py
Processing /opt/airflow/dags/helper/helper.py took 0.038 seconds
Started process (PID=50224) to work on /opt/airflow/dags/helper/helper.py
Processing file /opt/airflow/dags/helper/helper.py for tasks to queue
Filling up the DagBag from /opt/airflow/dags/helper/helper.py
No viable dags retrieved from /opt/airflow/dags/helper/helper.py
Processing /opt/airflow/dags/helper/helper.py took 0.030 seconds
Started process (PID=50307) to work on /opt/airflow/dags/helper/helper.py
Processing file /opt/airflow/dags/helper/helper.py for tasks to queue
Filling up the DagBag from /opt/airflow/dags/helper/helper.py
No viable dags retrieved from /opt/airflow/dags/helper/helper.py
Processing /opt/airflow/dags/helper/helper.py took 0.034 seconds
Started process (PID=50374) to work on /opt/airflow/dags/helper/helper.py
Processing file /opt/airflow/dags/helper/helper.py for tasks to queue
Filling up the DagBag from /opt/airflow/dags/helper/helper.py
No viable dags retrieved from /opt/airflow/dags/helper/helper.py
Processing /opt/airflow/dags/helper/helper.py took 0.029 seconds
Started process (PID=50457) to work on /opt/airflow/dags/helper/helper.py
Processing file /opt/airflow/dags/helper/helper.py for tasks to queue
Filling up the DagBag from /opt/airflow/dags/helper/helper.py
No viable dags retrieved from /opt/airflow/dags/helper/helper.py
Processing /opt/airflow/dags/helper/helper.py took 0.030 seconds
Started process (PID=50532) to work on /opt/airflow/dags/helper/helper.py
Processing file /opt/airflow/dags/helper/helper.py for tasks to queue
Filling up the DagBag from /opt/airflow/dags/helper/helper.py
No viable dags retrieved from /opt/airflow/dags/helper/helper.py
Processing /opt/airflow/dags/helper/helper.py took 0.029 seconds
Started process (PID=50603) to work on /opt/airflow/dags/helper/helper.py
Processing file /opt/airflow/dags/helper/helper.py for tasks to queue
Filling up the DagBag from /opt/airflow/dags/helper/helper.py
No viable dags retrieved from /opt/airflow/dags/helper/helper.py
Processing /opt/airflow/dags/helper/helper.py took 0.030 seconds
Started process (PID=50647) to work on /opt/airflow/dags/helper/helper.py
Processing file /opt/airflow/dags/helper/helper.py for tasks to queue
Filling up the DagBag from /opt/airflow/dags/helper/helper.py
File /opt/airflow/dags/helper/helper.py assumed to contain no DAGs. Skipping.
No viable dags retrieved from /opt/airflow/dags/helper/helper.py
Processing /opt/airflow/dags/helper/helper.py took 0.028 seconds
Started process (PID=50731) to work on /opt/airflow/dags/helper/helper.py
Processing file /opt/airflow/dags/helper/helper.py for tasks to queue
Filling up the DagBag from /opt/airflow/dags/helper/helper.py
File /opt/airflow/dags/helper/helper.py assumed to contain no DAGs. Skipping.
No viable dags retrieved from /opt/airflow/dags/helper/helper.py
Processing /opt/airflow/dags/helper/helper.py took 0.022 seconds
Started process (PID=50805) to work on /opt/airflow/dags/helper/helper.py
Processing file /opt/airflow/dags/helper/helper.py for tasks to queue
Filling up the DagBag from /opt/airflow/dags/helper/helper.py
File /opt/airflow/dags/helper/helper.py assumed to contain no DAGs. Skipping.
No viable dags retrieved from /opt/airflow/dags/helper/helper.py
Processing /opt/airflow/dags/helper/helper.py took 0.021 seconds
Started process (PID=50881) to work on /opt/airflow/dags/helper/helper.py
Processing file /opt/airflow/dags/helper/helper.py for tasks to queue
Filling up the DagBag from /opt/airflow/dags/helper/helper.py
File /opt/airflow/dags/helper/helper.py assumed to contain no DAGs. Skipping.
No viable dags retrieved from /opt/airflow/dags/helper/helper.py
Processing /opt/airflow/dags/helper/helper.py took 0.023 seconds
Started process (PID=50912) to work on /opt/airflow/dags/helper/helper.py
Processing file /opt/airflow/dags/helper/helper.py for tasks to queue
Filling up the DagBag from /opt/airflow/dags/helper/helper.py
File /opt/airflow/dags/helper/helper.py assumed to contain no DAGs. Skipping.
No viable dags retrieved from /opt/airflow/dags/helper/helper.py
Processing /opt/airflow/dags/helper/helper.py took 0.020 seconds
Started process (PID=50983) to work on /opt/airflow/dags/helper/helper.py
Processing file /opt/airflow/dags/helper/helper.py for tasks to queue
Filling up the DagBag from /opt/airflow/dags/helper/helper.py
File /opt/airflow/dags/helper/helper.py assumed to contain no DAGs. Skipping.
No viable dags retrieved from /opt/airflow/dags/helper/helper.py
Processing /opt/airflow/dags/helper/helper.py took 0.022 seconds
Started process (PID=51068) to work on /opt/airflow/dags/helper/helper.py
Processing file /opt/airflow/dags/helper/helper.py for tasks to queue
Filling up the DagBag from /opt/airflow/dags/helper/helper.py
File /opt/airflow/dags/helper/helper.py assumed to contain no DAGs. Skipping.
No viable dags retrieved from /opt/airflow/dags/helper/helper.py
Processing /opt/airflow/dags/helper/helper.py took 0.026 seconds
