::group::Pre task execution logs
Dependencies all met for dep_context=non-requeueable deps ti=<TaskInstance: upload_new_main_db_data.process_main_db_record.trigger_reference_data_check manual__2026-03-03T08:30:34.551661+00:00 map_index=0 [queued]>
Dependencies all met for dep_context=requeueable deps ti=<TaskInstance: upload_new_main_db_data.process_main_db_record.trigger_reference_data_check manual__2026-03-03T08:30:34.551661+00:00 map_index=0 [queued]>
Starting attempt 1 of 1
Executing <Task(TriggerDagRunOperator): process_main_db_record.trigger_reference_data_check> on 2026-03-03 08:30:34.551661+00:00
/home/***/.local/lib/python3.12/site-packages/***/task/task_runner/standard_task_runner.py:62: DeprecationWarning: This process (pid=60990) is multi-threaded, use of fork() may lead to deadlocks in the child.
  pid = os.fork()

Started process 60999 to run task
Running: ['***', 'tasks', 'run', 'upload_new_main_db_data', 'process_main_db_record.trigger_reference_data_check', 'manual__2026-03-03T08:30:34.551661+00:00', '--job-id', '1023', '--raw', '--subdir', 'DAGS_FOLDER/upload_new_maindb_data_dag.py', '--cfg-path', '/tmp/tmpa2raifv1', '--map-index', '0']
Job 1023: Subtask process_main_db_record.trigger_reference_data_check
Running <TaskInstance: upload_new_main_db_data.process_main_db_record.trigger_reference_data_check manual__2026-03-03T08:30:34.551661+00:00 map_index=0 [running]> on host ff5784e9d160
Exporting env vars: AIRFLOW_CTX_DAG_OWNER='***' AIRFLOW_CTX_DAG_ID='upload_new_main_db_data' AIRFLOW_CTX_TASK_ID='process_main_db_record.trigger_reference_data_check' AIRFLOW_CTX_EXECUTION_DATE='2026-03-03T08:30:34.551661+00:00' AIRFLOW_CTX_TRY_NUMBER='1' AIRFLOW_CTX_DAG_RUN_ID='manual__2026-03-03T08:30:34.551661+00:00'
::endgroup::
Waiting for check_main_db_reference_data_dag on 2026-03-03 08:30:40.744397+00:00 to become allowed state ['success'] ...
Waiting for check_main_db_reference_data_dag on 2026-03-03 08:30:40.744397+00:00 to become allowed state ['success'] ...
Waiting for check_main_db_reference_data_dag on 2026-03-03 08:30:40.744397+00:00 to become allowed state ['success'] ...
Waiting for check_main_db_reference_data_dag on 2026-03-03 08:30:40.744397+00:00 to become allowed state ['success'] ...
Waiting for check_main_db_reference_data_dag on 2026-03-03 08:30:40.744397+00:00 to become allowed state ['success'] ...
Waiting for check_main_db_reference_data_dag on 2026-03-03 08:30:40.744397+00:00 to become allowed state ['success'] ...
Waiting for check_main_db_reference_data_dag on 2026-03-03 08:30:40.744397+00:00 to become allowed state ['success'] ...
Waiting for check_main_db_reference_data_dag on 2026-03-03 08:30:40.744397+00:00 to become allowed state ['success'] ...
Waiting for check_main_db_reference_data_dag on 2026-03-03 08:30:40.744397+00:00 to become allowed state ['success'] ...
check_main_db_reference_data_dag finished with allowed state success
::group::Post task execution logs
Marking task as SUCCESS. dag_id=upload_new_main_db_data, task_id=process_main_db_record.trigger_reference_data_check, run_id=manual__2026-03-03T08:30:34.551661+00:00, map_index=0, execution_date=20260303T083034, start_date=20260303T083040, end_date=20260303T083210
Task exited with return code 0
1 downstream tasks scheduled from follow-on schedule check
::endgroup::
