::group::Pre task execution logs
Dependencies all met for dep_context=non-requeueable deps ti=<TaskInstance: upload_main_db_reference_data_dag.get_hdfs_path_from_conf manual__2026-02-10T09:53:49.240456+00:00 [queued]>
Dependencies all met for dep_context=requeueable deps ti=<TaskInstance: upload_main_db_reference_data_dag.get_hdfs_path_from_conf manual__2026-02-10T09:53:49.240456+00:00 [queued]>
Starting attempt 1 of 1
Executing <Task(_PythonDecoratedOperator): get_hdfs_path_from_conf> on 2026-02-10 09:53:49.240456+00:00
/home/***/.local/lib/python3.12/site-packages/***/task/task_runner/standard_task_runner.py:62: DeprecationWarning: This process (pid=47296) is multi-threaded, use of fork() may lead to deadlocks in the child.
  pid = os.fork()

Started process 47298 to run task
Running: ['***', 'tasks', 'run', 'upload_main_db_reference_data_dag', 'get_hdfs_path_from_conf', 'manual__2026-02-10T09:53:49.240456+00:00', '--job-id', '132', '--raw', '--subdir', 'DAGS_FOLDER/upload_main_db_reference_data_dag.py', '--cfg-path', '/tmp/tmpnkegp3d7']
Job 132: Subtask get_hdfs_path_from_conf
Running <TaskInstance: upload_main_db_reference_data_dag.get_hdfs_path_from_conf manual__2026-02-10T09:53:49.240456+00:00 [running]> on host 752fea1deb88
Exporting env vars: AIRFLOW_CTX_DAG_OWNER='***' AIRFLOW_CTX_DAG_ID='upload_main_db_reference_data_dag' AIRFLOW_CTX_TASK_ID='get_hdfs_path_from_conf' AIRFLOW_CTX_EXECUTION_DATE='2026-02-10T09:53:49.240456+00:00' AIRFLOW_CTX_TRY_NUMBER='1' AIRFLOW_CTX_DAG_RUN_ID='manual__2026-02-10T09:53:49.240456+00:00'
::endgroup::
::group::Post task execution logs
Task failed with exception
Traceback (most recent call last):
  File "/home/airflow/.local/lib/python3.12/site-packages/airflow/models/taskinstance.py", line 465, in _execute_task
    result = _execute_callable(context=context, **execute_callable_kwargs)
             ^^^^^^^^^^^^^^^^^^^^^^^^^^^^^^^^^^^^^^^^^^^^^^^^^^^^^^^^^^^^^
  File "/home/airflow/.local/lib/python3.12/site-packages/airflow/models/taskinstance.py", line 432, in _execute_callable
    return execute_callable(context=context, **execute_callable_kwargs)
           ^^^^^^^^^^^^^^^^^^^^^^^^^^^^^^^^^^^^^^^^^^^^^^^^^^^^^^^^^^^^
  File "/home/airflow/.local/lib/python3.12/site-packages/airflow/models/baseoperator.py", line 401, in wrapper
    return func(self, *args, **kwargs)
           ^^^^^^^^^^^^^^^^^^^^^^^^^^^
  File "/home/airflow/.local/lib/python3.12/site-packages/airflow/decorators/base.py", line 265, in execute
    return_value = super().execute(context)
                   ^^^^^^^^^^^^^^^^^^^^^^^^
  File "/home/airflow/.local/lib/python3.12/site-packages/airflow/models/baseoperator.py", line 401, in wrapper
    return func(self, *args, **kwargs)
           ^^^^^^^^^^^^^^^^^^^^^^^^^^^
  File "/home/airflow/.local/lib/python3.12/site-packages/airflow/operators/python.py", line 235, in execute
    return_value = self.execute_callable()
                   ^^^^^^^^^^^^^^^^^^^^^^^
  File "/home/airflow/.local/lib/python3.12/site-packages/airflow/operators/python.py", line 252, in execute_callable
    return self.python_callable(*self.op_args, **self.op_kwargs)
           ^^^^^^^^^^^^^^^^^^^^^^^^^^^^^^^^^^^^^^^^^^^^^^^^^^^^^
  File "/opt/airflow/dags/upload_main_db_reference_data_dag.py", line 87, in get_hdfs_path_from_conf
    raise AirflowException(
airflow.exceptions.AirflowException: Не указан путь к файлу SQLite в HDFS. Передайте параметр 'hdfs_path' при запуске DAG:
  *** dags trigger read_sqlite_file --conf '{"hdfs_path": "/user/hadoop/data/app.db"}'
Marking task as FAILED. dag_id=upload_main_db_reference_data_dag, task_id=get_hdfs_path_from_conf, run_id=manual__2026-02-10T09:53:49.240456+00:00, execution_date=20260210T095349, start_date=20260210T095350, end_date=20260210T095350
Failed to execute job 132 for task get_hdfs_path_from_conf (Не указан путь к файлу SQLite в HDFS. Передайте параметр 'hdfs_path' при запуске DAG:
  *** dags trigger read_sqlite_file --conf '{"hdfs_path": "/user/hadoop/data/app.db"}'; 47298)
Task exited with return code 1
0 downstream tasks scheduled from follow-on schedule check
::endgroup::
