::group::Pre task execution logs
Dependencies all met for dep_context=non-requeueable deps ti=<TaskInstance: get_new_maindb_data_list_from_data_catalogue.trigger_process_new_main_db_data manual__2026-03-06T06:47:13.364878+00:00 [queued]>
Dependencies all met for dep_context=requeueable deps ti=<TaskInstance: get_new_maindb_data_list_from_data_catalogue.trigger_process_new_main_db_data manual__2026-03-06T06:47:13.364878+00:00 [queued]>
Starting attempt 1 of 2
Executing <Task(TriggerDagRunOperator): trigger_process_new_main_db_data> on 2026-03-06 06:47:13.364878+00:00
/home/***/.local/lib/python3.12/site-packages/***/task/task_runner/standard_task_runner.py:62: DeprecationWarning: This process (pid=177) is multi-threaded, use of fork() may lead to deadlocks in the child.
  pid = os.fork()

Started process 179 to run task
Running: ['***', 'tasks', 'run', 'get_new_maindb_data_list_from_data_catalogue', 'trigger_process_new_main_db_data', 'manual__2026-03-06T06:47:13.364878+00:00', '--job-id', '1584', '--raw', '--subdir', 'DAGS_FOLDER/get_new_maindb_data_list.py', '--cfg-path', '/tmp/tmp48te5d8c']
Job 1584: Subtask trigger_process_new_main_db_data
Running <TaskInstance: get_new_maindb_data_list_from_data_catalogue.trigger_process_new_main_db_data manual__2026-03-06T06:47:13.364878+00:00 [running]> on host f8ce57da4327
Exporting env vars: AIRFLOW_CTX_DAG_OWNER='***' AIRFLOW_CTX_DAG_ID='get_new_maindb_data_list_from_data_catalogue' AIRFLOW_CTX_TASK_ID='trigger_process_new_main_db_data' AIRFLOW_CTX_EXECUTION_DATE='2026-03-06T06:47:13.364878+00:00' AIRFLOW_CTX_TRY_NUMBER='1' AIRFLOW_CTX_DAG_RUN_ID='manual__2026-03-06T06:47:13.364878+00:00'
::endgroup::
/home/***/.local/lib/python3.12/site-packages/azure/synapse/artifacts/models/_models_py3.py:175: SyntaxWarning: invalid escape sequence '\d'
  """Execution policy for an activity.

/home/***/.local/lib/python3.12/site-packages/azure/synapse/artifacts/models/_models_py3.py:222: SyntaxWarning: invalid escape sequence '\d'
  """

/home/***/.local/lib/python3.12/site-packages/azure/synapse/artifacts/models/_models_py3.py:1151: SyntaxWarning: invalid escape sequence '\d'
  """A copy activity source.

/home/***/.local/lib/python3.12/site-packages/azure/synapse/artifacts/models/_models_py3.py:1248: SyntaxWarning: invalid escape sequence '\d'
  """

/home/***/.local/lib/python3.12/site-packages/azure/synapse/artifacts/models/_models_py3.py:1271: SyntaxWarning: invalid escape sequence '\d'
  """Copy activity sources of tabular type.

/home/***/.local/lib/python3.12/site-packages/azure/synapse/artifacts/models/_models_py3.py:1406: SyntaxWarning: invalid escape sequence '\d'
  """

/home/***/.local/lib/python3.12/site-packages/azure/synapse/artifacts/models/_models_py3.py:1439: SyntaxWarning: invalid escape sequence '\d'
  """A copy activity Amazon Marketplace Web Service source.

/home/***/.local/lib/python3.12/site-packages/azure/synapse/artifacts/models/_models_py3.py:1495: SyntaxWarning: invalid escape sequence '\d'
  """

/home/***/.local/lib/python3.12/site-packages/azure/synapse/artifacts/models/_models_py3.py:1683: SyntaxWarning: invalid escape sequence '\d'
  """A copy activity AmazonRdsForOracle source.

/home/***/.local/lib/python3.12/site-packages/azure/synapse/artifacts/models/_models_py3.py:1750: SyntaxWarning: invalid escape sequence '\d'
  """

/home/***/.local/lib/python3.12/site-packages/azure/synapse/artifacts/models/_models_py3.py:2025: SyntaxWarning: invalid escape sequence '\d'
  """A copy activity Amazon RDS for SQL Server source.

/home/***/.local/lib/python3.12/site-packages/azure/synapse/artifacts/models/_models_py3.py:2110: SyntaxWarning: invalid escape sequence '\d'
  """

/home/***/.local/lib/python3.12/site-packages/azure/synapse/artifacts/models/_models_py3.py:2407: SyntaxWarning: invalid escape sequence '\d'
  """A copy activity source for Amazon Redshift Source.

/home/***/.local/lib/python3.12/site-packages/azure/synapse/artifacts/models/_models_py3.py:2468: SyntaxWarning: invalid escape sequence '\d'
  """

/home/***/.local/lib/python3.12/site-packages/azure/synapse/artifacts/models/_models_py3.py:3987: SyntaxWarning: invalid escape sequence '\d'
  """A copy activity sink.

/home/***/.local/lib/python3.12/site-packages/azure/synapse/artifacts/models/_models_py3.py:4096: SyntaxWarning: invalid escape sequence '\d'
  """

/home/***/.local/lib/python3.12/site-packages/azure/synapse/artifacts/models/_models_py3.py:4127: SyntaxWarning: invalid escape sequence '\d'
  """A copy activity Avro sink.

/home/***/.local/lib/python3.12/site-packages/azure/synapse/artifacts/models/_models_py3.py:4186: SyntaxWarning: invalid escape sequence '\d'
  """

/home/***/.local/lib/python3.12/site-packages/azure/synapse/artifacts/models/_models_py3.py:4225: SyntaxWarning: invalid escape sequence '\d'
  """A copy activity Avro source.

/home/***/.local/lib/python3.12/site-packages/azure/synapse/artifacts/models/_models_py3.py:4275: SyntaxWarning: invalid escape sequence '\d'
  """

/home/***/.local/lib/python3.12/site-packages/azure/synapse/artifacts/models/_models_py3.py:5209: SyntaxWarning: invalid escape sequence '\d'
  """A copy activity Azure Data Lake Storage Gen2 sink.

/home/***/.local/lib/python3.12/site-packages/azure/synapse/artifacts/models/_models_py3.py:5265: SyntaxWarning: invalid escape sequence '\d'
  """

/home/***/.local/lib/python3.12/site-packages/azure/synapse/artifacts/models/_models_py3.py:5302: SyntaxWarning: invalid escape sequence '\d'
  """A copy activity Azure BlobFS source.

/home/***/.local/lib/python3.12/site-packages/azure/synapse/artifacts/models/_models_py3.py:5358: SyntaxWarning: invalid escape sequence '\d'
  """

/home/***/.local/lib/python3.12/site-packages/azure/synapse/artifacts/models/_models_py3.py:6437: SyntaxWarning: invalid escape sequence '\d'
  """A copy activity Azure Databricks Delta Lake sink.

/home/***/.local/lib/python3.12/site-packages/azure/synapse/artifacts/models/_models_py3.py:6497: SyntaxWarning: invalid escape sequence '\d'
  """

/home/***/.local/lib/python3.12/site-packages/azure/synapse/artifacts/models/_models_py3.py:6538: SyntaxWarning: invalid escape sequence '\d'
  """A copy activity Azure Databricks Delta Lake source.

/home/***/.local/lib/python3.12/site-packages/azure/synapse/artifacts/models/_models_py3.py:6588: SyntaxWarning: invalid escape sequence '\d'
  """

/home/***/.local/lib/python3.12/site-packages/azure/synapse/artifacts/models/_models_py3.py:7023: SyntaxWarning: invalid escape sequence '\d'
  """Azure Data Explorer command activity.

/home/***/.local/lib/python3.12/site-packages/azure/synapse/artifacts/models/_models_py3.py:7096: SyntaxWarning: invalid escape sequence '\d'
  """

/home/***/.local/lib/python3.12/site-packages/azure/synapse/artifacts/models/_models_py3.py:7267: SyntaxWarning: invalid escape sequence '\d'
  """A copy activity Azure Data Explorer sink.

/home/***/.local/lib/python3.12/site-packages/azure/synapse/artifacts/models/_models_py3.py:7333: SyntaxWarning: invalid escape sequence '\d'
  """

/home/***/.local/lib/python3.12/site-packages/azure/synapse/artifacts/models/_models_py3.py:7378: SyntaxWarning: invalid escape sequence '\d'
  """A copy activity Azure Data Explorer (Kusto) source.

/home/***/.local/lib/python3.12/site-packages/azure/synapse/artifacts/models/_models_py3.py:7440: SyntaxWarning: invalid escape sequence '\d'
  """

/home/***/.local/lib/python3.12/site-packages/azure/synapse/artifacts/models/_models_py3.py:8222: SyntaxWarning: invalid escape sequence '\d'
  """A copy activity Azure Data Lake Store sink.

/home/***/.local/lib/python3.12/site-packages/azure/synapse/artifacts/models/_models_py3.py:8282: SyntaxWarning: invalid escape sequence '\d'
  """

/home/***/.local/lib/python3.12/site-packages/azure/synapse/artifacts/models/_models_py3.py:8322: SyntaxWarning: invalid escape sequence '\d'
  """A copy activity Azure Data Lake source.

/home/***/.local/lib/python3.12/site-packages/azure/synapse/artifacts/models/_models_py3.py:8368: SyntaxWarning: invalid escape sequence '\d'
  """

/home/***/.local/lib/python3.12/site-packages/azure/synapse/artifacts/models/_models_py3.py:9475: SyntaxWarning: invalid escape sequence '\d'
  """A copy activity Azure MariaDB source.

/home/***/.local/lib/python3.12/site-packages/azure/synapse/artifacts/models/_models_py3.py:9531: SyntaxWarning: invalid escape sequence '\d'
  """

/home/***/.local/lib/python3.12/site-packages/azure/synapse/artifacts/models/_models_py3.py:10532: SyntaxWarning: invalid escape sequence '\d'
  """A copy activity Azure MySql sink.

/home/***/.local/lib/python3.12/site-packages/azure/synapse/artifacts/models/_models_py3.py:10588: SyntaxWarning: invalid escape sequence '\d'
  """

/home/***/.local/lib/python3.12/site-packages/azure/synapse/artifacts/models/_models_py3.py:10625: SyntaxWarning: invalid escape sequence '\d'
  """A copy activity Azure MySQL source.

/home/***/.local/lib/python3.12/site-packages/azure/synapse/artifacts/models/_models_py3.py:10680: SyntaxWarning: invalid escape sequence '\d'
  """

/home/***/.local/lib/python3.12/site-packages/azure/synapse/artifacts/models/_models_py3.py:10923: SyntaxWarning: invalid escape sequence '\d'
  """A copy activity Azure PostgreSQL sink.

/home/***/.local/lib/python3.12/site-packages/azure/synapse/artifacts/models/_models_py3.py:10979: SyntaxWarning: invalid escape sequence '\d'
  """

/home/***/.local/lib/python3.12/site-packages/azure/synapse/artifacts/models/_models_py3.py:11016: SyntaxWarning: invalid escape sequence '\d'
  """A copy activity Azure PostgreSQL source.

/home/***/.local/lib/python3.12/site-packages/azure/synapse/artifacts/models/_models_py3.py:11072: SyntaxWarning: invalid escape sequence '\d'
  """

/home/***/.local/lib/python3.12/site-packages/azure/synapse/artifacts/models/_models_py3.py:11231: SyntaxWarning: invalid escape sequence '\d'
  """A copy activity Azure Queue sink.

/home/***/.local/lib/python3.12/site-packages/azure/synapse/artifacts/models/_models_py3.py:11282: SyntaxWarning: invalid escape sequence '\d'
  """

/home/***/.local/lib/python3.12/site-packages/azure/synapse/artifacts/models/_models_py3.py:11420: SyntaxWarning: invalid escape sequence '\d'
  """A copy activity Azure Search Index sink.

/home/***/.local/lib/python3.12/site-packages/azure/synapse/artifacts/models/_models_py3.py:11477: SyntaxWarning: invalid escape sequence '\d'
  """

/home/***/.local/lib/python3.12/site-packages/azure/synapse/artifacts/models/_models_py3.py:12300: SyntaxWarning: invalid escape sequence '\d'
  """A copy activity Azure SQL sink.

/home/***/.local/lib/python3.12/site-packages/azure/synapse/artifacts/models/_models_py3.py:12383: SyntaxWarning: invalid escape sequence '\d'
  """

/home/***/.local/lib/python3.12/site-packages/azure/synapse/artifacts/models/_models_py3.py:12439: SyntaxWarning: invalid escape sequence '\d'
  """A copy activity Azure SQL source.

/home/***/.local/lib/python3.12/site-packages/azure/synapse/artifacts/models/_models_py3.py:12524: SyntaxWarning: invalid escape sequence '\d'
  """

/home/***/.local/lib/python3.12/site-packages/azure/synapse/artifacts/models/_models_py3.py:13019: SyntaxWarning: invalid escape sequence '\d'
  """A copy activity Azure Table sink.

/home/***/.local/lib/python3.12/site-packages/azure/synapse/artifacts/models/_models_py3.py:13090: SyntaxWarning: invalid escape sequence '\d'
  """

/home/***/.local/lib/python3.12/site-packages/azure/synapse/artifacts/models/_models_py3.py:13139: SyntaxWarning: invalid escape sequence '\d'
  """A copy activity Azure Table source.

/home/***/.local/lib/python3.12/site-packages/azure/synapse/artifacts/models/_models_py3.py:13200: SyntaxWarning: invalid escape sequence '\d'
  """

/home/***/.local/lib/python3.12/site-packages/azure/synapse/artifacts/models/_models_py3.py:13886: SyntaxWarning: invalid escape sequence '\d'
  """A copy activity Binary sink.

/home/***/.local/lib/python3.12/site-packages/azure/synapse/artifacts/models/_models_py3.py:13941: SyntaxWarning: invalid escape sequence '\d'
  """

/home/***/.local/lib/python3.12/site-packages/azure/synapse/artifacts/models/_models_py3.py:13977: SyntaxWarning: invalid escape sequence '\d'
  """A copy activity Binary source.

/home/***/.local/lib/python3.12/site-packages/azure/synapse/artifacts/models/_models_py3.py:14026: SyntaxWarning: invalid escape sequence '\d'
  """

/home/***/.local/lib/python3.12/site-packages/azure/synapse/artifacts/models/_models_py3.py:14318: SyntaxWarning: invalid escape sequence '\d'
  """A copy activity Azure Blob sink.

/home/***/.local/lib/python3.12/site-packages/azure/synapse/artifacts/models/_models_py3.py:14388: SyntaxWarning: invalid escape sequence '\d'
  """

/home/***/.local/lib/python3.12/site-packages/azure/synapse/artifacts/models/_models_py3.py:14436: SyntaxWarning: invalid escape sequence '\d'
  """A copy activity Azure Blob source.

/home/***/.local/lib/python3.12/site-packages/azure/synapse/artifacts/models/_models_py3.py:14492: SyntaxWarning: invalid escape sequence '\d'
  """

/home/***/.local/lib/python3.12/site-packages/azure/synapse/artifacts/models/_models_py3.py:14744: SyntaxWarning: invalid escape sequence '\d'
  """A copy activity source for a Cassandra database.

/home/***/.local/lib/python3.12/site-packages/azure/synapse/artifacts/models/_models_py3.py:14810: SyntaxWarning: invalid escape sequence '\d'
  """

/home/***/.local/lib/python3.12/site-packages/azure/synapse/artifacts/models/_models_py3.py:15415: SyntaxWarning: invalid escape sequence '\d'
  """A copy activity Common Data Service for Apps sink.

/home/***/.local/lib/python3.12/site-packages/azure/synapse/artifacts/models/_models_py3.py:15482: SyntaxWarning: invalid escape sequence '\d'
  """

/home/***/.local/lib/python3.12/site-packages/azure/synapse/artifacts/models/_models_py3.py:15527: SyntaxWarning: invalid escape sequence '\d'
  """A copy activity Common Data Service for Apps source.

/home/***/.local/lib/python3.12/site-packages/azure/synapse/artifacts/models/_models_py3.py:15578: SyntaxWarning: invalid escape sequence '\d'
  """

/home/***/.local/lib/python3.12/site-packages/azure/synapse/artifacts/models/_models_py3.py:15897: SyntaxWarning: invalid escape sequence '\d'
  """A copy activity Concur Service source.

/home/***/.local/lib/python3.12/site-packages/azure/synapse/artifacts/models/_models_py3.py:15953: SyntaxWarning: invalid escape sequence '\d'
  """

/home/***/.local/lib/python3.12/site-packages/azure/synapse/artifacts/models/_models_py3.py:16617: SyntaxWarning: invalid escape sequence '\d'
  """A copy activity sink for a CosmosDB (MongoDB API) database.

/home/***/.local/lib/python3.12/site-packages/azure/synapse/artifacts/models/_models_py3.py:16674: SyntaxWarning: invalid escape sequence '\d'
  """

/home/***/.local/lib/python3.12/site-packages/azure/synapse/artifacts/models/_models_py3.py:16712: SyntaxWarning: invalid escape sequence '\d'
  """A copy activity source for a CosmosDB (MongoDB API) database.

/home/***/.local/lib/python3.12/site-packages/azure/synapse/artifacts/models/_models_py3.py:16780: SyntaxWarning: invalid escape sequence '\d'
  """

/home/***/.local/lib/python3.12/site-packages/azure/synapse/artifacts/models/_models_py3.py:16932: SyntaxWarning: invalid escape sequence '\d'
  """A copy activity Azure CosmosDB (SQL API) Collection sink.

/home/***/.local/lib/python3.12/site-packages/azure/synapse/artifacts/models/_models_py3.py:16988: SyntaxWarning: invalid escape sequence '\d'
  """

/home/***/.local/lib/python3.12/site-packages/azure/synapse/artifacts/models/_models_py3.py:17025: SyntaxWarning: invalid escape sequence '\d'
  """A copy activity Azure CosmosDB (SQL API) Collection source.

/home/***/.local/lib/python3.12/site-packages/azure/synapse/artifacts/models/_models_py3.py:17090: SyntaxWarning: invalid escape sequence '\d'
  """

/home/***/.local/lib/python3.12/site-packages/azure/synapse/artifacts/models/_models_py3.py:17228: SyntaxWarning: invalid escape sequence '\d'
  """A copy activity Couchbase server source.

/home/***/.local/lib/python3.12/site-packages/azure/synapse/artifacts/models/_models_py3.py:17284: SyntaxWarning: invalid escape sequence '\d'
  """

/home/***/.local/lib/python3.12/site-packages/azure/synapse/artifacts/models/_models_py3.py:20234: SyntaxWarning: invalid escape sequence '\d'
  """A copy activity source for Db2 databases.

/home/***/.local/lib/python3.12/site-packages/azure/synapse/artifacts/models/_models_py3.py:20289: SyntaxWarning: invalid escape sequence '\d'
  """

/home/***/.local/lib/python3.12/site-packages/azure/synapse/artifacts/models/_models_py3.py:20862: SyntaxWarning: invalid escape sequence '\d'
  """A copy activity DelimitedText sink.

/home/***/.local/lib/python3.12/site-packages/azure/synapse/artifacts/models/_models_py3.py:20921: SyntaxWarning: invalid escape sequence '\d'
  """

/home/***/.local/lib/python3.12/site-packages/azure/synapse/artifacts/models/_models_py3.py:20960: SyntaxWarning: invalid escape sequence '\d'
  """A copy activity DelimitedText source.

/home/***/.local/lib/python3.12/site-packages/azure/synapse/artifacts/models/_models_py3.py:21014: SyntaxWarning: invalid escape sequence '\d'
  """

/home/***/.local/lib/python3.12/site-packages/azure/synapse/artifacts/models/_models_py3.py:21316: SyntaxWarning: invalid escape sequence '\d'
  """A copy activity Document Database Collection sink.

/home/***/.local/lib/python3.12/site-packages/azure/synapse/artifacts/models/_models_py3.py:21377: SyntaxWarning: invalid escape sequence '\d'
  """

/home/***/.local/lib/python3.12/site-packages/azure/synapse/artifacts/models/_models_py3.py:21418: SyntaxWarning: invalid escape sequence '\d'
  """A copy activity Document Database Collection source.

/home/***/.local/lib/python3.12/site-packages/azure/synapse/artifacts/models/_models_py3.py:21478: SyntaxWarning: invalid escape sequence '\d'
  """

/home/***/.local/lib/python3.12/site-packages/azure/synapse/artifacts/models/_models_py3.py:21612: SyntaxWarning: invalid escape sequence '\d'
  """A copy activity Drill server source.

/home/***/.local/lib/python3.12/site-packages/azure/synapse/artifacts/models/_models_py3.py:21668: SyntaxWarning: invalid escape sequence '\d'
  """

/home/***/.local/lib/python3.12/site-packages/azure/synapse/artifacts/models/_models_py3.py:22155: SyntaxWarning: invalid escape sequence '\d'
  """A copy activity Dynamics AX source.

/home/***/.local/lib/python3.12/site-packages/azure/synapse/artifacts/models/_models_py3.py:22218: SyntaxWarning: invalid escape sequence '\d'
  """

/home/***/.local/lib/python3.12/site-packages/azure/synapse/artifacts/models/_models_py3.py:22559: SyntaxWarning: invalid escape sequence '\d'
  """A copy activity Dynamics CRM sink.

/home/***/.local/lib/python3.12/site-packages/azure/synapse/artifacts/models/_models_py3.py:22626: SyntaxWarning: invalid escape sequence '\d'
  """

/home/***/.local/lib/python3.12/site-packages/azure/synapse/artifacts/models/_models_py3.py:22671: SyntaxWarning: invalid escape sequence '\d'
  """A copy activity Dynamics CRM source.

/home/***/.local/lib/python3.12/site-packages/azure/synapse/artifacts/models/_models_py3.py:22722: SyntaxWarning: invalid escape sequence '\d'
  """

/home/***/.local/lib/python3.12/site-packages/azure/synapse/artifacts/models/_models_py3.py:23061: SyntaxWarning: invalid escape sequence '\d'
  """A copy activity Dynamics sink.

/home/***/.local/lib/python3.12/site-packages/azure/synapse/artifacts/models/_models_py3.py:23128: SyntaxWarning: invalid escape sequence '\d'
  """

/home/***/.local/lib/python3.12/site-packages/azure/synapse/artifacts/models/_models_py3.py:23173: SyntaxWarning: invalid escape sequence '\d'
  """A copy activity Dynamics source.

/home/***/.local/lib/python3.12/site-packages/azure/synapse/artifacts/models/_models_py3.py:23224: SyntaxWarning: invalid escape sequence '\d'
  """

/home/***/.local/lib/python3.12/site-packages/azure/synapse/artifacts/models/_models_py3.py:23511: SyntaxWarning: invalid escape sequence '\d'
  """A copy activity Eloqua server source.

/home/***/.local/lib/python3.12/site-packages/azure/synapse/artifacts/models/_models_py3.py:23567: SyntaxWarning: invalid escape sequence '\d'
  """

/home/***/.local/lib/python3.12/site-packages/azure/synapse/artifacts/models/_models_py3.py:23968: SyntaxWarning: invalid escape sequence '\d'
  """A copy activity excel source.

/home/***/.local/lib/python3.12/site-packages/azure/synapse/artifacts/models/_models_py3.py:24018: SyntaxWarning: invalid escape sequence '\d'
  """

/home/***/.local/lib/python3.12/site-packages/azure/synapse/artifacts/models/_models_py3.py:25343: SyntaxWarning: invalid escape sequence '\d'
  """A copy activity file system sink.

/home/***/.local/lib/python3.12/site-packages/azure/synapse/artifacts/models/_models_py3.py:25398: SyntaxWarning: invalid escape sequence '\d'
  """

/home/***/.local/lib/python3.12/site-packages/azure/synapse/artifacts/models/_models_py3.py:25434: SyntaxWarning: invalid escape sequence '\d'
  """A copy activity file system source.

/home/***/.local/lib/python3.12/site-packages/azure/synapse/artifacts/models/_models_py3.py:25485: SyntaxWarning: invalid escape sequence '\d'
  """

/home/***/.local/lib/python3.12/site-packages/azure/synapse/artifacts/models/_models_py3.py:26723: SyntaxWarning: invalid escape sequence '\d'
  """A copy activity Google AdWords service source.

/home/***/.local/lib/python3.12/site-packages/azure/synapse/artifacts/models/_models_py3.py:26779: SyntaxWarning: invalid escape sequence '\d'
  """

/home/***/.local/lib/python3.12/site-packages/azure/synapse/artifacts/models/_models_py3.py:27121: SyntaxWarning: invalid escape sequence '\d'
  """A copy activity Google BigQuery service source.

/home/***/.local/lib/python3.12/site-packages/azure/synapse/artifacts/models/_models_py3.py:27177: SyntaxWarning: invalid escape sequence '\d'
  """

/home/***/.local/lib/python3.12/site-packages/azure/synapse/artifacts/models/_models_py3.py:27461: SyntaxWarning: invalid escape sequence '\d'
  """A copy activity Google BigQuery service source.

/home/***/.local/lib/python3.12/site-packages/azure/synapse/artifacts/models/_models_py3.py:27517: SyntaxWarning: invalid escape sequence '\d'
  """

/home/***/.local/lib/python3.12/site-packages/azure/synapse/artifacts/models/_models_py3.py:28053: SyntaxWarning: invalid escape sequence '\d'
  """A copy activity Greenplum Database source.

/home/***/.local/lib/python3.12/site-packages/azure/synapse/artifacts/models/_models_py3.py:28109: SyntaxWarning: invalid escape sequence '\d'
  """

/home/***/.local/lib/python3.12/site-packages/azure/synapse/artifacts/models/_models_py3.py:28536: SyntaxWarning: invalid escape sequence '\d'
  """A copy activity HBase server source.

/home/***/.local/lib/python3.12/site-packages/azure/synapse/artifacts/models/_models_py3.py:28592: SyntaxWarning: invalid escape sequence '\d'
  """

/home/***/.local/lib/python3.12/site-packages/azure/synapse/artifacts/models/_models_py3.py:28932: SyntaxWarning: invalid escape sequence '\d'
  """A copy activity HDFS source.

/home/***/.local/lib/python3.12/site-packages/azure/synapse/artifacts/models/_models_py3.py:28982: SyntaxWarning: invalid escape sequence '\d'
  """

/home/***/.local/lib/python3.12/site-packages/azure/synapse/artifacts/models/_models_py3.py:30727: SyntaxWarning: invalid escape sequence '\d'
  """A copy activity Hive Server source.

/home/***/.local/lib/python3.12/site-packages/azure/synapse/artifacts/models/_models_py3.py:30783: SyntaxWarning: invalid escape sequence '\d'
  """

/home/***/.local/lib/python3.12/site-packages/azure/synapse/artifacts/models/_models_py3.py:31296: SyntaxWarning: invalid escape sequence '\d'
  """A copy activity source for an HTTP file.

/home/***/.local/lib/python3.12/site-packages/azure/synapse/artifacts/models/_models_py3.py:31344: SyntaxWarning: invalid escape sequence '\d'
  """

/home/***/.local/lib/python3.12/site-packages/azure/synapse/artifacts/models/_models_py3.py:31617: SyntaxWarning: invalid escape sequence '\d'
  """A copy activity Hubspot Service source.

/home/***/.local/lib/python3.12/site-packages/azure/synapse/artifacts/models/_models_py3.py:31673: SyntaxWarning: invalid escape sequence '\d'
  """

/home/***/.local/lib/python3.12/site-packages/azure/synapse/artifacts/models/_models_py3.py:32120: SyntaxWarning: invalid escape sequence '\d'
  """A copy activity Impala server source.

/home/***/.local/lib/python3.12/site-packages/azure/synapse/artifacts/models/_models_py3.py:32176: SyntaxWarning: invalid escape sequence '\d'
  """

/home/***/.local/lib/python3.12/site-packages/azure/synapse/artifacts/models/_models_py3.py:32339: SyntaxWarning: invalid escape sequence '\d'
  """A copy activity Informix sink.

/home/***/.local/lib/python3.12/site-packages/azure/synapse/artifacts/models/_models_py3.py:32395: SyntaxWarning: invalid escape sequence '\d'
  """

/home/***/.local/lib/python3.12/site-packages/azure/synapse/artifacts/models/_models_py3.py:32432: SyntaxWarning: invalid escape sequence '\d'
  """A copy activity source for Informix.

/home/***/.local/lib/python3.12/site-packages/azure/synapse/artifacts/models/_models_py3.py:32487: SyntaxWarning: invalid escape sequence '\d'
  """

/home/***/.local/lib/python3.12/site-packages/azure/synapse/artifacts/models/_models_py3.py:33502: SyntaxWarning: invalid escape sequence '\d'
  """A copy activity Jira Service source.

/home/***/.local/lib/python3.12/site-packages/azure/synapse/artifacts/models/_models_py3.py:33558: SyntaxWarning: invalid escape sequence '\d'
  """

/home/***/.local/lib/python3.12/site-packages/azure/synapse/artifacts/models/_models_py3.py:33869: SyntaxWarning: invalid escape sequence '\d'
  """A copy activity Json sink.

/home/***/.local/lib/python3.12/site-packages/azure/synapse/artifacts/models/_models_py3.py:33928: SyntaxWarning: invalid escape sequence '\d'
  """

/home/***/.local/lib/python3.12/site-packages/azure/synapse/artifacts/models/_models_py3.py:33967: SyntaxWarning: invalid escape sequence '\d'
  """A copy activity Json source.

/home/***/.local/lib/python3.12/site-packages/azure/synapse/artifacts/models/_models_py3.py:34021: SyntaxWarning: invalid escape sequence '\d'
  """

/home/***/.local/lib/python3.12/site-packages/azure/synapse/artifacts/models/_models_py3.py:34739: SyntaxWarning: invalid escape sequence '\d'
  """A copy activity for Microsoft Fabric LakeHouse Table sink.

/home/***/.local/lib/python3.12/site-packages/azure/synapse/artifacts/models/_models_py3.py:34806: SyntaxWarning: invalid escape sequence '\d'
  """

/home/***/.local/lib/python3.12/site-packages/azure/synapse/artifacts/models/_models_py3.py:34852: SyntaxWarning: invalid escape sequence '\d'
  """A copy activity source for Microsoft Fabric LakeHouse Table.

/home/***/.local/lib/python3.12/site-packages/azure/synapse/artifacts/models/_models_py3.py:34908: SyntaxWarning: invalid escape sequence '\d'
  """

/home/***/.local/lib/python3.12/site-packages/azure/synapse/artifacts/models/_models_py3.py:36915: SyntaxWarning: invalid escape sequence '\d'
  """A copy activity Magento server source.

/home/***/.local/lib/python3.12/site-packages/azure/synapse/artifacts/models/_models_py3.py:36971: SyntaxWarning: invalid escape sequence '\d'
  """

/home/***/.local/lib/python3.12/site-packages/azure/synapse/artifacts/models/_models_py3.py:37417: SyntaxWarning: invalid escape sequence '\d'
  """A copy activity MariaDB server source.

/home/***/.local/lib/python3.12/site-packages/azure/synapse/artifacts/models/_models_py3.py:37473: SyntaxWarning: invalid escape sequence '\d'
  """

/home/***/.local/lib/python3.12/site-packages/azure/synapse/artifacts/models/_models_py3.py:37845: SyntaxWarning: invalid escape sequence '\d'
  """A copy activity Marketo server source.

/home/***/.local/lib/python3.12/site-packages/azure/synapse/artifacts/models/_models_py3.py:37901: SyntaxWarning: invalid escape sequence '\d'
  """

/home/***/.local/lib/python3.12/site-packages/azure/synapse/artifacts/models/_models_py3.py:38208: SyntaxWarning: invalid escape sequence '\d'
  """A copy activity Microsoft Access sink.

/home/***/.local/lib/python3.12/site-packages/azure/synapse/artifacts/models/_models_py3.py:38264: SyntaxWarning: invalid escape sequence '\d'
  """

/home/***/.local/lib/python3.12/site-packages/azure/synapse/artifacts/models/_models_py3.py:38301: SyntaxWarning: invalid escape sequence '\d'
  """A copy activity source for Microsoft Access.

/home/***/.local/lib/python3.12/site-packages/azure/synapse/artifacts/models/_models_py3.py:38351: SyntaxWarning: invalid escape sequence '\d'
  """

/home/***/.local/lib/python3.12/site-packages/azure/synapse/artifacts/models/_models_py3.py:38690: SyntaxWarning: invalid escape sequence '\d'
  """A copy activity source for a MongoDB Atlas database.

/home/***/.local/lib/python3.12/site-packages/azure/synapse/artifacts/models/_models_py3.py:38758: SyntaxWarning: invalid escape sequence '\d'
  """

/home/***/.local/lib/python3.12/site-packages/azure/synapse/artifacts/models/_models_py3.py:39141: SyntaxWarning: invalid escape sequence '\d'
  """A copy activity source for a MongoDB database.

/home/***/.local/lib/python3.12/site-packages/azure/synapse/artifacts/models/_models_py3.py:39192: SyntaxWarning: invalid escape sequence '\d'
  """

/home/***/.local/lib/python3.12/site-packages/azure/synapse/artifacts/models/_models_py3.py:39419: SyntaxWarning: invalid escape sequence '\d'
  """A copy activity source for a MongoDB database.

/home/***/.local/lib/python3.12/site-packages/azure/synapse/artifacts/models/_models_py3.py:39487: SyntaxWarning: invalid escape sequence '\d'
  """

/home/***/.local/lib/python3.12/site-packages/azure/synapse/artifacts/models/_models_py3.py:39683: SyntaxWarning: invalid escape sequence '\d'
  """A copy activity source for MySQL databases.

/home/***/.local/lib/python3.12/site-packages/azure/synapse/artifacts/models/_models_py3.py:39738: SyntaxWarning: invalid escape sequence '\d'
  """

/home/***/.local/lib/python3.12/site-packages/azure/synapse/artifacts/models/_models_py3.py:40019: SyntaxWarning: invalid escape sequence '\d'
  """A copy activity Netezza source.

/home/***/.local/lib/python3.12/site-packages/azure/synapse/artifacts/models/_models_py3.py:40084: SyntaxWarning: invalid escape sequence '\d'
  """

/home/***/.local/lib/python3.12/site-packages/azure/synapse/artifacts/models/_models_py3.py:41138: SyntaxWarning: invalid escape sequence '\d'
  """A copy activity source for OData source.

/home/***/.local/lib/python3.12/site-packages/azure/synapse/artifacts/models/_models_py3.py:41196: SyntaxWarning: invalid escape sequence '\d'
  """

/home/***/.local/lib/python3.12/site-packages/azure/synapse/artifacts/models/_models_py3.py:41359: SyntaxWarning: invalid escape sequence '\d'
  """A copy activity ODBC sink.

/home/***/.local/lib/python3.12/site-packages/azure/synapse/artifacts/models/_models_py3.py:41415: SyntaxWarning: invalid escape sequence '\d'
  """

/home/***/.local/lib/python3.12/site-packages/azure/synapse/artifacts/models/_models_py3.py:41452: SyntaxWarning: invalid escape sequence '\d'
  """A copy activity source for ODBC databases.

/home/***/.local/lib/python3.12/site-packages/azure/synapse/artifacts/models/_models_py3.py:41507: SyntaxWarning: invalid escape sequence '\d'
  """

/home/***/.local/lib/python3.12/site-packages/azure/synapse/artifacts/models/_models_py3.py:41875: SyntaxWarning: invalid escape sequence '\d'
  """A copy activity source for an Office 365 service.

/home/***/.local/lib/python3.12/site-packages/azure/synapse/artifacts/models/_models_py3.py:41947: SyntaxWarning: invalid escape sequence '\d'
  """

/home/***/.local/lib/python3.12/site-packages/azure/synapse/artifacts/models/_models_py3.py:42441: SyntaxWarning: invalid escape sequence '\d'
  """A copy activity Oracle Service Cloud source.

/home/***/.local/lib/python3.12/site-packages/azure/synapse/artifacts/models/_models_py3.py:42497: SyntaxWarning: invalid escape sequence '\d'
  """

/home/***/.local/lib/python3.12/site-packages/azure/synapse/artifacts/models/_models_py3.py:42534: SyntaxWarning: invalid escape sequence '\d'
  """A copy activity Oracle sink.

/home/***/.local/lib/python3.12/site-packages/azure/synapse/artifacts/models/_models_py3.py:42590: SyntaxWarning: invalid escape sequence '\d'
  """

/home/***/.local/lib/python3.12/site-packages/azure/synapse/artifacts/models/_models_py3.py:42627: SyntaxWarning: invalid escape sequence '\d'
  """A copy activity Oracle source.

/home/***/.local/lib/python3.12/site-packages/azure/synapse/artifacts/models/_models_py3.py:42692: SyntaxWarning: invalid escape sequence '\d'
  """

/home/***/.local/lib/python3.12/site-packages/azure/synapse/artifacts/models/_models_py3.py:43020: SyntaxWarning: invalid escape sequence '\d'
  """A copy activity ORC sink.

/home/***/.local/lib/python3.12/site-packages/azure/synapse/artifacts/models/_models_py3.py:43079: SyntaxWarning: invalid escape sequence '\d'
  """

/home/***/.local/lib/python3.12/site-packages/azure/synapse/artifacts/models/_models_py3.py:43118: SyntaxWarning: invalid escape sequence '\d'
  """A copy activity ORC source.

/home/***/.local/lib/python3.12/site-packages/azure/synapse/artifacts/models/_models_py3.py:43168: SyntaxWarning: invalid escape sequence '\d'
  """

/home/***/.local/lib/python3.12/site-packages/azure/synapse/artifacts/models/_models_py3.py:43514: SyntaxWarning: invalid escape sequence '\d'
  """A copy activity Parquet sink.

/home/***/.local/lib/python3.12/site-packages/azure/synapse/artifacts/models/_models_py3.py:43573: SyntaxWarning: invalid escape sequence '\d'
  """

/home/***/.local/lib/python3.12/site-packages/azure/synapse/artifacts/models/_models_py3.py:43612: SyntaxWarning: invalid escape sequence '\d'
  """A copy activity Parquet source.

/home/***/.local/lib/python3.12/site-packages/azure/synapse/artifacts/models/_models_py3.py:43666: SyntaxWarning: invalid escape sequence '\d'
  """

/home/***/.local/lib/python3.12/site-packages/azure/synapse/artifacts/models/_models_py3.py:43989: SyntaxWarning: invalid escape sequence '\d'
  """A copy activity Paypal Service source.

/home/***/.local/lib/python3.12/site-packages/azure/synapse/artifacts/models/_models_py3.py:44045: SyntaxWarning: invalid escape sequence '\d'
  """

/home/***/.local/lib/python3.12/site-packages/azure/synapse/artifacts/models/_models_py3.py:44386: SyntaxWarning: invalid escape sequence '\d'
  """A copy activity Phoenix server source.

/home/***/.local/lib/python3.12/site-packages/azure/synapse/artifacts/models/_models_py3.py:44442: SyntaxWarning: invalid escape sequence '\d'
  """

/home/***/.local/lib/python3.12/site-packages/azure/synapse/artifacts/models/_models_py3.py:45003: SyntaxWarning: invalid escape sequence '\d'
  """A copy activity source for PostgreSQL databases.

/home/***/.local/lib/python3.12/site-packages/azure/synapse/artifacts/models/_models_py3.py:45058: SyntaxWarning: invalid escape sequence '\d'
  """

/home/***/.local/lib/python3.12/site-packages/azure/synapse/artifacts/models/_models_py3.py:45444: SyntaxWarning: invalid escape sequence '\d'
  """A copy activity source for PostgreSQL databases.

/home/***/.local/lib/python3.12/site-packages/azure/synapse/artifacts/models/_models_py3.py:45499: SyntaxWarning: invalid escape sequence '\d'
  """

/home/***/.local/lib/python3.12/site-packages/azure/synapse/artifacts/models/_models_py3.py:46042: SyntaxWarning: invalid escape sequence '\d'
  """A copy activity Presto server source.

/home/***/.local/lib/python3.12/site-packages/azure/synapse/artifacts/models/_models_py3.py:46098: SyntaxWarning: invalid escape sequence '\d'
  """

/home/***/.local/lib/python3.12/site-packages/azure/synapse/artifacts/models/_models_py3.py:46702: SyntaxWarning: invalid escape sequence '\d'
  """A copy activity QuickBooks server source.

/home/***/.local/lib/python3.12/site-packages/azure/synapse/artifacts/models/_models_py3.py:46758: SyntaxWarning: invalid escape sequence '\d'
  """

/home/***/.local/lib/python3.12/site-packages/azure/synapse/artifacts/models/_models_py3.py:47000: SyntaxWarning: invalid escape sequence '\d'
  """A copy activity source for various relational databases.

/home/***/.local/lib/python3.12/site-packages/azure/synapse/artifacts/models/_models_py3.py:47050: SyntaxWarning: invalid escape sequence '\d'
  """

/home/***/.local/lib/python3.12/site-packages/azure/synapse/artifacts/models/_models_py3.py:47648: SyntaxWarning: invalid escape sequence '\d'
  """A copy activity Responsys source.

/home/***/.local/lib/python3.12/site-packages/azure/synapse/artifacts/models/_models_py3.py:47704: SyntaxWarning: invalid escape sequence '\d'
  """

/home/***/.local/lib/python3.12/site-packages/azure/synapse/artifacts/models/_models_py3.py:48113: SyntaxWarning: invalid escape sequence '\d'
  """A copy activity Rest service Sink.

/home/***/.local/lib/python3.12/site-packages/azure/synapse/artifacts/models/_models_py3.py:48190: SyntaxWarning: invalid escape sequence '\d'
  """

/home/***/.local/lib/python3.12/site-packages/azure/synapse/artifacts/models/_models_py3.py:48244: SyntaxWarning: invalid escape sequence '\d'
  """A copy activity Rest service source.

/home/***/.local/lib/python3.12/site-packages/azure/synapse/artifacts/models/_models_py3.py:48321: SyntaxWarning: invalid escape sequence '\d'
  """

/home/***/.local/lib/python3.12/site-packages/azure/synapse/artifacts/models/_models_py3.py:49499: SyntaxWarning: invalid escape sequence '\d'
  """A copy activity Salesforce Marketing Cloud source.

/home/***/.local/lib/python3.12/site-packages/azure/synapse/artifacts/models/_models_py3.py:49555: SyntaxWarning: invalid escape sequence '\d'
  """

/home/***/.local/lib/python3.12/site-packages/azure/synapse/artifacts/models/_models_py3.py:49932: SyntaxWarning: invalid escape sequence '\d'
  """A copy activity Salesforce Service Cloud sink.

/home/***/.local/lib/python3.12/site-packages/azure/synapse/artifacts/models/_models_py3.py:50002: SyntaxWarning: invalid escape sequence '\d'
  """

/home/***/.local/lib/python3.12/site-packages/azure/synapse/artifacts/models/_models_py3.py:50052: SyntaxWarning: invalid escape sequence '\d'
  """A copy activity Salesforce Service Cloud source.

/home/***/.local/lib/python3.12/site-packages/azure/synapse/artifacts/models/_models_py3.py:50107: SyntaxWarning: invalid escape sequence '\d'
  """

/home/***/.local/lib/python3.12/site-packages/azure/synapse/artifacts/models/_models_py3.py:50379: SyntaxWarning: invalid escape sequence '\d'
  """A copy activity Salesforce Service Cloud V2 sink.

/home/***/.local/lib/python3.12/site-packages/azure/synapse/artifacts/models/_models_py3.py:50449: SyntaxWarning: invalid escape sequence '\d'
  """

/home/***/.local/lib/python3.12/site-packages/azure/synapse/artifacts/models/_models_py3.py:50499: SyntaxWarning: invalid escape sequence '\d'
  """A copy activity Salesforce Service Cloud V2 source.

/home/***/.local/lib/python3.12/site-packages/azure/synapse/artifacts/models/_models_py3.py:50554: SyntaxWarning: invalid escape sequence '\d'
  """

/home/***/.local/lib/python3.12/site-packages/azure/synapse/artifacts/models/_models_py3.py:50590: SyntaxWarning: invalid escape sequence '\d'
  """A copy activity Salesforce sink.

/home/***/.local/lib/python3.12/site-packages/azure/synapse/artifacts/models/_models_py3.py:50660: SyntaxWarning: invalid escape sequence '\d'
  """

/home/***/.local/lib/python3.12/site-packages/azure/synapse/artifacts/models/_models_py3.py:50710: SyntaxWarning: invalid escape sequence '\d'
  """A copy activity Salesforce source.

/home/***/.local/lib/python3.12/site-packages/azure/synapse/artifacts/models/_models_py3.py:50770: SyntaxWarning: invalid escape sequence '\d'
  """

/home/***/.local/lib/python3.12/site-packages/azure/synapse/artifacts/models/_models_py3.py:51046: SyntaxWarning: invalid escape sequence '\d'
  """A copy activity Salesforce V2 sink.

/home/***/.local/lib/python3.12/site-packages/azure/synapse/artifacts/models/_models_py3.py:51116: SyntaxWarning: invalid escape sequence '\d'
  """

/home/***/.local/lib/python3.12/site-packages/azure/synapse/artifacts/models/_models_py3.py:51166: SyntaxWarning: invalid escape sequence '\d'
  """A copy activity Salesforce V2 source.

/home/***/.local/lib/python3.12/site-packages/azure/synapse/artifacts/models/_models_py3.py:51226: SyntaxWarning: invalid escape sequence '\d'
  """

/home/***/.local/lib/python3.12/site-packages/azure/synapse/artifacts/models/_models_py3.py:51485: SyntaxWarning: invalid escape sequence '\d'
  """A copy activity source for SapBW server via MDX.

/home/***/.local/lib/python3.12/site-packages/azure/synapse/artifacts/models/_models_py3.py:51540: SyntaxWarning: invalid escape sequence '\d'
  """

/home/***/.local/lib/python3.12/site-packages/azure/synapse/artifacts/models/_models_py3.py:51787: SyntaxWarning: invalid escape sequence '\d'
  """A copy activity SAP Cloud for Customer sink.

/home/***/.local/lib/python3.12/site-packages/azure/synapse/artifacts/models/_models_py3.py:51851: SyntaxWarning: invalid escape sequence '\d'
  """

/home/***/.local/lib/python3.12/site-packages/azure/synapse/artifacts/models/_models_py3.py:51895: SyntaxWarning: invalid escape sequence '\d'
  """A copy activity source for SAP Cloud for Customer source.

/home/***/.local/lib/python3.12/site-packages/azure/synapse/artifacts/models/_models_py3.py:51958: SyntaxWarning: invalid escape sequence '\d'
  """

/home/***/.local/lib/python3.12/site-packages/azure/synapse/artifacts/models/_models_py3.py:52212: SyntaxWarning: invalid escape sequence '\d'
  """A copy activity source for SAP ECC source.

/home/***/.local/lib/python3.12/site-packages/azure/synapse/artifacts/models/_models_py3.py:52275: SyntaxWarning: invalid escape sequence '\d'
  """

/home/***/.local/lib/python3.12/site-packages/azure/synapse/artifacts/models/_models_py3.py:52463: SyntaxWarning: invalid escape sequence '\d'
  """A copy activity source for SAP HANA source.

/home/***/.local/lib/python3.12/site-packages/azure/synapse/artifacts/models/_models_py3.py:52532: SyntaxWarning: invalid escape sequence '\d'
  """

/home/***/.local/lib/python3.12/site-packages/azure/synapse/artifacts/models/_models_py3.py:53040: SyntaxWarning: invalid escape sequence '\d'
  """A copy activity source for SAP ODP source.

/home/***/.local/lib/python3.12/site-packages/azure/synapse/artifacts/models/_models_py3.py:53111: SyntaxWarning: invalid escape sequence '\d'
  """

/home/***/.local/lib/python3.12/site-packages/azure/synapse/artifacts/models/_models_py3.py:53334: SyntaxWarning: invalid escape sequence '\d'
  """A copy activity source for SAP Business Warehouse Open Hub Destination source.

/home/***/.local/lib/python3.12/site-packages/azure/synapse/artifacts/models/_models_py3.py:53407: SyntaxWarning: invalid escape sequence '\d'
  """

/home/***/.local/lib/python3.12/site-packages/azure/synapse/artifacts/models/_models_py3.py:53961: SyntaxWarning: invalid escape sequence '\d'
  """A copy activity source for SAP Table source.

/home/***/.local/lib/python3.12/site-packages/azure/synapse/artifacts/models/_models_py3.py:54059: SyntaxWarning: invalid escape sequence '\d'
  """

/home/***/.local/lib/python3.12/site-packages/azure/synapse/artifacts/models/_models_py3.py:54322: SyntaxWarning: invalid escape sequence '\d'
  """Script activity type.

/home/***/.local/lib/python3.12/site-packages/azure/synapse/artifacts/models/_models_py3.py:54398: SyntaxWarning: invalid escape sequence '\d'
  """

/home/***/.local/lib/python3.12/site-packages/azure/synapse/artifacts/models/_models_py3.py:55022: SyntaxWarning: invalid escape sequence '\d'
  """A copy activity ServiceNow server source.

/home/***/.local/lib/python3.12/site-packages/azure/synapse/artifacts/models/_models_py3.py:55078: SyntaxWarning: invalid escape sequence '\d'
  """

/home/***/.local/lib/python3.12/site-packages/azure/synapse/artifacts/models/_models_py3.py:55310: SyntaxWarning: invalid escape sequence '\d'
  """A copy activity ServiceNowV2 server source.

/home/***/.local/lib/python3.12/site-packages/azure/synapse/artifacts/models/_models_py3.py:55365: SyntaxWarning: invalid escape sequence '\d'
  """

/home/***/.local/lib/python3.12/site-packages/azure/synapse/artifacts/models/_models_py3.py:56196: SyntaxWarning: invalid escape sequence '\d'
  """A copy activity source for sharePoint online list source.

/home/***/.local/lib/python3.12/site-packages/azure/synapse/artifacts/models/_models_py3.py:56248: SyntaxWarning: invalid escape sequence '\d'
  """

/home/***/.local/lib/python3.12/site-packages/azure/synapse/artifacts/models/_models_py3.py:56508: SyntaxWarning: invalid escape sequence '\d'
  """A copy activity Shopify Service source.

/home/***/.local/lib/python3.12/site-packages/azure/synapse/artifacts/models/_models_py3.py:56564: SyntaxWarning: invalid escape sequence '\d'
  """

/home/***/.local/lib/python3.12/site-packages/azure/synapse/artifacts/models/_models_py3.py:57087: SyntaxWarning: invalid escape sequence '\d'
  """A copy activity snowflake sink.

/home/***/.local/lib/python3.12/site-packages/azure/synapse/artifacts/models/_models_py3.py:57147: SyntaxWarning: invalid escape sequence '\d'
  """

/home/***/.local/lib/python3.12/site-packages/azure/synapse/artifacts/models/_models_py3.py:57187: SyntaxWarning: invalid escape sequence '\d'
  """A copy activity snowflake source.

/home/***/.local/lib/python3.12/site-packages/azure/synapse/artifacts/models/_models_py3.py:57237: SyntaxWarning: invalid escape sequence '\d'
  """

/home/***/.local/lib/python3.12/site-packages/azure/synapse/artifacts/models/_models_py3.py:57560: SyntaxWarning: invalid escape sequence '\d'
  """A copy activity snowflake sink.

/home/***/.local/lib/python3.12/site-packages/azure/synapse/artifacts/models/_models_py3.py:57620: SyntaxWarning: invalid escape sequence '\d'
  """

/home/***/.local/lib/python3.12/site-packages/azure/synapse/artifacts/models/_models_py3.py:57660: SyntaxWarning: invalid escape sequence '\d'
  """A copy activity snowflake source.

/home/***/.local/lib/python3.12/site-packages/azure/synapse/artifacts/models/_models_py3.py:57710: SyntaxWarning: invalid escape sequence '\d'
  """

/home/***/.local/lib/python3.12/site-packages/azure/synapse/artifacts/models/_models_py3.py:59106: SyntaxWarning: invalid escape sequence '\d'
  """A copy activity Spark Server source.

/home/***/.local/lib/python3.12/site-packages/azure/synapse/artifacts/models/_models_py3.py:59162: SyntaxWarning: invalid escape sequence '\d'
  """

/home/***/.local/lib/python3.12/site-packages/azure/synapse/artifacts/models/_models_py3.py:59316: SyntaxWarning: invalid escape sequence '\d'
  """A copy activity SQL Data Warehouse sink.

/home/***/.local/lib/python3.12/site-packages/azure/synapse/artifacts/models/_models_py3.py:59396: SyntaxWarning: invalid escape sequence '\d'
  """

/home/***/.local/lib/python3.12/site-packages/azure/synapse/artifacts/models/_models_py3.py:59452: SyntaxWarning: invalid escape sequence '\d'
  """A copy activity SQL Data Warehouse source.

/home/***/.local/lib/python3.12/site-packages/azure/synapse/artifacts/models/_models_py3.py:59535: SyntaxWarning: invalid escape sequence '\d'
  """

/home/***/.local/lib/python3.12/site-packages/azure/synapse/artifacts/models/_models_py3.py:59594: SyntaxWarning: invalid escape sequence '\d'
  """A copy activity Azure SQL Managed Instance sink.

/home/***/.local/lib/python3.12/site-packages/azure/synapse/artifacts/models/_models_py3.py:59677: SyntaxWarning: invalid escape sequence '\d'
  """

/home/***/.local/lib/python3.12/site-packages/azure/synapse/artifacts/models/_models_py3.py:59733: SyntaxWarning: invalid escape sequence '\d'
  """A copy activity Azure SQL Managed Instance source.

/home/***/.local/lib/python3.12/site-packages/azure/synapse/artifacts/models/_models_py3.py:59818: SyntaxWarning: invalid escape sequence '\d'
  """

/home/***/.local/lib/python3.12/site-packages/azure/synapse/artifacts/models/_models_py3.py:60639: SyntaxWarning: invalid escape sequence '\d'
  """A copy activity SQL server sink.

/home/***/.local/lib/python3.12/site-packages/azure/synapse/artifacts/models/_models_py3.py:60722: SyntaxWarning: invalid escape sequence '\d'
  """

/home/***/.local/lib/python3.12/site-packages/azure/synapse/artifacts/models/_models_py3.py:60778: SyntaxWarning: invalid escape sequence '\d'
  """A copy activity SQL server source.

/home/***/.local/lib/python3.12/site-packages/azure/synapse/artifacts/models/_models_py3.py:60863: SyntaxWarning: invalid escape sequence '\d'
  """

/home/***/.local/lib/python3.12/site-packages/azure/synapse/artifacts/models/_models_py3.py:61167: SyntaxWarning: invalid escape sequence '\d'
  """A copy activity SQL sink.

/home/***/.local/lib/python3.12/site-packages/azure/synapse/artifacts/models/_models_py3.py:61250: SyntaxWarning: invalid escape sequence '\d'
  """

/home/***/.local/lib/python3.12/site-packages/azure/synapse/artifacts/models/_models_py3.py:61306: SyntaxWarning: invalid escape sequence '\d'
  """A copy activity SQL source.

/home/***/.local/lib/python3.12/site-packages/azure/synapse/artifacts/models/_models_py3.py:61387: SyntaxWarning: invalid escape sequence '\d'
  """

/home/***/.local/lib/python3.12/site-packages/azure/synapse/artifacts/models/_models_py3.py:61696: SyntaxWarning: invalid escape sequence '\d'
  """A copy activity Square Service source.

/home/***/.local/lib/python3.12/site-packages/azure/synapse/artifacts/models/_models_py3.py:61752: SyntaxWarning: invalid escape sequence '\d'
  """

/home/***/.local/lib/python3.12/site-packages/azure/synapse/artifacts/models/_models_py3.py:61954: SyntaxWarning: invalid escape sequence '\d'
  """SSIS package execution log location.

/home/***/.local/lib/python3.12/site-packages/azure/synapse/artifacts/models/_models_py3.py:61992: SyntaxWarning: invalid escape sequence '\d'
  """

/home/***/.local/lib/python3.12/site-packages/azure/synapse/artifacts/models/_models_py3.py:62660: SyntaxWarning: invalid escape sequence '\d'
  """A copy activity source for Sybase databases.

/home/***/.local/lib/python3.12/site-packages/azure/synapse/artifacts/models/_models_py3.py:62715: SyntaxWarning: invalid escape sequence '\d'
  """

/home/***/.local/lib/python3.12/site-packages/azure/synapse/artifacts/models/_models_py3.py:63882: SyntaxWarning: invalid escape sequence '\d'
  """A copy activity Teradata source.

/home/***/.local/lib/python3.12/site-packages/azure/synapse/artifacts/models/_models_py3.py:63946: SyntaxWarning: invalid escape sequence '\d'
  """

/home/***/.local/lib/python3.12/site-packages/azure/synapse/artifacts/models/_models_py3.py:64582: SyntaxWarning: invalid escape sequence '\d'
  """Trigger that schedules pipeline runs for all fixed time interval windows from a start time

/home/***/.local/lib/python3.12/site-packages/azure/synapse/artifacts/models/_models_py3.py:64674: SyntaxWarning: invalid escape sequence '\d'
  """

/home/***/.local/lib/python3.12/site-packages/azure/synapse/artifacts/models/_models_py3.py:64940: SyntaxWarning: invalid escape sequence '\d'
  """This activity executes inner activities until the specified boolean expression results to true

/home/***/.local/lib/python3.12/site-packages/azure/synapse/artifacts/models/_models_py3.py:65014: SyntaxWarning: invalid escape sequence '\d'
  """

/home/***/.local/lib/python3.12/site-packages/azure/synapse/artifacts/models/_models_py3.py:65117: SyntaxWarning: invalid escape sequence '\d'
  """This activity verifies that an external resource exists.

/home/***/.local/lib/python3.12/site-packages/azure/synapse/artifacts/models/_models_py3.py:65199: SyntaxWarning: invalid escape sequence '\d'
  """

/home/***/.local/lib/python3.12/site-packages/azure/synapse/artifacts/models/_models_py3.py:65385: SyntaxWarning: invalid escape sequence '\d'
  """A copy activity Vertica source.

/home/***/.local/lib/python3.12/site-packages/azure/synapse/artifacts/models/_models_py3.py:65441: SyntaxWarning: invalid escape sequence '\d'
  """

/home/***/.local/lib/python3.12/site-packages/azure/synapse/artifacts/models/_models_py3.py:65874: SyntaxWarning: invalid escape sequence '\d'
  """A copy activity Microsoft Fabric Warehouse sink.

/home/***/.local/lib/python3.12/site-packages/azure/synapse/artifacts/models/_models_py3.py:65950: SyntaxWarning: invalid escape sequence '\d'
  """

/home/***/.local/lib/python3.12/site-packages/azure/synapse/artifacts/models/_models_py3.py:66003: SyntaxWarning: invalid escape sequence '\d'
  """A copy activity Microsoft Fabric Warehouse source.

/home/***/.local/lib/python3.12/site-packages/azure/synapse/artifacts/models/_models_py3.py:66087: SyntaxWarning: invalid escape sequence '\d'
  """

/home/***/.local/lib/python3.12/site-packages/azure/synapse/artifacts/models/_models_py3.py:66686: SyntaxWarning: invalid escape sequence '\d'
  """WebHook activity.

/home/***/.local/lib/python3.12/site-packages/azure/synapse/artifacts/models/_models_py3.py:66779: SyntaxWarning: invalid escape sequence '\d'
  """

/home/***/.local/lib/python3.12/site-packages/azure/synapse/artifacts/models/_models_py3.py:66918: SyntaxWarning: invalid escape sequence '\d'
  """A copy activity source for web page table.

/home/***/.local/lib/python3.12/site-packages/azure/synapse/artifacts/models/_models_py3.py:66964: SyntaxWarning: invalid escape sequence '\d'
  """

/home/***/.local/lib/python3.12/site-packages/azure/synapse/artifacts/models/_models_py3.py:67735: SyntaxWarning: invalid escape sequence '\d'
  """A copy activity Xero Service source.

/home/***/.local/lib/python3.12/site-packages/azure/synapse/artifacts/models/_models_py3.py:67791: SyntaxWarning: invalid escape sequence '\d'
  """

/home/***/.local/lib/python3.12/site-packages/azure/synapse/artifacts/models/_models_py3.py:68043: SyntaxWarning: invalid escape sequence '\d'
  """A copy activity Xml source.

/home/***/.local/lib/python3.12/site-packages/azure/synapse/artifacts/models/_models_py3.py:68097: SyntaxWarning: invalid escape sequence '\d'
  """

/home/***/.local/lib/python3.12/site-packages/azure/synapse/artifacts/models/_models_py3.py:68532: SyntaxWarning: invalid escape sequence '\d'
  """A copy activity Zoho server source.

/home/***/.local/lib/python3.12/site-packages/azure/synapse/artifacts/models/_models_py3.py:68588: SyntaxWarning: invalid escape sequence '\d'
  """

::group::Post task execution logs
Marking task as SUCCESS. dag_id=get_new_maindb_data_list_from_data_catalogue, task_id=trigger_process_new_main_db_data, run_id=manual__2026-03-06T06:47:13.364878+00:00, execution_date=20260306T064713, start_date=20260306T064726, end_date=20260306T064734
Task exited with return code 0
0 downstream tasks scheduled from follow-on schedule check
::endgroup::
