::group::Pre task execution logs
Dependencies all met for dep_context=non-requeueable deps ti=<TaskInstance: upload_main_db_data.get_main_db_records manual__2026-02-10T05:06:37.286061+00:00 [queued]>
Dependencies all met for dep_context=requeueable deps ti=<TaskInstance: upload_main_db_data.get_main_db_records manual__2026-02-10T05:06:37.286061+00:00 [queued]>
Starting attempt 1 of 1
Executing <Task(_PythonDecoratedOperator): get_main_db_records> on 2026-02-10 05:06:37.286061+00:00
/home/***/.local/lib/python3.12/site-packages/***/task/task_runner/standard_task_runner.py:62: DeprecationWarning: This process (pid=37045) is multi-threaded, use of fork() may lead to deadlocks in the child.
  pid = os.fork()

Started process 37047 to run task
Running: ['***', 'tasks', 'run', 'upload_main_db_data', 'get_main_db_records', 'manual__2026-02-10T05:06:37.286061+00:00', '--job-id', '108', '--raw', '--subdir', 'DAGS_FOLDER/upload_new_maindb_data.py', '--cfg-path', '/tmp/tmpfdrwymv7']
Job 108: Subtask get_main_db_records
Running <TaskInstance: upload_main_db_data.get_main_db_records manual__2026-02-10T05:06:37.286061+00:00 [running]> on host 752fea1deb88
Exporting env vars: AIRFLOW_CTX_DAG_OWNER='***' AIRFLOW_CTX_DAG_ID='upload_main_db_data' AIRFLOW_CTX_TASK_ID='get_main_db_records' AIRFLOW_CTX_EXECUTION_DATE='2026-02-10T05:06:37.286061+00:00' AIRFLOW_CTX_TRY_NUMBER='1' AIRFLOW_CTX_DAG_RUN_ID='manual__2026-02-10T05:06:37.286061+00:00'
::endgroup::
Получено записей для обработки: 1
Done. Returned value was: [{'data_source_id': '289c288e-ccf8-a441-ae8d-f36862eded0a', 'main_db_id': '289c288e-ccf8-a441-ae8d-f36862eded0a', 'main_db_name': 'Acron', 'last_update': '2026-02-05T12:18:13', 'upload_date_time': '2026-02-05T12:18:49', 'created_dttm': '2026-02-05T09:18:49.508082', 'hdfs_full_path': '/test_raw_data/data/Acron/MainDb/Acron_2026-02-05 12-18.db', 'data_type': 'MainDb', 'data_format': 'sqlite', 'is_uploaded_to_dwh': False}]
::group::Post task execution logs
Marking task as SUCCESS. dag_id=upload_main_db_data, task_id=get_main_db_records, run_id=manual__2026-02-10T05:06:37.286061+00:00, execution_date=20260210T050637, start_date=20260210T050639, end_date=20260210T050640
Task exited with return code 0
2 downstream tasks scheduled from follow-on schedule check
::endgroup::
