::group::Pre task execution logs
Dependencies all met for dep_context=non-requeueable deps ti=<TaskInstance: upload_main_db_data_dag.upload_main_db_data_to_staging manual__2026-03-10T08:12:17.294324+00:00 [queued]>
Dependencies all met for dep_context=requeueable deps ti=<TaskInstance: upload_main_db_data_dag.upload_main_db_data_to_staging manual__2026-03-10T08:12:17.294324+00:00 [queued]>
Starting attempt 1 of 3
Executing <Task(_PythonDecoratedOperator): upload_main_db_data_to_staging> on 2026-03-10 08:12:17.294324+00:00
/home/***/.local/lib/python3.12/site-packages/***/task/task_runner/standard_task_runner.py:62: DeprecationWarning: This process (pid=7877) is multi-threaded, use of fork() may lead to deadlocks in the child.
  pid = os.fork()

Started process 7879 to run task
Running: ['***', 'tasks', 'run', 'upload_main_db_data_dag', 'upload_main_db_data_to_staging', 'manual__2026-03-10T08:12:17.294324+00:00', '--job-id', '2194', '--raw', '--subdir', 'DAGS_FOLDER/upload_main_db_data_dag.py', '--cfg-path', '/tmp/tmphi5mto_1']
Job 2194: Subtask upload_main_db_data_to_staging
Running <TaskInstance: upload_main_db_data_dag.upload_main_db_data_to_staging manual__2026-03-10T08:12:17.294324+00:00 [running]> on host 252804bf5bed
Exporting env vars: AIRFLOW_CTX_DAG_OWNER='***' AIRFLOW_CTX_DAG_ID='upload_main_db_data_dag' AIRFLOW_CTX_TASK_ID='upload_main_db_data_to_staging' AIRFLOW_CTX_EXECUTION_DATE='2026-03-10T08:12:17.294324+00:00' AIRFLOW_CTX_TRY_NUMBER='1' AIRFLOW_CTX_DAG_RUN_ID='manual__2026-03-10T08:12:17.294324+00:00'
::endgroup::
Using connection ID 'hdfs_default' for task execution.
Trying to connect to namenode:9870
Trying namenode namenode
Instantiated <InsecureClient(url='http://namenode:9870')>.
Fetching status for '/'.
Using namenode namenode for hook
Fetching status for '/test_raw_data/data/Acron/MainDb/Acron.db'.
Reading file '/test_raw_data/data/Acron/MainDb/Acron.db'.
✅ Uploading data from MeasureGroups table!
Using connection ID 'cloudberry_test_dwh' for task execution.
Using data_source_id: 289c288e-ccf8-a441-ae8d-f36862eded0a
✅ Loaded 22 rows to stg_measure_groups
✅ Uploading data from AggregateNotificationConfigs table!
Using connection ID 'cloudberry_test_dwh' for task execution.
Using data_source_id: 289c288e-ccf8-a441-ae8d-f36862eded0a
No data to process in SQLite
✅ Uploading data from Aggregates table!
Using connection ID 'cloudberry_test_dwh' for task execution.
Using data_source_id: 289c288e-ccf8-a441-ae8d-f36862eded0a
No data to process in SQLite
✅ Uploading data from Annotation table!
Using connection ID 'cloudberry_test_dwh' for task execution.
Using data_source_id: 289c288e-ccf8-a441-ae8d-f36862eded0a
✅ Loaded 22 rows to stg_annotation
✅ Uploading data from Bearings table!
Using connection ID 'cloudberry_test_dwh' for task execution.
Using data_source_id: 289c288e-ccf8-a441-ae8d-f36862eded0a
✅ Loaded 1252 rows to stg_bearings
✅ Uploading data from DiagnosticAlarmHistory_v2 table!
Using connection ID 'cloudberry_test_dwh' for task execution.
Using data_source_id: 289c288e-ccf8-a441-ae8d-f36862eded0a
✅ Loaded 26113 rows to stg_diagnostic_alarm_history_v2
✅ Uploading data from DiagnosticAlarms_v2 table!
Using connection ID 'cloudberry_test_dwh' for task execution.
Using data_source_id: 289c288e-ccf8-a441-ae8d-f36862eded0a
✅ Loaded 8578 rows to stg_diagnostic_alarms_v2
✅ Uploading data from EmailAddresses table!
Using connection ID 'cloudberry_test_dwh' for task execution.
Using data_source_id: 289c288e-ccf8-a441-ae8d-f36862eded0a
No data to process in SQLite
✅ Uploading data from IOCreytChannelConfigs table!
Using connection ID 'cloudberry_test_dwh' for task execution.
Using data_source_id: 289c288e-ccf8-a441-ae8d-f36862eded0a
✅ Loaded 1204 rows to stg_io_creyt_channel_configs
✅ Uploading data from IOCreytChannelConfigs_v5 table!
Using connection ID 'cloudberry_test_dwh' for task execution.
Using data_source_id: 289c288e-ccf8-a441-ae8d-f36862eded0a
✅ Loaded 336 rows to stg_io_creyt_channel_configs_v5
✅ Uploading data from IOCreytChannelStates table!
Using connection ID 'cloudberry_test_dwh' for task execution.
Using data_source_id: 289c288e-ccf8-a441-ae8d-f36862eded0a
✅ Loaded 1316 rows to stg_io_creyt_channel_states
✅ Uploading data from IOCreytChannelStates_v5 table!
Using connection ID 'cloudberry_test_dwh' for task execution.
Using data_source_id: 289c288e-ccf8-a441-ae8d-f36862eded0a
✅ Loaded 336 rows to stg_io_creyt_channel_states_v5
✅ Uploading data from IOCreytConfigs table!
Using connection ID 'cloudberry_test_dwh' for task execution.
Using data_source_id: 289c288e-ccf8-a441-ae8d-f36862eded0a
✅ Loaded 43 rows to stg_io_creyt_configs
✅ Uploading data from IOCreytConfigs_v5 table!
Using connection ID 'cloudberry_test_dwh' for task execution.
Using data_source_id: 289c288e-ccf8-a441-ae8d-f36862eded0a
✅ Loaded 6 rows to stg_io_creyt_configs_v5
✅ Uploading data from IOCreytControllerStates table!
Using connection ID 'cloudberry_test_dwh' for task execution.
Using data_source_id: 289c288e-ccf8-a441-ae8d-f36862eded0a
✅ Loaded 490 rows to stg_io_creyt_controller_states
✅ Uploading data from IOCreytControllerStates_v5 table!
Using connection ID 'cloudberry_test_dwh' for task execution.
Using data_source_id: 289c288e-ccf8-a441-ae8d-f36862eded0a
✅ Loaded 84 rows to stg_io_creyt_controller_states_v5
✅ Uploading data from IOCreytIMOperTimes table!
Using connection ID 'cloudberry_test_dwh' for task execution.
Using data_source_id: 289c288e-ccf8-a441-ae8d-f36862eded0a
✅ Loaded 35 rows to stg_io_creyt_im_oper_times
✅ Uploading data from IOCreytIMOperTimes_v5 table!
Using connection ID 'cloudberry_test_dwh' for task execution.
Using data_source_id: 289c288e-ccf8-a441-ae8d-f36862eded0a
✅ Loaded 5 rows to stg_io_creyt_im_oper_times_v5
✅ Uploading data from IODeviceConfigNodes table!
Using connection ID 'cloudberry_test_dwh' for task execution.
Using data_source_id: 289c288e-ccf8-a441-ae8d-f36862eded0a
✅ Loaded 2 rows to stg_io_device_config_nodes
✅ Uploading data from IODeviceConfigs table!
Using connection ID 'cloudberry_test_dwh' for task execution.
Using data_source_id: 289c288e-ccf8-a441-ae8d-f36862eded0a
✅ Loaded 11 rows to stg_io_device_configs
✅ Uploading data from IOLCardChannelConfigs table!
Using connection ID 'cloudberry_test_dwh' for task execution.
Using data_source_id: 289c288e-ccf8-a441-ae8d-f36862eded0a
No data to process in SQLite
✅ Uploading data from IOLCardConfigs table!
Using connection ID 'cloudberry_test_dwh' for task execution.
Using data_source_id: 289c288e-ccf8-a441-ae8d-f36862eded0a
✅ Loaded 1 rows to stg_io_l_card_configs
✅ Uploading data from IOLCardCrateConfigs table!
Using connection ID 'cloudberry_test_dwh' for task execution.
Using data_source_id: 289c288e-ccf8-a441-ae8d-f36862eded0a
No data to process in SQLite
✅ Uploading data from IOLCardCrateSync table!
Using connection ID 'cloudberry_test_dwh' for task execution.
Using data_source_id: 289c288e-ccf8-a441-ae8d-f36862eded0a
No data to process in SQLite
✅ Uploading data from IOLCardInputConfigs table!
Using connection ID 'cloudberry_test_dwh' for task execution.
Using data_source_id: 289c288e-ccf8-a441-ae8d-f36862eded0a
No data to process in SQLite
✅ Uploading data from IOLCardLogicInputConfigs table!
Using connection ID 'cloudberry_test_dwh' for task execution.
Using data_source_id: 289c288e-ccf8-a441-ae8d-f36862eded0a
No data to process in SQLite
✅ Uploading data from IOLCardModuleConfigs table!
Using connection ID 'cloudberry_test_dwh' for task execution.
Using data_source_id: 289c288e-ccf8-a441-ae8d-f36862eded0a
No data to process in SQLite
✅ Uploading data from IOMQTTConfigs table!
Using connection ID 'cloudberry_test_dwh' for task execution.
Using data_source_id: 289c288e-ccf8-a441-ae8d-f36862eded0a
No data to process in SQLite
✅ Uploading data from IOMQTTDevEUIConfigs table!
Using connection ID 'cloudberry_test_dwh' for task execution.
Using data_source_id: 289c288e-ccf8-a441-ae8d-f36862eded0a
No data to process in SQLite
✅ Uploading data from IOModbusTcpConfigs table!
Using connection ID 'cloudberry_test_dwh' for task execution.
Using data_source_id: 289c288e-ccf8-a441-ae8d-f36862eded0a
✅ Loaded 46 rows to stg_io_modbus_tcp_configs
✅ Uploading data from IOModbusTcpRegisterConfigs table!
Using connection ID 'cloudberry_test_dwh' for task execution.
Using data_source_id: 289c288e-ccf8-a441-ae8d-f36862eded0a
✅ Loaded 3615 rows to stg_io_modbus_tcp_register_configs
✅ Uploading data from IOModbusTcpRegisterConfigs_TMP table!
Using connection ID 'cloudberry_test_dwh' for task execution.
Using data_source_id: 289c288e-ccf8-a441-ae8d-f36862eded0a
No data to process in SQLite
✅ Uploading data from IOModbustcpRegisterBitDecompressionConfigs table!
Using connection ID 'cloudberry_test_dwh' for task execution.
Using data_source_id: 289c288e-ccf8-a441-ae8d-f36862eded0a
✅ Loaded 3833 rows to stg_io_modbus_tcp_register_bit_decompression_configs
✅ Uploading data from IOOpcDaClientConfigs table!
Using connection ID 'cloudberry_test_dwh' for task execution.
Using data_source_id: 289c288e-ccf8-a441-ae8d-f36862eded0a
✅ Loaded 11 rows to stg_io_opc_da_client_configs
✅ Uploading data from IOOpcDaClientGroupConfigs table!
Using connection ID 'cloudberry_test_dwh' for task execution.
Using data_source_id: 289c288e-ccf8-a441-ae8d-f36862eded0a
✅ Loaded 34 rows to stg_io_opc_da_client_group_configs
✅ Uploading data from IOOpcDaClientItemConfigs table!
Using connection ID 'cloudberry_test_dwh' for task execution.
Using data_source_id: 289c288e-ccf8-a441-ae8d-f36862eded0a
✅ Loaded 1262 rows to stg_io_opc_da_client_item_configs
✅ Uploading data from IOOpcUaClientConfigs table!
Using connection ID 'cloudberry_test_dwh' for task execution.
Using data_source_id: 289c288e-ccf8-a441-ae8d-f36862eded0a
✅ Loaded 6 rows to stg_io_opc_ua_client_configs
✅ Uploading data from IOOpcUaClientGroupConfigs table!
Using connection ID 'cloudberry_test_dwh' for task execution.
Using data_source_id: 289c288e-ccf8-a441-ae8d-f36862eded0a
No data to process in SQLite
✅ Uploading data from IOOpcUaClientItemConfigs table!
Using connection ID 'cloudberry_test_dwh' for task execution.
Using data_source_id: 289c288e-ccf8-a441-ae8d-f36862eded0a
No data to process in SQLite
✅ Uploading data from IOOpcUaClientTransformItemConfigs table!
Using connection ID 'cloudberry_test_dwh' for task execution.
Using data_source_id: 289c288e-ccf8-a441-ae8d-f36862eded0a
No data to process in SQLite
✅ Uploading data from Images table!
Using connection ID 'cloudberry_test_dwh' for task execution.
Using data_source_id: 289c288e-ccf8-a441-ae8d-f36862eded0a
✅ Loaded 125 rows to stg_images
✅ Uploading data from MeasureConvert table!
Using connection ID 'cloudberry_test_dwh' for task execution.
Using data_source_id: 289c288e-ccf8-a441-ae8d-f36862eded0a
✅ Loaded 179 rows to stg_measure_convert
✅ Uploading data from MeasureUnits table!
Using connection ID 'cloudberry_test_dwh' for task execution.
Using data_source_id: 289c288e-ccf8-a441-ae8d-f36862eded0a
✅ Loaded 55 rows to stg_measure_units
✅ Uploading data from ModelTemplateTreeNodes table!
Using connection ID 'cloudberry_test_dwh' for task execution.
Using data_source_id: 289c288e-ccf8-a441-ae8d-f36862eded0a
✅ Loaded 15 rows to stg_model_template_tree_nodes
✅ Uploading data from ModelTemplates table!
Using connection ID 'cloudberry_test_dwh' for task execution.
Using data_source_id: 289c288e-ccf8-a441-ae8d-f36862eded0a
✅ Loaded 146 rows to stg_model_templates
✅ Uploading data from ObjectDataValues_DiagnosticArray_Live_v2 table!
Using connection ID 'cloudberry_test_dwh' for task execution.
Using data_source_id: 289c288e-ccf8-a441-ae8d-f36862eded0a
No data to process in SQLite
✅ Uploading data from ObjectDataValues_DiagnosticArray_v2 table!
Using connection ID 'cloudberry_test_dwh' for task execution.
Using data_source_id: 289c288e-ccf8-a441-ae8d-f36862eded0a
No data to process in SQLite
✅ Uploading data from ObjectDataValues_Live_v2 table!
Using connection ID 'cloudberry_test_dwh' for task execution.
Using data_source_id: 289c288e-ccf8-a441-ae8d-f36862eded0a
No data to process in SQLite
✅ Uploading data from ObjectDataValues_common_snapshot table!
Using connection ID 'cloudberry_test_dwh' for task execution.
Using data_source_id: 289c288e-ccf8-a441-ae8d-f36862eded0a
✅ Loaded 107097 rows to stg_object_data_values_common_snapshot
✅ Uploading data from ObjectDataValues_common_snapshot_save table!
Using connection ID 'cloudberry_test_dwh' for task execution.
Using data_source_id: 289c288e-ccf8-a441-ae8d-f36862eded0a
✅ Loaded 107231 rows to stg_object_data_values_common_snapshot_save
✅ Uploading data from ObjectDataValues_history_snapshot table!
Using connection ID 'cloudberry_test_dwh' for task execution.
Using data_source_id: 289c288e-ccf8-a441-ae8d-f36862eded0a
No data to process in SQLite
✅ Uploading data from ObjectDataValues_snapshot table!
Using connection ID 'cloudberry_test_dwh' for task execution.
Using data_source_id: 289c288e-ccf8-a441-ae8d-f36862eded0a
No data to process in SQLite
✅ Uploading data from ObjectDataValues_snapshot_single table!
Using connection ID 'cloudberry_test_dwh' for task execution.
Using data_source_id: 289c288e-ccf8-a441-ae8d-f36862eded0a
✅ Loaded 165227 rows to stg_object_data_values_snapshot_single
✅ Uploading data from ObjectDataValues_v2 table!
Using connection ID 'cloudberry_test_dwh' for task execution.
Using data_source_id: 289c288e-ccf8-a441-ae8d-f36862eded0a
No data to process in SQLite
✅ Uploading data from ObjectGroupDescriptors table!
Using connection ID 'cloudberry_test_dwh' for task execution.
Using data_source_id: 289c288e-ccf8-a441-ae8d-f36862eded0a
No data to process in SQLite
✅ Uploading data from ObjectGroups table!
Using connection ID 'cloudberry_test_dwh' for task execution.
Using data_source_id: 289c288e-ccf8-a441-ae8d-f36862eded0a
No data to process in SQLite
✅ Uploading data from ObjectProperties table!
Using connection ID 'cloudberry_test_dwh' for task execution.
Using data_source_id: 289c288e-ccf8-a441-ae8d-f36862eded0a
✅ Loaded 108955 rows to stg_object_properties
✅ Uploading data from ObjectPropertyDescriptorNodes table!
Using connection ID 'cloudberry_test_dwh' for task execution.
Using data_source_id: 289c288e-ccf8-a441-ae8d-f36862eded0a
✅ Loaded 298 rows to stg_object_property_descriptor_nodes
✅ Uploading data from ObjectPropertyDescriptors table!
Using connection ID 'cloudberry_test_dwh' for task execution.
Using data_source_id: 289c288e-ccf8-a441-ae8d-f36862eded0a
✅ Loaded 1930 rows to stg_object_property_descriptors
✅ Uploading data from ObjectRules table!
Using connection ID 'cloudberry_test_dwh' for task execution.
Using data_source_id: 289c288e-ccf8-a441-ae8d-f36862eded0a
✅ Loaded 23618 rows to stg_object_rules
✅ Uploading data from ObjectTemplates table!
Using connection ID 'cloudberry_test_dwh' for task execution.
Using data_source_id: 289c288e-ccf8-a441-ae8d-f36862eded0a
No data to process in SQLite
✅ Uploading data from ObjectTypeDescriptors table!
Using connection ID 'cloudberry_test_dwh' for task execution.
Using data_source_id: 289c288e-ccf8-a441-ae8d-f36862eded0a
✅ Loaded 404 rows to stg_object_type_descriptors
✅ Uploading data from ObjectTypes table!
Using connection ID 'cloudberry_test_dwh' for task execution.
Using data_source_id: 289c288e-ccf8-a441-ae8d-f36862eded0a
✅ Loaded 7119 rows to stg_object_types
✅ Uploading data from Objects table!
Using connection ID 'cloudberry_test_dwh' for task execution.
Using data_source_id: 289c288e-ccf8-a441-ae8d-f36862eded0a
✅ Loaded 8961 rows to stg_objects
✅ Uploading data from PionRouteObjectsLists table!
Using connection ID 'cloudberry_test_dwh' for task execution.
Using data_source_id: 289c288e-ccf8-a441-ae8d-f36862eded0a
✅ Loaded 7 rows to stg_pion_route_objects_lists
✅ Uploading data from PouUserDefinedItems table!
Using connection ID 'cloudberry_test_dwh' for task execution.
Using data_source_id: 289c288e-ccf8-a441-ae8d-f36862eded0a
✅ Loaded 657 rows to stg_pou_user_defined_items
✅ Uploading data from PouUserItemsTree table!
Using connection ID 'cloudberry_test_dwh' for task execution.
Using data_source_id: 289c288e-ccf8-a441-ae8d-f36862eded0a
✅ Loaded 49 rows to stg_pou_user_items_tree
✅ Uploading data from PresetChartSettings table!
Using connection ID 'cloudberry_test_dwh' for task execution.
Using data_source_id: 289c288e-ccf8-a441-ae8d-f36862eded0a
✅ Loaded 1 rows to stg_preset_chart_settings
✅ Uploading data from TikExpertSlices table!
Using connection ID 'cloudberry_test_dwh' for task execution.
Using data_source_id: 289c288e-ccf8-a441-ae8d-f36862eded0a
✅ Loaded 22 rows to stg_tik_expert_slices
✅ Uploading data from TikScadaLog table!
Using connection ID 'cloudberry_test_dwh' for task execution.
Using data_source_id: 289c288e-ccf8-a441-ae8d-f36862eded0a
No data to process in SQLite
✅ Uploading data from UserDefinedPropertyLists table!
Using connection ID 'cloudberry_test_dwh' for task execution.
Using data_source_id: 289c288e-ccf8-a441-ae8d-f36862eded0a
✅ Loaded 181 rows to stg_user_defined_property_lists
✅ Uploading data from UserDefinedPropertyListsTypes table!
Using connection ID 'cloudberry_test_dwh' for task execution.
Using data_source_id: 289c288e-ccf8-a441-ae8d-f36862eded0a
✅ Loaded 8 rows to stg_user_defined_property_lists_types
✅ Uploading data from UserDefinedTilesPropertiesConfigs table!
Using connection ID 'cloudberry_test_dwh' for task execution.
Using data_source_id: 289c288e-ccf8-a441-ae8d-f36862eded0a
✅ Loaded 2 rows to stg_user_defined_tiles_properties_configs
✅ Uploading data from UserLog table!
Using connection ID 'cloudberry_test_dwh' for task execution.
Using data_source_id: 289c288e-ccf8-a441-ae8d-f36862eded0a
No data to process in SQLite
Using connection ID 'cloudberry_test_dwh' for task execution.
Удалено дубликатов из таблицы stg_pou_user_defined_items: 0
Using connection ID 'cloudberry_test_dwh' for task execution.
Удалено дубликатов из таблицы stg_pou_user_items_tree: 0
Done. Returned value was: True
::group::Post task execution logs
Marking task as SUCCESS. dag_id=upload_main_db_data_dag, task_id=upload_main_db_data_to_staging, run_id=manual__2026-03-10T08:12:17.294324+00:00, execution_date=20260310T081217, start_date=20260310T081219, end_date=20260310T082235
Task exited with return code 0
1 downstream tasks scheduled from follow-on schedule check
::endgroup::
