::group::Pre task execution logs
Dependencies all met for dep_context=non-requeueable deps ti=<TaskInstance: upload_main_db_data_dag.upload_staging_to_habs manual__2026-03-06T11:07:48.928280+00:00 map_index=41 [queued]>
Dependencies all met for dep_context=requeueable deps ti=<TaskInstance: upload_main_db_data_dag.upload_staging_to_habs manual__2026-03-06T11:07:48.928280+00:00 map_index=41 [queued]>
Starting attempt 1 of 3
Executing <Mapped(_PythonDecoratedOperator): upload_staging_to_habs> on 2026-03-06 11:07:48.928280+00:00
/home/***/.local/lib/python3.12/site-packages/***/task/task_runner/standard_task_runner.py:62: DeprecationWarning: This process (pid=9802) is multi-threaded, use of fork() may lead to deadlocks in the child.
  pid = os.fork()

Started process 9830 to run task
Running: ['***', 'tasks', 'run', 'upload_main_db_data_dag', 'upload_staging_to_habs', 'manual__2026-03-06T11:07:48.928280+00:00', '--job-id', '1744', '--raw', '--subdir', 'DAGS_FOLDER/upload_main_db_data_dag.py', '--cfg-path', '/tmp/tmpl6t7zjou', '--map-index', '41']
Job 1744: Subtask upload_staging_to_habs
Running <TaskInstance: upload_main_db_data_dag.upload_staging_to_habs manual__2026-03-06T11:07:48.928280+00:00 map_index=41 [running]> on host f8ce57da4327
Exporting env vars: AIRFLOW_CTX_DAG_OWNER='***' AIRFLOW_CTX_DAG_ID='upload_main_db_data_dag' AIRFLOW_CTX_TASK_ID='upload_staging_to_habs' AIRFLOW_CTX_EXECUTION_DATE='2026-03-06T11:07:48.928280+00:00' AIRFLOW_CTX_TRY_NUMBER='1' AIRFLOW_CTX_DAG_RUN_ID='manual__2026-03-06T11:07:48.928280+00:00'
::endgroup::
✅ Uploading staging data from stg_io_l_card_logic_input_configs table to h_io_lcard_logic_input_configs hub table!
Using connection ID 'cloudberry_test_dwh' for task execution.
Hub: inserted 0 new keys
Done. Returned value was: {'hub_inserted': 0, 'status': 'success'}
::group::Post task execution logs
Marking task as SUCCESS. dag_id=upload_main_db_data_dag, task_id=upload_staging_to_habs, run_id=manual__2026-03-06T11:07:48.928280+00:00, map_index=41, execution_date=20260306T110748, start_date=20260306T110801, end_date=20260306T110801
Task exited with return code 0
0 downstream tasks scheduled from follow-on schedule check
::endgroup::
