::group::Pre task execution logs
Dependencies all met for dep_context=non-requeueable deps ti=<TaskInstance: upload_new_main_db_data.process_main_db_record.trigger_data_upload manual__2026-02-26T04:34:06.616334+00:00 map_index=0 [queued]>
Dependencies all met for dep_context=requeueable deps ti=<TaskInstance: upload_new_main_db_data.process_main_db_record.trigger_data_upload manual__2026-02-26T04:34:06.616334+00:00 map_index=0 [queued]>
Starting attempt 1 of 1
Executing <Task(TriggerDagRunOperator): process_main_db_record.trigger_data_upload> on 2026-02-26 04:34:06.616334+00:00
/home/***/.local/lib/python3.12/site-packages/***/task/task_runner/standard_task_runner.py:62: DeprecationWarning: This process (pid=554) is multi-threaded, use of fork() may lead to deadlocks in the child.
  pid = os.fork()

Started process 563 to run task
Running: ['***', 'tasks', 'run', 'upload_new_main_db_data', 'process_main_db_record.trigger_data_upload', 'manual__2026-02-26T04:34:06.616334+00:00', '--job-id', '445', '--raw', '--subdir', 'DAGS_FOLDER/upload_new_maindb_data_dag.py', '--cfg-path', '/tmp/tmpbkpq6zlk', '--map-index', '0']
Job 445: Subtask process_main_db_record.trigger_data_upload
Running <TaskInstance: upload_new_main_db_data.process_main_db_record.trigger_data_upload manual__2026-02-26T04:34:06.616334+00:00 map_index=0 [running]> on host ca2006464258
Exporting env vars: AIRFLOW_CTX_DAG_OWNER='***' AIRFLOW_CTX_DAG_ID='upload_new_main_db_data' AIRFLOW_CTX_TASK_ID='process_main_db_record.trigger_data_upload' AIRFLOW_CTX_EXECUTION_DATE='2026-02-26T04:34:06.616334+00:00' AIRFLOW_CTX_TRY_NUMBER='1' AIRFLOW_CTX_DAG_RUN_ID='manual__2026-02-26T04:34:06.616334+00:00'
::endgroup::
Waiting for upload_main_db_data_dag on 2026-02-26 04:35:54.476615+00:00 to become allowed state ['success'] ...
Waiting for upload_main_db_data_dag on 2026-02-26 04:35:54.476615+00:00 to become allowed state ['success'] ...
Waiting for upload_main_db_data_dag on 2026-02-26 04:35:54.476615+00:00 to become allowed state ['success'] ...
Waiting for upload_main_db_data_dag on 2026-02-26 04:35:54.476615+00:00 to become allowed state ['success'] ...
Waiting for upload_main_db_data_dag on 2026-02-26 04:35:54.476615+00:00 to become allowed state ['success'] ...
Waiting for upload_main_db_data_dag on 2026-02-26 04:35:54.476615+00:00 to become allowed state ['success'] ...
Waiting for upload_main_db_data_dag on 2026-02-26 04:35:54.476615+00:00 to become allowed state ['success'] ...
Waiting for upload_main_db_data_dag on 2026-02-26 04:35:54.476615+00:00 to become allowed state ['success'] ...
Waiting for upload_main_db_data_dag on 2026-02-26 04:35:54.476615+00:00 to become allowed state ['success'] ...
Waiting for upload_main_db_data_dag on 2026-02-26 04:35:54.476615+00:00 to become allowed state ['success'] ...
Waiting for upload_main_db_data_dag on 2026-02-26 04:35:54.476615+00:00 to become allowed state ['success'] ...
Waiting for upload_main_db_data_dag on 2026-02-26 04:35:54.476615+00:00 to become allowed state ['success'] ...
Waiting for upload_main_db_data_dag on 2026-02-26 04:35:54.476615+00:00 to become allowed state ['success'] ...
Waiting for upload_main_db_data_dag on 2026-02-26 04:35:54.476615+00:00 to become allowed state ['success'] ...
Waiting for upload_main_db_data_dag on 2026-02-26 04:35:54.476615+00:00 to become allowed state ['success'] ...
Waiting for upload_main_db_data_dag on 2026-02-26 04:35:54.476615+00:00 to become allowed state ['success'] ...
Waiting for upload_main_db_data_dag on 2026-02-26 04:35:54.476615+00:00 to become allowed state ['success'] ...
Waiting for upload_main_db_data_dag on 2026-02-26 04:35:54.476615+00:00 to become allowed state ['success'] ...
Waiting for upload_main_db_data_dag on 2026-02-26 04:35:54.476615+00:00 to become allowed state ['success'] ...
Waiting for upload_main_db_data_dag on 2026-02-26 04:35:54.476615+00:00 to become allowed state ['success'] ...
Waiting for upload_main_db_data_dag on 2026-02-26 04:35:54.476615+00:00 to become allowed state ['success'] ...
::group::Post task execution logs
Task failed with exception
Traceback (most recent call last):
  File "/home/airflow/.local/lib/python3.12/site-packages/airflow/models/taskinstance.py", line 460, in _execute_task
    result = _execute_callable(context=context, **execute_callable_kwargs)
             ^^^^^^^^^^^^^^^^^^^^^^^^^^^^^^^^^^^^^^^^^^^^^^^^^^^^^^^^^^^^^
  File "/home/airflow/.local/lib/python3.12/site-packages/airflow/models/taskinstance.py", line 432, in _execute_callable
    return execute_callable(context=context, **execute_callable_kwargs)
           ^^^^^^^^^^^^^^^^^^^^^^^^^^^^^^^^^^^^^^^^^^^^^^^^^^^^^^^^^^^^
  File "/home/airflow/.local/lib/python3.12/site-packages/airflow/models/baseoperator.py", line 401, in wrapper
    return func(self, *args, **kwargs)
           ^^^^^^^^^^^^^^^^^^^^^^^^^^^
  File "/home/airflow/.local/lib/python3.12/site-packages/airflow/operators/trigger_dagrun.py", line 237, in execute
    raise AirflowException(f"{self.trigger_dag_id} failed with failed states {state}")
airflow.exceptions.AirflowException: upload_main_db_data_dag failed with failed states failed
Marking task as FAILED. dag_id=upload_new_main_db_data, task_id=process_main_db_record.trigger_data_upload, run_id=manual__2026-02-26T04:34:06.616334+00:00, map_index=0, execution_date=20260226T043406, start_date=20260226T043554, end_date=20260226T043925
Failed to execute job 445 for task process_main_db_record.trigger_data_upload (upload_main_db_data_dag failed with failed states failed; 563)
Task exited with return code 1
0 downstream tasks scheduled from follow-on schedule check
::endgroup::
