::group::Pre task execution logs
Dependencies all met for dep_context=non-requeueable deps ti=<TaskInstance: upload_new_main_db_data.process_main_db_record.trigger_reference_data_check manual__2026-02-25T07:53:48.648195+00:00 map_index=0 [queued]>
Dependencies all met for dep_context=requeueable deps ti=<TaskInstance: upload_new_main_db_data.process_main_db_record.trigger_reference_data_check manual__2026-02-25T07:53:48.648195+00:00 map_index=0 [queued]>
Starting attempt 1 of 1
Executing <Task(TriggerDagRunOperator): process_main_db_record.trigger_reference_data_check> on 2026-02-25 07:53:48.648195+00:00
/home/***/.local/lib/python3.12/site-packages/***/task/task_runner/standard_task_runner.py:62: DeprecationWarning: This process (pid=58830) is multi-threaded, use of fork() may lead to deadlocks in the child.
  pid = os.fork()

Started process 58832 to run task
Running: ['***', 'tasks', 'run', 'upload_new_main_db_data', 'process_main_db_record.trigger_reference_data_check', 'manual__2026-02-25T07:53:48.648195+00:00', '--job-id', '382', '--raw', '--subdir', 'DAGS_FOLDER/upload_new_maindb_data_dag.py', '--cfg-path', '/tmp/tmpwmcwofsj', '--map-index', '0']
Job 382: Subtask process_main_db_record.trigger_reference_data_check
Running <TaskInstance: upload_new_main_db_data.process_main_db_record.trigger_reference_data_check manual__2026-02-25T07:53:48.648195+00:00 map_index=0 [running]> on host e02bf6fe05e5
Exporting env vars: AIRFLOW_CTX_DAG_OWNER='***' AIRFLOW_CTX_DAG_ID='upload_new_main_db_data' AIRFLOW_CTX_TASK_ID='process_main_db_record.trigger_reference_data_check' AIRFLOW_CTX_EXECUTION_DATE='2026-02-25T07:53:48.648195+00:00' AIRFLOW_CTX_TRY_NUMBER='1' AIRFLOW_CTX_DAG_RUN_ID='manual__2026-02-25T07:53:48.648195+00:00'
::endgroup::
Waiting for check_main_db_reference_data_dag on 2026-02-25 07:54:09.754467+00:00 to become allowed state ['success'] ...
Waiting for check_main_db_reference_data_dag on 2026-02-25 07:54:09.754467+00:00 to become allowed state ['success'] ...
Waiting for check_main_db_reference_data_dag on 2026-02-25 07:54:09.754467+00:00 to become allowed state ['success'] ...
Waiting for check_main_db_reference_data_dag on 2026-02-25 07:54:09.754467+00:00 to become allowed state ['success'] ...
Waiting for check_main_db_reference_data_dag on 2026-02-25 07:54:09.754467+00:00 to become allowed state ['success'] ...
Waiting for check_main_db_reference_data_dag on 2026-02-25 07:54:09.754467+00:00 to become allowed state ['success'] ...
Waiting for check_main_db_reference_data_dag on 2026-02-25 07:54:09.754467+00:00 to become allowed state ['success'] ...
Waiting for check_main_db_reference_data_dag on 2026-02-25 07:54:09.754467+00:00 to become allowed state ['success'] ...
Waiting for check_main_db_reference_data_dag on 2026-02-25 07:54:09.754467+00:00 to become allowed state ['success'] ...
Waiting for check_main_db_reference_data_dag on 2026-02-25 07:54:09.754467+00:00 to become allowed state ['success'] ...
Waiting for check_main_db_reference_data_dag on 2026-02-25 07:54:09.754467+00:00 to become allowed state ['success'] ...
Waiting for check_main_db_reference_data_dag on 2026-02-25 07:54:09.754467+00:00 to become allowed state ['success'] ...
Waiting for check_main_db_reference_data_dag on 2026-02-25 07:54:09.754467+00:00 to become allowed state ['success'] ...
Waiting for check_main_db_reference_data_dag on 2026-02-25 07:54:09.754467+00:00 to become allowed state ['success'] ...
Waiting for check_main_db_reference_data_dag on 2026-02-25 07:54:09.754467+00:00 to become allowed state ['success'] ...
Waiting for check_main_db_reference_data_dag on 2026-02-25 07:54:09.754467+00:00 to become allowed state ['success'] ...
Waiting for check_main_db_reference_data_dag on 2026-02-25 07:54:09.754467+00:00 to become allowed state ['success'] ...
Waiting for check_main_db_reference_data_dag on 2026-02-25 07:54:09.754467+00:00 to become allowed state ['success'] ...
Waiting for check_main_db_reference_data_dag on 2026-02-25 07:54:09.754467+00:00 to become allowed state ['success'] ...
Waiting for check_main_db_reference_data_dag on 2026-02-25 07:54:09.754467+00:00 to become allowed state ['success'] ...
Waiting for check_main_db_reference_data_dag on 2026-02-25 07:54:09.754467+00:00 to become allowed state ['success'] ...
Waiting for check_main_db_reference_data_dag on 2026-02-25 07:54:09.754467+00:00 to become allowed state ['success'] ...
Waiting for check_main_db_reference_data_dag on 2026-02-25 07:54:09.754467+00:00 to become allowed state ['success'] ...
Waiting for check_main_db_reference_data_dag on 2026-02-25 07:54:09.754467+00:00 to become allowed state ['success'] ...
Waiting for check_main_db_reference_data_dag on 2026-02-25 07:54:09.754467+00:00 to become allowed state ['success'] ...
Waiting for check_main_db_reference_data_dag on 2026-02-25 07:54:09.754467+00:00 to become allowed state ['success'] ...
Waiting for check_main_db_reference_data_dag on 2026-02-25 07:54:09.754467+00:00 to become allowed state ['success'] ...
Waiting for check_main_db_reference_data_dag on 2026-02-25 07:54:09.754467+00:00 to become allowed state ['success'] ...
Waiting for check_main_db_reference_data_dag on 2026-02-25 07:54:09.754467+00:00 to become allowed state ['success'] ...
Waiting for check_main_db_reference_data_dag on 2026-02-25 07:54:09.754467+00:00 to become allowed state ['success'] ...
Waiting for check_main_db_reference_data_dag on 2026-02-25 07:54:09.754467+00:00 to become allowed state ['success'] ...
Waiting for check_main_db_reference_data_dag on 2026-02-25 07:54:09.754467+00:00 to become allowed state ['success'] ...
State of this instance has been externally set to None. Terminating instance.
::endgroup::
Sending 15 to group 58832. PIDs of all processes in the group: [58832]
Sending the signal 15 to group 58832
Received SIGTERM. Terminating subprocesses.
::group::Post task execution logs
Task failed with exception
Traceback (most recent call last):
  File "/home/airflow/.local/lib/python3.12/site-packages/airflow/models/taskinstance.py", line 460, in _execute_task
    result = _execute_callable(context=context, **execute_callable_kwargs)
             ^^^^^^^^^^^^^^^^^^^^^^^^^^^^^^^^^^^^^^^^^^^^^^^^^^^^^^^^^^^^^
  File "/home/airflow/.local/lib/python3.12/site-packages/airflow/models/taskinstance.py", line 432, in _execute_callable
    return execute_callable(context=context, **execute_callable_kwargs)
           ^^^^^^^^^^^^^^^^^^^^^^^^^^^^^^^^^^^^^^^^^^^^^^^^^^^^^^^^^^^^
  File "/home/airflow/.local/lib/python3.12/site-packages/airflow/models/baseoperator.py", line 401, in wrapper
    return func(self, *args, **kwargs)
           ^^^^^^^^^^^^^^^^^^^^^^^^^^^
  File "/home/airflow/.local/lib/python3.12/site-packages/airflow/operators/trigger_dagrun.py", line 232, in execute
    time.sleep(self.poke_interval)
  File "/home/airflow/.local/lib/python3.12/site-packages/airflow/models/taskinstance.py", line 2613, in signal_handler
    raise AirflowTaskTerminated("Task received SIGTERM signal")
airflow.exceptions.AirflowTaskTerminated: Task received SIGTERM signal
Marking task as FAILED. dag_id=upload_new_main_db_data, task_id=process_main_db_record.trigger_reference_data_check, run_id=manual__2026-02-25T07:53:48.648195+00:00, map_index=0, execution_date=20260225T075348, start_date=20260225T075409, end_date=20260225T075927
Failed to execute job 382 for task process_main_db_record.trigger_reference_data_check ((psycopg2.errors.ForeignKeyViolation) insert or update on table "task_fail" violates foreign key constraint "task_fail_ti_fkey"
DETAIL:  Key (dag_id, task_id, run_id, map_index)=(upload_new_main_db_data, process_main_db_record.trigger_reference_data_check, manual__2026-02-25T07:53:48.648195+00:00, 0) is not present in table "task_instance".

[SQL: INSERT INTO task_fail (task_id, dag_id, run_id, map_index, start_date, end_date, duration) VALUES (%(task_id)s, %(dag_id)s, %(run_id)s, %(map_index)s, %(start_date)s, %(end_date)s, %(duration)s) RETURNING task_fail.id]
[parameters: {'task_id': 'process_main_db_record.trigger_reference_data_check', 'dag_id': 'upload_new_main_db_data', 'run_id': 'manual__2026-02-25T07:53:48.648195+00:00', 'map_index': 0, 'start_date': datetime.datetime(2026, 2, 25, 7, 54, 9, 628750, tzinfo=Timezone('UTC')), 'end_date': datetime.datetime(2026, 2, 25, 7, 59, 27, 105048, tzinfo=Timezone('UTC')), 'duration': 317}]
(Background on this error at: https://sqlalche.me/e/14/gkpj); 58832)
Process psutil.Process(pid=58832, status='terminated', exitcode=1, started='10:54:09') (58832) terminated with exit code 1
