::group::Pre task execution logs
Dependencies all met for dep_context=non-requeueable deps ti=<TaskInstance: upload_main_db_reference_data_dag.generate_summary_report manual__2026-02-11T05:50:29.735408+00:00 [queued]>
Dependencies all met for dep_context=requeueable deps ti=<TaskInstance: upload_main_db_reference_data_dag.generate_summary_report manual__2026-02-11T05:50:29.735408+00:00 [queued]>
Starting attempt 1 of 3
Executing <Task(_PythonDecoratedOperator): generate_summary_report> on 2026-02-11 05:50:29.735408+00:00
/home/***/.local/lib/python3.12/site-packages/***/task/task_runner/standard_task_runner.py:62: DeprecationWarning: This process (pid=90030) is multi-threaded, use of fork() may lead to deadlocks in the child.
  pid = os.fork()

Started process 90032 to run task
Running: ['***', 'tasks', 'run', 'upload_main_db_reference_data_dag', 'generate_summary_report', 'manual__2026-02-11T05:50:29.735408+00:00', '--job-id', '188', '--raw', '--subdir', 'DAGS_FOLDER/upload_main_db_reference_data_dag.py', '--cfg-path', '/tmp/tmp_k3dxzwn']
Job 188: Subtask generate_summary_report
Running <TaskInstance: upload_main_db_reference_data_dag.generate_summary_report manual__2026-02-11T05:50:29.735408+00:00 [running]> on host 752fea1deb88
Exporting env vars: AIRFLOW_CTX_DAG_OWNER='***' AIRFLOW_CTX_DAG_ID='upload_main_db_reference_data_dag' AIRFLOW_CTX_TASK_ID='generate_summary_report' AIRFLOW_CTX_EXECUTION_DATE='2026-02-11T05:50:29.735408+00:00' AIRFLOW_CTX_TRY_NUMBER='1' AIRFLOW_CTX_DAG_RUN_ID='manual__2026-02-11T05:50:29.735408+00:00'
::endgroup::

============================================================
ИТОГОВЫЙ ОТЧЁТ АНАЛИЗА SQLITE ФАЙЛА ИЗ HDFS
============================================================
Файл: /test_raw_data/data/Acron/MainDb/Acron.db
Размер: 1539.7 MB
Статус: ✓ ВАЛИДЕН
Версия SQLite: 3.40.1
Таблиц: 135
Всего строк: 1,011,653
Запрос: SELECT * FROM Bearings
Результатов: 1252
============================================================
Done. Returned value was: {'analysis_timestamp': '2026-02-11T08:54:24.940106', 'hdfs_path': '/test_raw_data/data/Acron/MainDb/Acron.db', 'file_size_mb': 1539.7, 'file_status': 'valid', 'sqlite_version': '3.40.1', 'tables_count': 135, 'total_rows': 1011653, 'query_executed': 'SELECT * FROM Bearings', 'query_row_count': 1252, 'success': True}
::group::Post task execution logs
Marking task as SUCCESS. dag_id=upload_main_db_reference_data_dag, task_id=generate_summary_report, run_id=manual__2026-02-11T05:50:29.735408+00:00, execution_date=20260211T055029, start_date=20260211T055424, end_date=20260211T055424
Task exited with return code 0
0 downstream tasks scheduled from follow-on schedule check
::endgroup::
