::group::Pre task execution logs
Dependencies all met for dep_context=non-requeueable deps ti=<TaskInstance: upload_new_main_db_data.process_main_db_record.prepare_result manual__2026-02-11T04:33:25.470233+00:00 map_index=0 [queued]>
Dependencies all met for dep_context=requeueable deps ti=<TaskInstance: upload_new_main_db_data.process_main_db_record.prepare_result manual__2026-02-11T04:33:25.470233+00:00 map_index=0 [queued]>
Starting attempt 1 of 1
Executing <Task(_PythonDecoratedOperator): process_main_db_record.prepare_result> on 2026-02-11 04:33:25.470233+00:00
/home/***/.local/lib/python3.12/site-packages/***/task/task_runner/standard_task_runner.py:62: DeprecationWarning: This process (pid=87158) is multi-threaded, use of fork() may lead to deadlocks in the child.
  pid = os.fork()

Started process 87161 to run task
Running: ['***', 'tasks', 'run', 'upload_new_main_db_data', 'process_main_db_record.prepare_result', 'manual__2026-02-11T04:33:25.470233+00:00', '--job-id', '157', '--raw', '--subdir', 'DAGS_FOLDER/upload_new_maindb_data_dag.py', '--cfg-path', '/tmp/tmpbk5dzu6o', '--map-index', '0']
Job 157: Subtask process_main_db_record.prepare_result
Running <TaskInstance: upload_new_main_db_data.process_main_db_record.prepare_result manual__2026-02-11T04:33:25.470233+00:00 map_index=0 [running]> on host 752fea1deb88
Exporting env vars: AIRFLOW_CTX_DAG_OWNER='***' AIRFLOW_CTX_DAG_ID='upload_new_main_db_data' AIRFLOW_CTX_TASK_ID='process_main_db_record.prepare_result' AIRFLOW_CTX_EXECUTION_DATE='2026-02-11T04:33:25.470233+00:00' AIRFLOW_CTX_TRY_NUMBER='1' AIRFLOW_CTX_DAG_RUN_ID='manual__2026-02-11T04:33:25.470233+00:00'
::endgroup::
✅ MainDb name: Acron
Done. Returned value was: {'main_db_name': 'Acron'}
::group::Post task execution logs
Marking task as SUCCESS. dag_id=upload_new_main_db_data, task_id=process_main_db_record.prepare_result, run_id=manual__2026-02-11T04:33:25.470233+00:00, map_index=0, execution_date=20260211T043325, start_date=20260211T043330, end_date=20260211T043330
Task exited with return code 0
0 downstream tasks scheduled from follow-on schedule check
::endgroup::
