::group::Pre task execution logs
Dependencies all met for dep_context=non-requeueable deps ti=<TaskInstance: upload_main_db_data_dag.upload_main_db_data manual__2026-02-26T07:51:28.423125+00:00 [queued]>
Dependencies all met for dep_context=requeueable deps ti=<TaskInstance: upload_main_db_data_dag.upload_main_db_data manual__2026-02-26T07:51:28.423125+00:00 [queued]>
Starting attempt 1 of 3
Executing <Task(_PythonDecoratedOperator): upload_main_db_data> on 2026-02-26 07:51:28.423125+00:00
/home/***/.local/lib/python3.12/site-packages/***/task/task_runner/standard_task_runner.py:62: DeprecationWarning: This process (pid=7715) is multi-threaded, use of fork() may lead to deadlocks in the child.
  pid = os.fork()

Started process 7717 to run task
Running: ['***', 'tasks', 'run', 'upload_main_db_data_dag', 'upload_main_db_data', 'manual__2026-02-26T07:51:28.423125+00:00', '--job-id', '564', '--raw', '--subdir', 'DAGS_FOLDER/upload_main_db_data_dag.py', '--cfg-path', '/tmp/tmp42xc7g_t']
Job 564: Subtask upload_main_db_data
Running <TaskInstance: upload_main_db_data_dag.upload_main_db_data manual__2026-02-26T07:51:28.423125+00:00 [running]> on host ca2006464258
Exporting env vars: AIRFLOW_CTX_DAG_OWNER='***' AIRFLOW_CTX_DAG_ID='upload_main_db_data_dag' AIRFLOW_CTX_TASK_ID='upload_main_db_data' AIRFLOW_CTX_EXECUTION_DATE='2026-02-26T07:51:28.423125+00:00' AIRFLOW_CTX_TRY_NUMBER='1' AIRFLOW_CTX_DAG_RUN_ID='manual__2026-02-26T07:51:28.423125+00:00'
::endgroup::
Using connection ID 'hdfs_default' for task execution.
Trying to connect to namenode:9870
Trying namenode namenode
Instantiated <InsecureClient(url='http://namenode:9870')>.
Fetching status for '/'.
Using namenode namenode for hook
Fetching status for '/test_raw_data/data/Acron/MainDb/Acron.db'.
Reading file '/test_raw_data/data/Acron/MainDb/Acron.db'.
Using connection ID 'cloudberry_test_dwh' for task execution.
Using connection ID 'cloudberry_test_dwh' for task execution.
Successfully inserted 22 records into H_MeasureGroup
Done. Returned value was: True
::group::Post task execution logs
Marking task as SUCCESS. dag_id=upload_main_db_data_dag, task_id=upload_main_db_data, run_id=manual__2026-02-26T07:51:28.423125+00:00, execution_date=20260226T075128, start_date=20260226T075132, end_date=20260226T075203
Task exited with return code 0
0 downstream tasks scheduled from follow-on schedule check
::endgroup::
