::group::Pre task execution logs
Dependencies all met for dep_context=non-requeueable deps ti=<TaskInstance: upload_main_db_core_data_dag.upload_core_data manual__2026-02-16T11:10:04.360490+00:00 [queued]>
Dependencies all met for dep_context=requeueable deps ti=<TaskInstance: upload_main_db_core_data_dag.upload_core_data manual__2026-02-16T11:10:04.360490+00:00 [queued]>
Starting attempt 1 of 1
Executing <Task(_PythonDecoratedOperator): upload_core_data> on 2026-02-16 11:10:04.360490+00:00
/home/***/.local/lib/python3.12/site-packages/***/task/task_runner/standard_task_runner.py:62: DeprecationWarning: This process (pid=57197) is multi-threaded, use of fork() may lead to deadlocks in the child.
  pid = os.fork()

Started process 57199 to run task
Running: ['***', 'tasks', 'run', 'upload_main_db_core_data_dag', 'upload_core_data', 'manual__2026-02-16T11:10:04.360490+00:00', '--job-id', '289', '--raw', '--subdir', 'DAGS_FOLDER/upload_main_db_core_data_dag.py', '--cfg-path', '/tmp/tmp175qsx90']
Job 289: Subtask upload_core_data
Running <TaskInstance: upload_main_db_core_data_dag.upload_core_data manual__2026-02-16T11:10:04.360490+00:00 [running]> on host 752fea1deb88
Exporting env vars: AIRFLOW_CTX_DAG_OWNER='***' AIRFLOW_CTX_DAG_ID='upload_main_db_core_data_dag' AIRFLOW_CTX_TASK_ID='upload_core_data' AIRFLOW_CTX_EXECUTION_DATE='2026-02-16T11:10:04.360490+00:00' AIRFLOW_CTX_TRY_NUMBER='1' AIRFLOW_CTX_DAG_RUN_ID='manual__2026-02-16T11:10:04.360490+00:00'
::endgroup::
✅ Загрузка основных данных для MainDb: Acron
Done. Returned value was: {'status': 'success', 'main_db_name': 'Acron'}
::group::Post task execution logs
Marking task as SUCCESS. dag_id=upload_main_db_core_data_dag, task_id=upload_core_data, run_id=manual__2026-02-16T11:10:04.360490+00:00, execution_date=20260216T111004, start_date=20260216T111006, end_date=20260216T111006
Task exited with return code 0
0 downstream tasks scheduled from follow-on schedule check
::endgroup::
