::group::Pre task execution logs
Dependencies all met for dep_context=non-requeueable deps ti=<TaskInstance: upload_new_main_db_data.get_main_db_records manual__2026-03-10T06:28:43.829955+00:00 [queued]>
Dependencies all met for dep_context=requeueable deps ti=<TaskInstance: upload_new_main_db_data.get_main_db_records manual__2026-03-10T06:28:43.829955+00:00 [queued]>
Starting attempt 1 of 1
Executing <Task(_PythonDecoratedOperator): get_main_db_records> on 2026-03-10 06:28:43.829955+00:00
/home/***/.local/lib/python3.12/site-packages/***/task/task_runner/standard_task_runner.py:62: DeprecationWarning: This process (pid=3612) is multi-threaded, use of fork() may lead to deadlocks in the child.
  pid = os.fork()

Started process 3614 to run task
Running: ['***', 'tasks', 'run', 'upload_new_main_db_data', 'get_main_db_records', 'manual__2026-03-10T06:28:43.829955+00:00', '--job-id', '1947', '--raw', '--subdir', 'DAGS_FOLDER/upload_new_maindb_data_dag.py', '--cfg-path', '/tmp/tmpizt2z3j9']
Job 1947: Subtask get_main_db_records
Running <TaskInstance: upload_new_main_db_data.get_main_db_records manual__2026-03-10T06:28:43.829955+00:00 [running]> on host 252804bf5bed
Exporting env vars: AIRFLOW_CTX_DAG_OWNER='***' AIRFLOW_CTX_DAG_ID='upload_new_main_db_data' AIRFLOW_CTX_TASK_ID='get_main_db_records' AIRFLOW_CTX_EXECUTION_DATE='2026-03-10T06:28:43.829955+00:00' AIRFLOW_CTX_TRY_NUMBER='1' AIRFLOW_CTX_DAG_RUN_ID='manual__2026-03-10T06:28:43.829955+00:00'
::endgroup::
Получено записей для обработки: 1
Done. Returned value was: [{'data_source_id': '289c288e-ccf8-a441-ae8d-f36862eded0a', 'main_db_id': '289c288e-ccf8-a441-ae8d-f36862eded0a', 'main_db_name': 'Acron', 'last_update': '2026-03-03T13:24:38.658964', 'upload_date_time': '2026-03-03T13:25:45', 'created_dttm': '2026-03-03T10:25:45.754956', 'hdfs_full_path': '/test_raw_data/data/Acron/MainDb/Acron.db', 'data_type': 'MainDb', 'data_format': 'sqlite', 'is_uploaded_to_dwh': False}]
::group::Post task execution logs
Marking task as SUCCESS. dag_id=upload_new_main_db_data, task_id=get_main_db_records, run_id=manual__2026-03-10T06:28:43.829955+00:00, execution_date=20260310T062843, start_date=20260310T062846, end_date=20260310T062846
Task exited with return code 0
1 downstream tasks scheduled from follow-on schedule check
::endgroup::
