::group::Pre task execution logs
Dependencies all met for dep_context=non-requeueable deps ti=<TaskInstance: upload_new_main_db_data.process_main_db_record.trigger_reference_data_check manual__2026-02-11T11:11:36.610173+00:00 map_index=0 [queued]>
Dependencies all met for dep_context=requeueable deps ti=<TaskInstance: upload_new_main_db_data.process_main_db_record.trigger_reference_data_check manual__2026-02-11T11:11:36.610173+00:00 map_index=0 [queued]>
Starting attempt 1 of 1
Executing <Task(TriggerDagRunOperator): process_main_db_record.trigger_reference_data_check> on 2026-02-11 11:11:36.610173+00:00
/home/***/.local/lib/python3.12/site-packages/***/task/task_runner/standard_task_runner.py:62: DeprecationWarning: This process (pid=1481) is multi-threaded, use of fork() may lead to deadlocks in the child.
  pid = os.fork()

Started process 1483 to run task
Running: ['***', 'tasks', 'run', 'upload_new_main_db_data', 'process_main_db_record.trigger_reference_data_check', 'manual__2026-02-11T11:11:36.610173+00:00', '--job-id', '200', '--raw', '--subdir', 'DAGS_FOLDER/upload_new_maindb_data_dag.py', '--cfg-path', '/tmp/tmp71i2jxo7', '--map-index', '0']
Job 200: Subtask process_main_db_record.trigger_reference_data_check
Running <TaskInstance: upload_new_main_db_data.process_main_db_record.trigger_reference_data_check manual__2026-02-11T11:11:36.610173+00:00 map_index=0 [running]> on host 752fea1deb88
Exporting env vars: AIRFLOW_CTX_DAG_OWNER='***' AIRFLOW_CTX_DAG_ID='upload_new_main_db_data' AIRFLOW_CTX_TASK_ID='process_main_db_record.trigger_reference_data_check' AIRFLOW_CTX_EXECUTION_DATE='2026-02-11T11:11:36.610173+00:00' AIRFLOW_CTX_TRY_NUMBER='1' AIRFLOW_CTX_DAG_RUN_ID='manual__2026-02-11T11:11:36.610173+00:00'
::endgroup::
Waiting for check_main_db_reference_data_dag on 2026-02-11 11:11:42.690121+00:00 to become allowed state ['success'] ...
Waiting for check_main_db_reference_data_dag on 2026-02-11 11:11:42.690121+00:00 to become allowed state ['success'] ...
Waiting for check_main_db_reference_data_dag on 2026-02-11 11:11:42.690121+00:00 to become allowed state ['success'] ...
Waiting for check_main_db_reference_data_dag on 2026-02-11 11:11:42.690121+00:00 to become allowed state ['success'] ...
Waiting for check_main_db_reference_data_dag on 2026-02-11 11:11:42.690121+00:00 to become allowed state ['success'] ...
Waiting for check_main_db_reference_data_dag on 2026-02-11 11:11:42.690121+00:00 to become allowed state ['success'] ...
Waiting for check_main_db_reference_data_dag on 2026-02-11 11:11:42.690121+00:00 to become allowed state ['success'] ...
Waiting for check_main_db_reference_data_dag on 2026-02-11 11:11:42.690121+00:00 to become allowed state ['success'] ...
Waiting for check_main_db_reference_data_dag on 2026-02-11 11:11:42.690121+00:00 to become allowed state ['success'] ...
Waiting for check_main_db_reference_data_dag on 2026-02-11 11:11:42.690121+00:00 to become allowed state ['success'] ...
Waiting for check_main_db_reference_data_dag on 2026-02-11 11:11:42.690121+00:00 to become allowed state ['success'] ...
Waiting for check_main_db_reference_data_dag on 2026-02-11 11:11:42.690121+00:00 to become allowed state ['success'] ...
Waiting for check_main_db_reference_data_dag on 2026-02-11 11:11:42.690121+00:00 to become allowed state ['success'] ...
Waiting for check_main_db_reference_data_dag on 2026-02-11 11:11:42.690121+00:00 to become allowed state ['success'] ...
Waiting for check_main_db_reference_data_dag on 2026-02-11 11:11:42.690121+00:00 to become allowed state ['success'] ...
Waiting for check_main_db_reference_data_dag on 2026-02-11 11:11:42.690121+00:00 to become allowed state ['success'] ...
Waiting for check_main_db_reference_data_dag on 2026-02-11 11:11:42.690121+00:00 to become allowed state ['success'] ...
Waiting for check_main_db_reference_data_dag on 2026-02-11 11:11:42.690121+00:00 to become allowed state ['success'] ...
Waiting for check_main_db_reference_data_dag on 2026-02-11 11:11:42.690121+00:00 to become allowed state ['success'] ...
Waiting for check_main_db_reference_data_dag on 2026-02-11 11:11:42.690121+00:00 to become allowed state ['success'] ...
Waiting for check_main_db_reference_data_dag on 2026-02-11 11:11:42.690121+00:00 to become allowed state ['success'] ...
Waiting for check_main_db_reference_data_dag on 2026-02-11 11:11:42.690121+00:00 to become allowed state ['success'] ...
Waiting for check_main_db_reference_data_dag on 2026-02-11 11:11:42.690121+00:00 to become allowed state ['success'] ...
Waiting for check_main_db_reference_data_dag on 2026-02-11 11:11:42.690121+00:00 to become allowed state ['success'] ...
Waiting for check_main_db_reference_data_dag on 2026-02-11 11:11:42.690121+00:00 to become allowed state ['success'] ...
Waiting for check_main_db_reference_data_dag on 2026-02-11 11:11:42.690121+00:00 to become allowed state ['success'] ...
Waiting for check_main_db_reference_data_dag on 2026-02-11 11:11:42.690121+00:00 to become allowed state ['success'] ...
Waiting for check_main_db_reference_data_dag on 2026-02-11 11:11:42.690121+00:00 to become allowed state ['success'] ...
Waiting for check_main_db_reference_data_dag on 2026-02-11 11:11:42.690121+00:00 to become allowed state ['success'] ...
Waiting for check_main_db_reference_data_dag on 2026-02-11 11:11:42.690121+00:00 to become allowed state ['success'] ...
Waiting for check_main_db_reference_data_dag on 2026-02-11 11:11:42.690121+00:00 to become allowed state ['success'] ...
::group::Post task execution logs
Task failed with exception
Traceback (most recent call last):
  File "/home/airflow/.local/lib/python3.12/site-packages/airflow/models/taskinstance.py", line 460, in _execute_task
    result = _execute_callable(context=context, **execute_callable_kwargs)
             ^^^^^^^^^^^^^^^^^^^^^^^^^^^^^^^^^^^^^^^^^^^^^^^^^^^^^^^^^^^^^
  File "/home/airflow/.local/lib/python3.12/site-packages/airflow/models/taskinstance.py", line 432, in _execute_callable
    return execute_callable(context=context, **execute_callable_kwargs)
           ^^^^^^^^^^^^^^^^^^^^^^^^^^^^^^^^^^^^^^^^^^^^^^^^^^^^^^^^^^^^
  File "/home/airflow/.local/lib/python3.12/site-packages/airflow/models/baseoperator.py", line 401, in wrapper
    return func(self, *args, **kwargs)
           ^^^^^^^^^^^^^^^^^^^^^^^^^^^
  File "/home/airflow/.local/lib/python3.12/site-packages/airflow/operators/trigger_dagrun.py", line 234, in execute
    dag_run.refresh_from_db()
  File "/home/airflow/.local/lib/python3.12/site-packages/airflow/utils/session.py", line 79, in wrapper
    return func(*args, session=session, **kwargs)
           ^^^^^^^^^^^^^^^^^^^^^^^^^^^^^^^^^^^^^^
  File "/home/airflow/.local/lib/python3.12/site-packages/airflow/models/dagrun.py", line 357, in refresh_from_db
    ).one()
      ^^^^^
  File "/home/airflow/.local/lib/python3.12/site-packages/sqlalchemy/engine/result.py", line 1522, in one
    return self._only_one_row(
           ^^^^^^^^^^^^^^^^^^^
  File "/home/airflow/.local/lib/python3.12/site-packages/sqlalchemy/engine/result.py", line 562, in _only_one_row
    raise exc.NoResultFound(
sqlalchemy.exc.NoResultFound: No row was found when one was required
Marking task as FAILED. dag_id=upload_new_main_db_data, task_id=process_main_db_record.trigger_reference_data_check, run_id=manual__2026-02-11T11:11:36.610173+00:00, map_index=0, execution_date=20260211T111136, start_date=20260211T111142, end_date=20260211T111700
Failed to execute job 200 for task process_main_db_record.trigger_reference_data_check ((psycopg2.errors.ForeignKeyViolation) insert or update on table "task_fail" violates foreign key constraint "task_fail_ti_fkey"
DETAIL:  Key (dag_id, task_id, run_id, map_index)=(upload_new_main_db_data, process_main_db_record.trigger_reference_data_check, manual__2026-02-11T11:11:36.610173+00:00, 0) is not present in table "task_instance".

[SQL: INSERT INTO task_fail (task_id, dag_id, run_id, map_index, start_date, end_date, duration) VALUES (%(task_id)s, %(dag_id)s, %(run_id)s, %(map_index)s, %(start_date)s, %(end_date)s, %(duration)s) RETURNING task_fail.id]
[parameters: {'task_id': 'process_main_db_record.trigger_reference_data_check', 'dag_id': 'upload_new_main_db_data', 'run_id': 'manual__2026-02-11T11:11:36.610173+00:00', 'map_index': 0, 'start_date': datetime.datetime(2026, 2, 11, 11, 11, 42, 569460, tzinfo=Timezone('UTC')), 'end_date': datetime.datetime(2026, 2, 11, 11, 17, 0, 549235, tzinfo=Timezone('UTC')), 'duration': 317}]
(Background on this error at: https://sqlalche.me/e/14/gkpj); 1483)
Task exited with return code 1
::endgroup::
