::group::Pre task execution logs
Dependencies all met for dep_context=non-requeueable deps ti=<TaskInstance: upload_main_db_data_dag.get_hdfs_path_from_conf manual__2026-03-04T10:02:41.749753+00:00 [queued]>
Dependencies all met for dep_context=requeueable deps ti=<TaskInstance: upload_main_db_data_dag.get_hdfs_path_from_conf manual__2026-03-04T10:02:41.749753+00:00 [queued]>
Starting attempt 1 of 3
Executing <Task(_PythonDecoratedOperator): get_hdfs_path_from_conf> on 2026-03-04 10:02:41.749753+00:00
/home/***/.local/lib/python3.12/site-packages/***/task/task_runner/standard_task_runner.py:62: DeprecationWarning: This process (pid=3527) is multi-threaded, use of fork() may lead to deadlocks in the child.
  pid = os.fork()

Started process 3529 to run task
Running: ['***', 'tasks', 'run', 'upload_main_db_data_dag', 'get_hdfs_path_from_conf', 'manual__2026-03-04T10:02:41.749753+00:00', '--job-id', '1164', '--raw', '--subdir', 'DAGS_FOLDER/upload_main_db_data_dag.py', '--cfg-path', '/tmp/tmpk61fke62']
Job 1164: Subtask get_hdfs_path_from_conf
Running <TaskInstance: upload_main_db_data_dag.get_hdfs_path_from_conf manual__2026-03-04T10:02:41.749753+00:00 [running]> on host 31cb362d58af
Exporting env vars: AIRFLOW_CTX_DAG_OWNER='***' AIRFLOW_CTX_DAG_ID='upload_main_db_data_dag' AIRFLOW_CTX_TASK_ID='get_hdfs_path_from_conf' AIRFLOW_CTX_EXECUTION_DATE='2026-03-04T10:02:41.749753+00:00' AIRFLOW_CTX_TRY_NUMBER='1' AIRFLOW_CTX_DAG_RUN_ID='manual__2026-03-04T10:02:41.749753+00:00'
::endgroup::
✓ Используется файл HDFS: /test_raw_data/data/Acron/MainDb/Acron.db
Done. Returned value was: /test_raw_data/data/Acron/MainDb/Acron.db
::group::Post task execution logs
Marking task as SUCCESS. dag_id=upload_main_db_data_dag, task_id=get_hdfs_path_from_conf, run_id=manual__2026-03-04T10:02:41.749753+00:00, execution_date=20260304T100241, start_date=20260304T100242, end_date=20260304T100242
Task exited with return code 0
1 downstream tasks scheduled from follow-on schedule check
::endgroup::
