Started process (PID=82) to work on /home/airflow/.local/lib/python3.12/site-packages/airflow/example_dags/example_branch_datetime_operator.py
Processing file /home/airflow/.local/lib/python3.12/site-packages/airflow/example_dags/example_branch_datetime_operator.py for tasks to queue
Filling up the DagBag from /home/airflow/.local/lib/python3.12/site-packages/airflow/example_dags/example_branch_datetime_operator.py
DAG(s) 'example_branch_datetime_operator_2', 'example_branch_datetime_operator_3', 'example_branch_datetime_operator' retrieved from /home/airflow/.local/lib/python3.12/site-packages/airflow/example_dags/example_branch_datetime_operator.py
Sync 3 DAGs
Setting next_dagrun for example_branch_datetime_operator to 2026-01-28 00:00:00+00:00, run_after=2026-01-28 00:00:00+00:00
Setting next_dagrun for example_branch_datetime_operator_2 to 2026-01-28 00:00:00+00:00, run_after=2026-01-28 00:00:00+00:00
Setting next_dagrun for example_branch_datetime_operator_3 to 2026-01-28 00:00:00+00:00, run_after=2026-01-28 00:00:00+00:00
Processing /home/airflow/.local/lib/python3.12/site-packages/airflow/example_dags/example_branch_datetime_operator.py took 0.076 seconds
Started process (PID=148) to work on /home/airflow/.local/lib/python3.12/site-packages/airflow/example_dags/example_branch_datetime_operator.py
Processing file /home/airflow/.local/lib/python3.12/site-packages/airflow/example_dags/example_branch_datetime_operator.py for tasks to queue
Filling up the DagBag from /home/airflow/.local/lib/python3.12/site-packages/airflow/example_dags/example_branch_datetime_operator.py
DAG(s) 'example_branch_datetime_operator_3', 'example_branch_datetime_operator', 'example_branch_datetime_operator_2' retrieved from /home/airflow/.local/lib/python3.12/site-packages/airflow/example_dags/example_branch_datetime_operator.py
Sync 3 DAGs
Setting next_dagrun for example_branch_datetime_operator to 2026-01-28 00:00:00+00:00, run_after=2026-01-28 00:00:00+00:00
Setting next_dagrun for example_branch_datetime_operator_2 to 2026-01-28 00:00:00+00:00, run_after=2026-01-28 00:00:00+00:00
Setting next_dagrun for example_branch_datetime_operator_3 to 2026-01-28 00:00:00+00:00, run_after=2026-01-28 00:00:00+00:00
Processing /home/airflow/.local/lib/python3.12/site-packages/airflow/example_dags/example_branch_datetime_operator.py took 0.134 seconds
Started process (PID=214) to work on /home/airflow/.local/lib/python3.12/site-packages/airflow/example_dags/example_branch_datetime_operator.py
Processing file /home/airflow/.local/lib/python3.12/site-packages/airflow/example_dags/example_branch_datetime_operator.py for tasks to queue
Filling up the DagBag from /home/airflow/.local/lib/python3.12/site-packages/airflow/example_dags/example_branch_datetime_operator.py
DAG(s) 'example_branch_datetime_operator_2', 'example_branch_datetime_operator_3', 'example_branch_datetime_operator' retrieved from /home/airflow/.local/lib/python3.12/site-packages/airflow/example_dags/example_branch_datetime_operator.py
Sync 3 DAGs
Setting next_dagrun for example_branch_datetime_operator to 2026-01-28 00:00:00+00:00, run_after=2026-01-28 00:00:00+00:00
Setting next_dagrun for example_branch_datetime_operator_2 to 2026-01-28 00:00:00+00:00, run_after=2026-01-28 00:00:00+00:00
Setting next_dagrun for example_branch_datetime_operator_3 to 2026-01-28 00:00:00+00:00, run_after=2026-01-28 00:00:00+00:00
Processing /home/airflow/.local/lib/python3.12/site-packages/airflow/example_dags/example_branch_datetime_operator.py took 0.069 seconds
Started process (PID=287) to work on /home/airflow/.local/lib/python3.12/site-packages/airflow/example_dags/example_branch_datetime_operator.py
Processing file /home/airflow/.local/lib/python3.12/site-packages/airflow/example_dags/example_branch_datetime_operator.py for tasks to queue
Filling up the DagBag from /home/airflow/.local/lib/python3.12/site-packages/airflow/example_dags/example_branch_datetime_operator.py
DAG(s) 'example_branch_datetime_operator_3', 'example_branch_datetime_operator', 'example_branch_datetime_operator_2' retrieved from /home/airflow/.local/lib/python3.12/site-packages/airflow/example_dags/example_branch_datetime_operator.py
Sync 3 DAGs
Setting next_dagrun for example_branch_datetime_operator to 2026-01-28 00:00:00+00:00, run_after=2026-01-28 00:00:00+00:00
Setting next_dagrun for example_branch_datetime_operator_2 to 2026-01-28 00:00:00+00:00, run_after=2026-01-28 00:00:00+00:00
Setting next_dagrun for example_branch_datetime_operator_3 to 2026-01-28 00:00:00+00:00, run_after=2026-01-28 00:00:00+00:00
Processing /home/airflow/.local/lib/python3.12/site-packages/airflow/example_dags/example_branch_datetime_operator.py took 0.140 seconds
