::group::Pre task execution logs
Dependencies all met for dep_context=non-requeueable deps ti=<TaskInstance: upload_main_db_data_dag.upload_staging_to_habs manual__2026-03-11T05:51:13.659206+00:00 map_index=50 [queued]>
Dependencies all met for dep_context=requeueable deps ti=<TaskInstance: upload_main_db_data_dag.upload_staging_to_habs manual__2026-03-11T05:51:13.659206+00:00 map_index=50 [queued]>
Starting attempt 1 of 3
Executing <Mapped(_PythonDecoratedOperator): upload_staging_to_habs> on 2026-03-11 05:51:13.659206+00:00
Running: ['***', 'tasks', 'run', 'upload_main_db_data_dag', 'upload_staging_to_habs', 'manual__2026-03-11T05:51:13.659206+00:00', '--job-id', '2330', '--raw', '--subdir', 'DAGS_FOLDER/upload_main_db_data_dag.py', '--cfg-path', '/tmp/tmpatibowts', '--map-index', '50']
Job 2330: Subtask upload_staging_to_habs
/home/***/.local/lib/python3.12/site-packages/***/task/task_runner/standard_task_runner.py:62: DeprecationWarning: This process (pid=2561) is multi-threaded, use of fork() may lead to deadlocks in the child.
  pid = os.fork()

Started process 2581 to run task
Running <TaskInstance: upload_main_db_data_dag.upload_staging_to_habs manual__2026-03-11T05:51:13.659206+00:00 map_index=50 [running]> on host 9487ff9f1ac0
Exporting env vars: AIRFLOW_CTX_DAG_OWNER='***' AIRFLOW_CTX_DAG_ID='upload_main_db_data_dag' AIRFLOW_CTX_TASK_ID='upload_staging_to_habs' AIRFLOW_CTX_EXECUTION_DATE='2026-03-11T05:51:13.659206+00:00' AIRFLOW_CTX_TRY_NUMBER='1' AIRFLOW_CTX_DAG_RUN_ID='manual__2026-03-11T05:51:13.659206+00:00'
::endgroup::
✅ Uploading staging data from stg_io_opc_da_client_group_configs table to h_io_opc_da_client_group_configs hub table!
Using connection ID 'cloudberry_test_dwh' for task execution.
Hub: inserted 34 new keys
Done. Returned value was: {'hub_inserted': 34, 'status': 'success'}
::group::Post task execution logs
Marking task as SUCCESS. dag_id=upload_main_db_data_dag, task_id=upload_staging_to_habs, run_id=manual__2026-03-11T05:51:13.659206+00:00, map_index=50, execution_date=20260311T055113, start_date=20260311T060112, end_date=20260311T060113
Task exited with return code 0
0 downstream tasks scheduled from follow-on schedule check
::endgroup::
