::group::Pre task execution logs
Dependencies all met for dep_context=non-requeueable deps ti=<TaskInstance: upload_new_main_db_data.process_main_db_record.trigger_data_upload manual__2026-03-04T09:59:54.883320+00:00 map_index=0 [queued]>
Dependencies all met for dep_context=requeueable deps ti=<TaskInstance: upload_new_main_db_data.process_main_db_record.trigger_data_upload manual__2026-03-04T09:59:54.883320+00:00 map_index=0 [queued]>
Starting attempt 1 of 1
Executing <Task(TriggerDagRunOperator): process_main_db_record.trigger_data_upload> on 2026-03-04 09:59:54.883320+00:00
/home/***/.local/lib/python3.12/site-packages/***/task/task_runner/standard_task_runner.py:62: DeprecationWarning: This process (pid=3524) is multi-threaded, use of fork() may lead to deadlocks in the child.
  pid = os.fork()

Started process 3526 to run task
Running: ['***', 'tasks', 'run', 'upload_new_main_db_data', 'process_main_db_record.trigger_data_upload', 'manual__2026-03-04T09:59:54.883320+00:00', '--job-id', '1163', '--raw', '--subdir', 'DAGS_FOLDER/upload_new_maindb_data_dag.py', '--cfg-path', '/tmp/tmp4tu3wyq0', '--map-index', '0']
Job 1163: Subtask process_main_db_record.trigger_data_upload
Running <TaskInstance: upload_new_main_db_data.process_main_db_record.trigger_data_upload manual__2026-03-04T09:59:54.883320+00:00 map_index=0 [running]> on host 31cb362d58af
Exporting env vars: AIRFLOW_CTX_DAG_OWNER='***' AIRFLOW_CTX_DAG_ID='upload_new_main_db_data' AIRFLOW_CTX_TASK_ID='process_main_db_record.trigger_data_upload' AIRFLOW_CTX_EXECUTION_DATE='2026-03-04T09:59:54.883320+00:00' AIRFLOW_CTX_TRY_NUMBER='1' AIRFLOW_CTX_DAG_RUN_ID='manual__2026-03-04T09:59:54.883320+00:00'
::endgroup::
Waiting for upload_main_db_data_dag on 2026-03-04 10:02:41.749753+00:00 to become allowed state ['success'] ...
Waiting for upload_main_db_data_dag on 2026-03-04 10:02:41.749753+00:00 to become allowed state ['success'] ...
Waiting for upload_main_db_data_dag on 2026-03-04 10:02:41.749753+00:00 to become allowed state ['success'] ...
Waiting for upload_main_db_data_dag on 2026-03-04 10:02:41.749753+00:00 to become allowed state ['success'] ...
Waiting for upload_main_db_data_dag on 2026-03-04 10:02:41.749753+00:00 to become allowed state ['success'] ...
Waiting for upload_main_db_data_dag on 2026-03-04 10:02:41.749753+00:00 to become allowed state ['success'] ...
Waiting for upload_main_db_data_dag on 2026-03-04 10:02:41.749753+00:00 to become allowed state ['success'] ...
Waiting for upload_main_db_data_dag on 2026-03-04 10:02:41.749753+00:00 to become allowed state ['success'] ...
Waiting for upload_main_db_data_dag on 2026-03-04 10:02:41.749753+00:00 to become allowed state ['success'] ...
Waiting for upload_main_db_data_dag on 2026-03-04 10:02:41.749753+00:00 to become allowed state ['success'] ...
Waiting for upload_main_db_data_dag on 2026-03-04 10:02:41.749753+00:00 to become allowed state ['success'] ...
Waiting for upload_main_db_data_dag on 2026-03-04 10:02:41.749753+00:00 to become allowed state ['success'] ...
::group::Post task execution logs
State of this instance has been externally set to None. Terminating instance.
::endgroup::
Sending 15 to group 3526. PIDs of all processes in the group: [3526]
Sending the signal 15 to group 3526
Received SIGTERM. Terminating subprocesses.
Process psutil.Process(pid=3526, status='terminated', exitcode=2, started='13:02:40') (3526) terminated with exit code 2
