Started process (PID=90241) to work on /opt/airflow/dags/process_new_data.py
Processing file /opt/airflow/dags/process_new_data.py for tasks to queue
Filling up the DagBag from /opt/airflow/dags/process_new_data.py
Failed to import: /opt/airflow/dags/process_new_data.py
Traceback (most recent call last):
  File "/home/airflow/.local/lib/python3.12/site-packages/airflow/models/dagbag.py", line 351, in parse
    loader.exec_module(new_module)
  File "<frozen importlib._bootstrap_external>", line 991, in exec_module
  File "<frozen importlib._bootstrap_external>", line 1129, in get_code
  File "<frozen importlib._bootstrap_external>", line 1059, in source_to_code
  File "<frozen importlib._bootstrap>", line 488, in _call_with_frames_removed
  File "/opt/airflow/dags/process_new_data.py", line 13
    dag_id='route_to_data_types'
           ^^^
SyntaxError: invalid syntax. Perhaps you forgot a comma?
No viable dags retrieved from /opt/airflow/dags/process_new_data.py
Processing /opt/airflow/dags/process_new_data.py took 0.235 seconds
Started process (PID=90310) to work on /opt/airflow/dags/process_new_data.py
Processing file /opt/airflow/dags/process_new_data.py for tasks to queue
Filling up the DagBag from /opt/airflow/dags/process_new_data.py
Failed to import: /opt/airflow/dags/process_new_data.py
Traceback (most recent call last):
  File "/home/airflow/.local/lib/python3.12/site-packages/airflow/models/dagbag.py", line 351, in parse
    loader.exec_module(new_module)
  File "<frozen importlib._bootstrap_external>", line 991, in exec_module
  File "<frozen importlib._bootstrap_external>", line 1129, in get_code
  File "<frozen importlib._bootstrap_external>", line 1059, in source_to_code
  File "<frozen importlib._bootstrap>", line 488, in _call_with_frames_removed
  File "/opt/airflow/dags/process_new_data.py", line 13
    dag_id='route_to_data_types'
           ^^^
SyntaxError: invalid syntax. Perhaps you forgot a comma?
No viable dags retrieved from /opt/airflow/dags/process_new_data.py
Processing /opt/airflow/dags/process_new_data.py took 0.031 seconds
Started process (PID=90379) to work on /opt/airflow/dags/process_new_data.py
Processing file /opt/airflow/dags/process_new_data.py for tasks to queue
Filling up the DagBag from /opt/airflow/dags/process_new_data.py
Failed to import: /opt/airflow/dags/process_new_data.py
Traceback (most recent call last):
  File "/home/airflow/.local/lib/python3.12/site-packages/airflow/models/dagbag.py", line 351, in parse
    loader.exec_module(new_module)
  File "<frozen importlib._bootstrap_external>", line 991, in exec_module
  File "<frozen importlib._bootstrap_external>", line 1129, in get_code
  File "<frozen importlib._bootstrap_external>", line 1059, in source_to_code
  File "<frozen importlib._bootstrap>", line 488, in _call_with_frames_removed
  File "/opt/airflow/dags/process_new_data.py", line 13
    dag_id='route_to_data_types'
           ^^^
SyntaxError: invalid syntax. Perhaps you forgot a comma?
No viable dags retrieved from /opt/airflow/dags/process_new_data.py
Processing /opt/airflow/dags/process_new_data.py took 0.034 seconds
Started process (PID=90455) to work on /opt/airflow/dags/process_new_data.py
Processing file /opt/airflow/dags/process_new_data.py for tasks to queue
Filling up the DagBag from /opt/airflow/dags/process_new_data.py
Failed to import: /opt/airflow/dags/process_new_data.py
Traceback (most recent call last):
  File "/home/airflow/.local/lib/python3.12/site-packages/airflow/models/dagbag.py", line 351, in parse
    loader.exec_module(new_module)
  File "<frozen importlib._bootstrap_external>", line 991, in exec_module
  File "<frozen importlib._bootstrap_external>", line 1129, in get_code
  File "<frozen importlib._bootstrap_external>", line 1059, in source_to_code
  File "<frozen importlib._bootstrap>", line 488, in _call_with_frames_removed
  File "/opt/airflow/dags/process_new_data.py", line 13
    dag_id='route_to_data_types'
           ^^^
SyntaxError: invalid syntax. Perhaps you forgot a comma?
No viable dags retrieved from /opt/airflow/dags/process_new_data.py
Processing /opt/airflow/dags/process_new_data.py took 0.027 seconds
Started process (PID=90524) to work on /opt/airflow/dags/process_new_data.py
Processing file /opt/airflow/dags/process_new_data.py for tasks to queue
Filling up the DagBag from /opt/airflow/dags/process_new_data.py
Failed to import: /opt/airflow/dags/process_new_data.py
Traceback (most recent call last):
  File "/home/airflow/.local/lib/python3.12/site-packages/airflow/models/dagbag.py", line 351, in parse
    loader.exec_module(new_module)
  File "<frozen importlib._bootstrap_external>", line 991, in exec_module
  File "<frozen importlib._bootstrap_external>", line 1129, in get_code
  File "<frozen importlib._bootstrap_external>", line 1059, in source_to_code
  File "<frozen importlib._bootstrap>", line 488, in _call_with_frames_removed
  File "/opt/airflow/dags/process_new_data.py", line 13
    dag_id='route_to_data_types'
           ^^^
SyntaxError: invalid syntax. Perhaps you forgot a comma?
No viable dags retrieved from /opt/airflow/dags/process_new_data.py
Processing /opt/airflow/dags/process_new_data.py took 0.058 seconds
Started process (PID=90600) to work on /opt/airflow/dags/process_new_data.py
Processing file /opt/airflow/dags/process_new_data.py for tasks to queue
Filling up the DagBag from /opt/airflow/dags/process_new_data.py
Failed to import: /opt/airflow/dags/process_new_data.py
Traceback (most recent call last):
  File "/home/airflow/.local/lib/python3.12/site-packages/airflow/models/dagbag.py", line 351, in parse
    loader.exec_module(new_module)
  File "<frozen importlib._bootstrap_external>", line 991, in exec_module
  File "<frozen importlib._bootstrap_external>", line 1129, in get_code
  File "<frozen importlib._bootstrap_external>", line 1059, in source_to_code
  File "<frozen importlib._bootstrap>", line 488, in _call_with_frames_removed
  File "/opt/airflow/dags/process_new_data.py", line 13
    dag_id='route_to_data_types'
           ^^^
SyntaxError: invalid syntax. Perhaps you forgot a comma?
No viable dags retrieved from /opt/airflow/dags/process_new_data.py
Processing /opt/airflow/dags/process_new_data.py took 0.028 seconds
Started process (PID=90668) to work on /opt/airflow/dags/process_new_data.py
Processing file /opt/airflow/dags/process_new_data.py for tasks to queue
Filling up the DagBag from /opt/airflow/dags/process_new_data.py
Failed to import: /opt/airflow/dags/process_new_data.py
Traceback (most recent call last):
  File "/home/airflow/.local/lib/python3.12/site-packages/airflow/models/dagbag.py", line 351, in parse
    loader.exec_module(new_module)
  File "<frozen importlib._bootstrap_external>", line 991, in exec_module
  File "<frozen importlib._bootstrap_external>", line 1129, in get_code
  File "<frozen importlib._bootstrap_external>", line 1059, in source_to_code
  File "<frozen importlib._bootstrap>", line 488, in _call_with_frames_removed
  File "/opt/airflow/dags/process_new_data.py", line 13
    dag_id='route_to_data_types'
           ^^^
SyntaxError: invalid syntax. Perhaps you forgot a comma?
No viable dags retrieved from /opt/airflow/dags/process_new_data.py
Processing /opt/airflow/dags/process_new_data.py took 0.028 seconds
Started process (PID=90743) to work on /opt/airflow/dags/process_new_data.py
Processing file /opt/airflow/dags/process_new_data.py for tasks to queue
Filling up the DagBag from /opt/airflow/dags/process_new_data.py
Failed to import: /opt/airflow/dags/process_new_data.py
Traceback (most recent call last):
  File "/home/airflow/.local/lib/python3.12/site-packages/airflow/models/dagbag.py", line 351, in parse
    loader.exec_module(new_module)
  File "<frozen importlib._bootstrap_external>", line 991, in exec_module
  File "<frozen importlib._bootstrap_external>", line 1129, in get_code
  File "<frozen importlib._bootstrap_external>", line 1059, in source_to_code
  File "<frozen importlib._bootstrap>", line 488, in _call_with_frames_removed
  File "/opt/airflow/dags/process_new_data.py", line 13
    dag_id='route_to_data_types'
           ^^^
SyntaxError: invalid syntax. Perhaps you forgot a comma?
No viable dags retrieved from /opt/airflow/dags/process_new_data.py
Processing /opt/airflow/dags/process_new_data.py took 0.030 seconds
Started process (PID=90811) to work on /opt/airflow/dags/process_new_data.py
Processing file /opt/airflow/dags/process_new_data.py for tasks to queue
Filling up the DagBag from /opt/airflow/dags/process_new_data.py
Failed to import: /opt/airflow/dags/process_new_data.py
Traceback (most recent call last):
  File "/home/airflow/.local/lib/python3.12/site-packages/airflow/models/dagbag.py", line 351, in parse
    loader.exec_module(new_module)
  File "<frozen importlib._bootstrap_external>", line 991, in exec_module
  File "<frozen importlib._bootstrap_external>", line 1129, in get_code
  File "<frozen importlib._bootstrap_external>", line 1059, in source_to_code
  File "<frozen importlib._bootstrap>", line 488, in _call_with_frames_removed
  File "/opt/airflow/dags/process_new_data.py", line 13
    dag_id='route_to_data_types'
           ^^^
SyntaxError: invalid syntax. Perhaps you forgot a comma?
No viable dags retrieved from /opt/airflow/dags/process_new_data.py
Processing /opt/airflow/dags/process_new_data.py took 0.029 seconds
Started process (PID=90886) to work on /opt/airflow/dags/process_new_data.py
Processing file /opt/airflow/dags/process_new_data.py for tasks to queue
Filling up the DagBag from /opt/airflow/dags/process_new_data.py
Failed to import: /opt/airflow/dags/process_new_data.py
Traceback (most recent call last):
  File "/home/airflow/.local/lib/python3.12/site-packages/airflow/models/dagbag.py", line 351, in parse
    loader.exec_module(new_module)
  File "<frozen importlib._bootstrap_external>", line 991, in exec_module
  File "<frozen importlib._bootstrap_external>", line 1129, in get_code
  File "<frozen importlib._bootstrap_external>", line 1059, in source_to_code
  File "<frozen importlib._bootstrap>", line 488, in _call_with_frames_removed
  File "/opt/airflow/dags/process_new_data.py", line 13
    dag_id='route_to_data_types'
           ^^^
SyntaxError: invalid syntax. Perhaps you forgot a comma?
No viable dags retrieved from /opt/airflow/dags/process_new_data.py
Processing /opt/airflow/dags/process_new_data.py took 0.027 seconds
Started process (PID=90955) to work on /opt/airflow/dags/process_new_data.py
Processing file /opt/airflow/dags/process_new_data.py for tasks to queue
Filling up the DagBag from /opt/airflow/dags/process_new_data.py
Failed to import: /opt/airflow/dags/process_new_data.py
Traceback (most recent call last):
  File "/home/airflow/.local/lib/python3.12/site-packages/airflow/models/dagbag.py", line 351, in parse
    loader.exec_module(new_module)
  File "<frozen importlib._bootstrap_external>", line 991, in exec_module
  File "<frozen importlib._bootstrap_external>", line 1129, in get_code
  File "<frozen importlib._bootstrap_external>", line 1059, in source_to_code
  File "<frozen importlib._bootstrap>", line 488, in _call_with_frames_removed
  File "/opt/airflow/dags/process_new_data.py", line 13
    dag_id='route_to_data_types'
           ^^^
SyntaxError: invalid syntax. Perhaps you forgot a comma?
No viable dags retrieved from /opt/airflow/dags/process_new_data.py
Processing /opt/airflow/dags/process_new_data.py took 0.027 seconds
Started process (PID=91031) to work on /opt/airflow/dags/process_new_data.py
Processing file /opt/airflow/dags/process_new_data.py for tasks to queue
Filling up the DagBag from /opt/airflow/dags/process_new_data.py
Failed to import: /opt/airflow/dags/process_new_data.py
Traceback (most recent call last):
  File "/home/airflow/.local/lib/python3.12/site-packages/airflow/models/dagbag.py", line 351, in parse
    loader.exec_module(new_module)
  File "<frozen importlib._bootstrap_external>", line 991, in exec_module
  File "<frozen importlib._bootstrap_external>", line 1129, in get_code
  File "<frozen importlib._bootstrap_external>", line 1059, in source_to_code
  File "<frozen importlib._bootstrap>", line 488, in _call_with_frames_removed
  File "/opt/airflow/dags/process_new_data.py", line 13
    dag_id='route_to_data_types'
           ^^^
SyntaxError: invalid syntax. Perhaps you forgot a comma?
No viable dags retrieved from /opt/airflow/dags/process_new_data.py
Processing /opt/airflow/dags/process_new_data.py took 0.027 seconds
Started process (PID=91100) to work on /opt/airflow/dags/process_new_data.py
Processing file /opt/airflow/dags/process_new_data.py for tasks to queue
Filling up the DagBag from /opt/airflow/dags/process_new_data.py
Failed to import: /opt/airflow/dags/process_new_data.py
Traceback (most recent call last):
  File "/home/airflow/.local/lib/python3.12/site-packages/airflow/models/dagbag.py", line 351, in parse
    loader.exec_module(new_module)
  File "<frozen importlib._bootstrap_external>", line 991, in exec_module
  File "<frozen importlib._bootstrap_external>", line 1129, in get_code
  File "<frozen importlib._bootstrap_external>", line 1059, in source_to_code
  File "<frozen importlib._bootstrap>", line 488, in _call_with_frames_removed
  File "/opt/airflow/dags/process_new_data.py", line 13
    dag_id='route_to_data_types'
           ^^^
SyntaxError: invalid syntax. Perhaps you forgot a comma?
No viable dags retrieved from /opt/airflow/dags/process_new_data.py
Processing /opt/airflow/dags/process_new_data.py took 0.030 seconds
Started process (PID=91176) to work on /opt/airflow/dags/process_new_data.py
Processing file /opt/airflow/dags/process_new_data.py for tasks to queue
Filling up the DagBag from /opt/airflow/dags/process_new_data.py
Failed to import: /opt/airflow/dags/process_new_data.py
Traceback (most recent call last):
  File "/home/airflow/.local/lib/python3.12/site-packages/airflow/models/dagbag.py", line 351, in parse
    loader.exec_module(new_module)
  File "<frozen importlib._bootstrap_external>", line 991, in exec_module
  File "<frozen importlib._bootstrap_external>", line 1129, in get_code
  File "<frozen importlib._bootstrap_external>", line 1059, in source_to_code
  File "<frozen importlib._bootstrap>", line 488, in _call_with_frames_removed
  File "/opt/airflow/dags/process_new_data.py", line 13
    dag_id='route_to_data_types'
           ^^^
SyntaxError: invalid syntax. Perhaps you forgot a comma?
No viable dags retrieved from /opt/airflow/dags/process_new_data.py
Processing /opt/airflow/dags/process_new_data.py took 0.027 seconds
Started process (PID=91245) to work on /opt/airflow/dags/process_new_data.py
Processing file /opt/airflow/dags/process_new_data.py for tasks to queue
Filling up the DagBag from /opt/airflow/dags/process_new_data.py
Failed to import: /opt/airflow/dags/process_new_data.py
Traceback (most recent call last):
  File "/home/airflow/.local/lib/python3.12/site-packages/airflow/models/dagbag.py", line 351, in parse
    loader.exec_module(new_module)
  File "<frozen importlib._bootstrap_external>", line 991, in exec_module
  File "<frozen importlib._bootstrap_external>", line 1129, in get_code
  File "<frozen importlib._bootstrap_external>", line 1059, in source_to_code
  File "<frozen importlib._bootstrap>", line 488, in _call_with_frames_removed
  File "/opt/airflow/dags/process_new_data.py", line 13
    dag_id='route_to_data_types'
           ^^^
SyntaxError: invalid syntax. Perhaps you forgot a comma?
No viable dags retrieved from /opt/airflow/dags/process_new_data.py
Processing /opt/airflow/dags/process_new_data.py took 0.027 seconds
Started process (PID=91321) to work on /opt/airflow/dags/process_new_data.py
Processing file /opt/airflow/dags/process_new_data.py for tasks to queue
Filling up the DagBag from /opt/airflow/dags/process_new_data.py
Failed to import: /opt/airflow/dags/process_new_data.py
Traceback (most recent call last):
  File "/home/airflow/.local/lib/python3.12/site-packages/airflow/models/dagbag.py", line 351, in parse
    loader.exec_module(new_module)
  File "<frozen importlib._bootstrap_external>", line 991, in exec_module
  File "<frozen importlib._bootstrap_external>", line 1129, in get_code
  File "<frozen importlib._bootstrap_external>", line 1059, in source_to_code
  File "<frozen importlib._bootstrap>", line 488, in _call_with_frames_removed
  File "/opt/airflow/dags/process_new_data.py", line 13
    dag_id='route_to_data_types'
           ^^^
SyntaxError: invalid syntax. Perhaps you forgot a comma?
No viable dags retrieved from /opt/airflow/dags/process_new_data.py
Processing /opt/airflow/dags/process_new_data.py took 0.033 seconds
Started process (PID=91390) to work on /opt/airflow/dags/process_new_data.py
Processing file /opt/airflow/dags/process_new_data.py for tasks to queue
Filling up the DagBag from /opt/airflow/dags/process_new_data.py
Failed to import: /opt/airflow/dags/process_new_data.py
Traceback (most recent call last):
  File "/home/airflow/.local/lib/python3.12/site-packages/airflow/models/dagbag.py", line 351, in parse
    loader.exec_module(new_module)
  File "<frozen importlib._bootstrap_external>", line 991, in exec_module
  File "<frozen importlib._bootstrap_external>", line 1129, in get_code
  File "<frozen importlib._bootstrap_external>", line 1059, in source_to_code
  File "<frozen importlib._bootstrap>", line 488, in _call_with_frames_removed
  File "/opt/airflow/dags/process_new_data.py", line 13
    dag_id='route_to_data_types'
           ^^^
SyntaxError: invalid syntax. Perhaps you forgot a comma?
No viable dags retrieved from /opt/airflow/dags/process_new_data.py
Processing /opt/airflow/dags/process_new_data.py took 0.029 seconds
Started process (PID=91467) to work on /opt/airflow/dags/process_new_data.py
Processing file /opt/airflow/dags/process_new_data.py for tasks to queue
Filling up the DagBag from /opt/airflow/dags/process_new_data.py
Failed to import: /opt/airflow/dags/process_new_data.py
Traceback (most recent call last):
  File "/home/airflow/.local/lib/python3.12/site-packages/airflow/models/dagbag.py", line 351, in parse
    loader.exec_module(new_module)
  File "<frozen importlib._bootstrap_external>", line 991, in exec_module
  File "<frozen importlib._bootstrap_external>", line 1129, in get_code
  File "<frozen importlib._bootstrap_external>", line 1059, in source_to_code
  File "<frozen importlib._bootstrap>", line 488, in _call_with_frames_removed
  File "/opt/airflow/dags/process_new_data.py", line 13
    dag_id='route_to_data_types'
           ^^^
SyntaxError: invalid syntax. Perhaps you forgot a comma?
No viable dags retrieved from /opt/airflow/dags/process_new_data.py
Processing /opt/airflow/dags/process_new_data.py took 0.174 seconds
