::group::Pre task execution logs
Dependencies all met for dep_context=non-requeueable deps ti=<TaskInstance: upload_main_db_data_dag.upload_main_db_data manual__2026-03-05T10:07:47.745606+00:00 [queued]>
Dependencies all met for dep_context=requeueable deps ti=<TaskInstance: upload_main_db_data_dag.upload_main_db_data manual__2026-03-05T10:07:47.745606+00:00 [queued]>
Starting attempt 2 of 3
Executing <Task(_PythonDecoratedOperator): upload_main_db_data> on 2026-03-05 10:07:47.745606+00:00
/home/***/.local/lib/python3.12/site-packages/***/task/task_runner/standard_task_runner.py:62: DeprecationWarning: This process (pid=10178) is multi-threaded, use of fork() may lead to deadlocks in the child.
  pid = os.fork()

Started process 10180 to run task
Running: ['***', 'tasks', 'run', 'upload_main_db_data_dag', 'upload_main_db_data', 'manual__2026-03-05T10:07:47.745606+00:00', '--job-id', '1435', '--raw', '--subdir', 'DAGS_FOLDER/upload_main_db_data_dag.py', '--cfg-path', '/tmp/tmpp1cg_7x7']
Job 1435: Subtask upload_main_db_data
Running <TaskInstance: upload_main_db_data_dag.upload_main_db_data manual__2026-03-05T10:07:47.745606+00:00 [running]> on host ad14fccbac7a
Exporting env vars: AIRFLOW_CTX_DAG_OWNER='***' AIRFLOW_CTX_DAG_ID='upload_main_db_data_dag' AIRFLOW_CTX_TASK_ID='upload_main_db_data' AIRFLOW_CTX_EXECUTION_DATE='2026-03-05T10:07:47.745606+00:00' AIRFLOW_CTX_TRY_NUMBER='2' AIRFLOW_CTX_DAG_RUN_ID='manual__2026-03-05T10:07:47.745606+00:00'
::endgroup::
Using connection ID 'hdfs_default' for task execution.
Trying to connect to namenode:9870
Trying namenode namenode
Instantiated <InsecureClient(url='http://namenode:9870')>.
Fetching status for '/'.
Using namenode namenode for hook
Fetching status for '/test_raw_data/data/Acron/MainDb/Acron.db'.
Reading file '/test_raw_data/data/Acron/MainDb/Acron.db'.
Using connection ID 'cloudberry_test_dwh' for task execution.
Using data_source_id: 289c288e-ccf8-a441-ae8d-f36862eded0a
✅ Loaded 22 rows to stg_measure_groups
Using connection ID 'cloudberry_test_dwh' for task execution.
Using data_source_id: 289c288e-ccf8-a441-ae8d-f36862eded0a
No data to process in SQLite
Using connection ID 'cloudberry_test_dwh' for task execution.
Using data_source_id: 289c288e-ccf8-a441-ae8d-f36862eded0a
No data to process in SQLite
Using connection ID 'cloudberry_test_dwh' for task execution.
Using data_source_id: 289c288e-ccf8-a441-ae8d-f36862eded0a
✅ Loaded 22 rows to stg_annotation
Using connection ID 'cloudberry_test_dwh' for task execution.
Using data_source_id: 289c288e-ccf8-a441-ae8d-f36862eded0a
✅ Loaded 1252 rows to stg_bearings
Using connection ID 'cloudberry_test_dwh' for task execution.
Using data_source_id: 289c288e-ccf8-a441-ae8d-f36862eded0a
✅ Loaded 26113 rows to stg_diagnostic_alarm_history_v2
Using connection ID 'cloudberry_test_dwh' for task execution.
Using data_source_id: 289c288e-ccf8-a441-ae8d-f36862eded0a
✅ Loaded 8578 rows to stg_diagnostic_alarms_v2
Using connection ID 'cloudberry_test_dwh' for task execution.
Using data_source_id: 289c288e-ccf8-a441-ae8d-f36862eded0a
No data to process in SQLite
Using connection ID 'cloudberry_test_dwh' for task execution.
Using data_source_id: 289c288e-ccf8-a441-ae8d-f36862eded0a
✅ Loaded 1204 rows to stg_io_creyt_channel_configs
Using connection ID 'cloudberry_test_dwh' for task execution.
Using data_source_id: 289c288e-ccf8-a441-ae8d-f36862eded0a
✅ Loaded 336 rows to stg_io_creyt_channel_configs_v5
Using connection ID 'cloudberry_test_dwh' for task execution.
Using data_source_id: 289c288e-ccf8-a441-ae8d-f36862eded0a
✅ Loaded 1316 rows to stg_io_creyt_channel_states
Using connection ID 'cloudberry_test_dwh' for task execution.
Using data_source_id: 289c288e-ccf8-a441-ae8d-f36862eded0a
✅ Loaded 336 rows to stg_io_creyt_channel_states_v5
Using connection ID 'cloudberry_test_dwh' for task execution.
Using data_source_id: 289c288e-ccf8-a441-ae8d-f36862eded0a
✅ Loaded 43 rows to stg_io_creyt_configs
Using connection ID 'cloudberry_test_dwh' for task execution.
Using data_source_id: 289c288e-ccf8-a441-ae8d-f36862eded0a
✅ Loaded 6 rows to stg_io_creyt_configs_v5
Using connection ID 'cloudberry_test_dwh' for task execution.
Using data_source_id: 289c288e-ccf8-a441-ae8d-f36862eded0a
✅ Loaded 490 rows to stg_io_creyt_controller_states
Using connection ID 'cloudberry_test_dwh' for task execution.
Using data_source_id: 289c288e-ccf8-a441-ae8d-f36862eded0a
✅ Loaded 84 rows to stg_io_creyt_controller_states_v5
Using connection ID 'cloudberry_test_dwh' for task execution.
Using data_source_id: 289c288e-ccf8-a441-ae8d-f36862eded0a
✅ Loaded 35 rows to stg_io_creyt_im_oper_times
Using connection ID 'cloudberry_test_dwh' for task execution.
Using data_source_id: 289c288e-ccf8-a441-ae8d-f36862eded0a
✅ Loaded 5 rows to stg_io_creyt_im_oper_times_v5
Using connection ID 'cloudberry_test_dwh' for task execution.
Using data_source_id: 289c288e-ccf8-a441-ae8d-f36862eded0a
✅ Loaded 2 rows to stg_io_device_config_nodes
Using connection ID 'cloudberry_test_dwh' for task execution.
Using data_source_id: 289c288e-ccf8-a441-ae8d-f36862eded0a
Database error in extract_from_sqlite_to_staging: (psycopg2.errors.DatatypeMismatch) column "enabled" is of type integer but expression is of type boolean
LINE 1: ...id, '8c086d2c-af1c-1540-beee-e478f3b1be45'::uuid, false, 1, ...
                                                             ^
HINT:  You will need to rewrite or cast the expression.

[SQL: INSERT INTO stg_io_device_configs (id, name, typeid, confignodeid, enabled, setnumber, data_source_id, hash_sk, hash_sat_diff, load_dttm) VALUES (%(id_m0)s, %(name_m0)s, %(typeid_m0)s, %(confignodeid_m0)s, %(enabled_m0)s, %(setnumber_m0)s, %(data_source_id_m0)s, %(hash_sk_m0)s, %(hash_sat_diff_m0)s, %(load_dttm_m0)s), (%(id_m1)s, %(name_m1)s, %(typeid_m1)s, %(confignodeid_m1)s, %(enabled_m1)s, %(setnumber_m1)s, %(data_source_id_m1)s, %(hash_sk_m1)s, %(hash_sat_diff_m1)s, %(load_dttm_m1)s), (%(id_m2)s, %(name_m2)s, %(typeid_m2)s, %(confignodeid_m2)s, %(enabled_m2)s, %(setnumber_m2)s, %(data_source_id_m2)s, %(hash_sk_m2)s, %(hash_sat_diff_m2)s, %(load_dttm_m2)s), (%(id_m3)s, %(name_m3)s, %(typeid_m3)s, %(confignodeid_m3)s, %(enabled_m3)s, %(setnumber_m3)s, %(data_source_id_m3)s, %(hash_sk_m3)s, %(hash_sat_diff_m3)s, %(load_dttm_m3)s), (%(id_m4)s, %(name_m4)s, %(typeid_m4)s, %(confignodeid_m4)s, %(enabled_m4)s, %(setnumber_m4)s, %(data_source_id_m4)s, %(hash_sk_m4)s, %(hash_sat_diff_m4)s, %(load_dttm_m4)s), (%(id_m5)s, %(name_m5)s, %(typeid_m5)s, %(confignodeid_m5)s, %(enabled_m5)s, %(setnumber_m5)s, %(data_source_id_m5)s, %(hash_sk_m5)s, %(hash_sat_diff_m5)s, %(load_dttm_m5)s), (%(id_m6)s, %(name_m6)s, %(typeid_m6)s, %(confignodeid_m6)s, %(enabled_m6)s, %(setnumber_m6)s, %(data_source_id_m6)s, %(hash_sk_m6)s, %(hash_sat_diff_m6)s, %(load_dttm_m6)s), (%(id_m7)s, %(name_m7)s, %(typeid_m7)s, %(confignodeid_m7)s, %(enabled_m7)s, %(setnumber_m7)s, %(data_source_id_m7)s, %(hash_sk_m7)s, %(hash_sat_diff_m7)s, %(load_dttm_m7)s), (%(id_m8)s, %(name_m8)s, %(typeid_m8)s, %(confignodeid_m8)s, %(enabled_m8)s, %(setnumber_m8)s, %(data_source_id_m8)s, %(hash_sk_m8)s, %(hash_sat_diff_m8)s, %(load_dttm_m8)s), (%(id_m9)s, %(name_m9)s, %(typeid_m9)s, %(confignodeid_m9)s, %(enabled_m9)s, %(setnumber_m9)s, %(data_source_id_m9)s, %(hash_sk_m9)s, %(hash_sat_diff_m9)s, %(load_dttm_m9)s), (%(id_m10)s, %(name_m10)s, %(typeid_m10)s, %(confignodeid_m10)s, %(enabled_m10)s, %(setnumber_m10)s, %(data_source_id_m10)s, %(hash_sk_m10)s, %(hash_sat_diff_m10)s, %(load_dttm_m10)s)]
[parameters: {'id_m0': UUID('0bff0713-c19d-e84f-8f86-78da6100b5bf'), 'name_m0': 'Крейт А1 (Modbus TCP)', 'typeid_m0': UUID('65f94a92-5122-5040-9b0d-cad8de981bda'), 'confignodeid_m0': UUID('8c086d2c-af1c-1540-beee-e478f3b1be45'), 'enabled_m0': False, 'setnumber_m0': 1, 'data_source_id_m0': UUID('289c288e-ccf8-a441-ae8d-f36862eded0a'), 'hash_sk_m0': UUID('15058865-1ac3-4dd3-4a28-d03b6aef5afb'), 'hash_sat_diff_m0': UUID('3a9667e4-7a2d-3c13-4eb3-4f6b1af27d03'), 'load_dttm_m0': datetime.datetime(2026, 3, 5, 10, 11, 24, 634563, tzinfo=datetime.timezone.utc), 'id_m1': UUID('cad5e078-5248-534e-ab37-f32b1fc8deb6'), 'name_m1': 'Крейт 1 Modbus', 'typeid_m1': UUID('65f94a92-5122-5040-9b0d-cad8de981bda'), 'confignodeid_m1': UUID('dfab8ad9-5c33-9a49-9eab-6bf454797bdd'), 'enabled_m1': False, 'setnumber_m1': 1, 'data_source_id_m1': UUID('289c288e-ccf8-a441-ae8d-f36862eded0a'), 'hash_sk_m1': UUID('56a9c169-2af1-a944-1d5c-ad06e427dc59'), 'hash_sat_diff_m1': UUID('80054b18-a1a0-fc95-1c69-619f9ded563a'), 'load_dttm_m1': datetime.datetime(2026, 3, 5, 10, 11, 24, 634563, tzinfo=datetime.timezone.utc), 'id_m2': UUID('2bc3c3fe-2041-da42-a116-162bf12c7a01'), 'name_m2': 'Крейт А2 (Modbus TCP)', 'typeid_m2': UUID('65f94a92-5122-5040-9b0d-cad8de981bda'), 'confignodeid_m2': UUID('8c086d2c-af1c-1540-beee-e478f3b1be45'), 'enabled_m2': False, 'setnumber_m2': 1, 'data_source_id_m2': UUID('289c288e-ccf8-a441-ae8d-f36862eded0a'), 'hash_sk_m2': UUID('8b951c42-ff80-ede6-7f98-541352032ad7'), 'hash_sat_diff_m2': UUID('6b2cb929-77c9-95da-0807-15a1c4babcbd'), 'load_dttm_m2': datetime.datetime(2026, 3, 5, 10, 11, 24, 634563, tzinfo=datetime.timezone.utc), 'id_m3': UUID('7b89906b-720f-c548-a33f-f1f06f088d69'), 'name_m3': 'Крейт А3 (Modbus TCP)', 'typeid_m3': UUID('65f94a92-5122-5040-9b0d-cad8de981bda'), 'confignodeid_m3': UUID('8c086d2c-af1c-1540-beee-e478f3b1be45'), 'enabled_m3': False, 'setnumber_m3': 1, 'data_source_id_m3': UUID('289c288e-ccf8-a441-ae8d-f36862eded0a'), 'hash_sk_m3': UUID('d2357e93-3034-248e-f026-7550a09fa47e'), 'hash_sat_diff_m3': UUID('e49edec5-4ffb-50b8-7216-d30c515fe3c2'), 'load_dttm_m3': datetime.datetime(2026, 3, 5, 10, 11, 24, 634563, tzinfo=datetime.timezone.utc), 'id_m4': UUID('f94583e9-e3e5-7341-a353-b7df5f6f22b4'), 'name_m4': 'Крейт А1 (Выборки)', 'typeid_m4': UUID('a6f4eb69-5a36-c64b-8b63-6e54394b222d'), 'confignodeid_m4': UUID('8c086d2c-af1c-1540-beee-e478f3b1be45'), 'enabled_m4': False, 'setnumber_m4': 1, 'data_source_id_m4': UUID('289c288e-ccf8-a441-ae8d-f36862eded0a'), 'hash_sk_m4': UUID('79180e9f-ca43-508a-f28b-87cca1e2d4ce'), 'hash_sat_diff_m4': UUID('cb64f0c5-0a78-7a60-66aa-ba11277a142f'), 'load_dttm_m4': datetime.datetime(2026, 3, 5, 10, 11, 24, 634563, tzinfo=datetime.timezone.utc), 'id_m5': UUID('36e81100-c3ef-6c4e-86ea-6f605d5eaeb0'), 'name_m5': 'Крейт А2 (Выборки)', 'typeid_m5': UUID('a6f4eb69-5a36-c64b-8b63-6e54394b222d'), 'confignodeid_m5': UUID('8c086d2c-af1c-1540-beee-e478f3b1be45'), 'enabled_m5': False, 'setnumber_m5': 1, 'data_source_id_m5': UUID('289c288e-ccf8-a441-ae8d-f36862eded0a'), 'hash_sk_m5': UUID('70199109-8a34-8ed6-d8cf-e2f1ce88d5ec'), 'hash_sat_diff_m5': UUID('b6a6f108-65eb-683d-b2ba-8936bf0576ad'), 'load_dttm_m5': datetime.datetime(2026, 3, 5, 10, 11, 24, 634563, tzinfo=datetime.timezone.utc), 'id_m6': UUID('d7f23e5f-f1fa-914e-9a7e-60c175c6e775'), 'name_m6': 'Крейт А3 (Выборки)', 'typeid_m6': UUID('a6f4eb69-5a36-c64b-8b63-6e54394b222d'), 'confignodeid_m6': UUID('8c086d2c-af1c-1540-beee-e478f3b1be45'), 'enabled_m6': False, 'setnumber_m6': 1, 'data_source_id_m6': UUID('289c288e-ccf8-a441-ae8d-f36862eded0a'), 'hash_sk_m6': UUID('85f755f7-b7ad-c15d-6910-253c5c526f3c'), 'hash_sat_diff_m6': UUID('a0f5d320-7196-413a-cfc9-553c485a8254'), 'load_dttm_m6': datetime.datetime(2026, 3, 5, 10, 11, 24, 634563, tzinfo=datetime.timezone.utc), 'id_m7': UUID('eec1992b-542a-4e4b-a85d-33d862c06e8a'), 'name_m7': 'Тест роторкит', 'typeid_m7': UUID('a6f4eb69-5a36-c64b-8b63-6e54394b222d'), 'confignodeid_m7': UUID('00000000-0000-0000-0000-000000000000'), 'enabled_m7': False, 'setnumber_m7': 1, 'data_source_id_m7': UUID('289c288e-ccf8-a441-ae8d-f36862eded0a'), 'hash_sk_m7': UUID('669a630d-0b43-805e-156b-75999f5dcdec'), 'hash_sat_diff_m7': UUID('848dee98-d88f-0557-f153-b042e50bc064'), 'load_dttm_m7': datetime.datetime(2026, 3, 5, 10, 11, 24, 634563, tzinfo=datetime.timezone.utc), 'id_m8': UUID('60d4565b-6e66-c645-b10d-e53affb08e9d'), 'name_m8': 'Роторкит Modbus', 'typeid_m8': UUID('65f94a92-5122-5040-9b0d-cad8de981bda'), 'confignodeid_m8': UUID('00000000-0000-0000-0000-000000000000'), 'enabled_m8': False, 'setnumber_m8': 1, 'data_source_id_m8': UUID('289c288e-ccf8-a441-ae8d-f36862eded0a'), 'hash_sk_m8': UUID('bdb7cd81-44d7-a212-7292-2b2ef890af49'), 'hash_sat_diff_m8': UUID('fdfc0fdc-33a6-9152-36c9-7aa239e2c8d5'), 'load_dttm_m8': datetime.datetime(2026, 3, 5, 10, 11, 24, 634563, tzinfo=datetime.timezone.utc), 'id_m9': UUID('4555f531-ea0c-404e-b63d-cd8f6786c4bf'), 'name_m9': 'Lcard серверная', 'typeid_m9': UUID('a6f4eb69-5a36-c64b-8b63-6e54394b222d'), 'confignodeid_m9': UUID('00000000-0000-0000-0000-000000000000'), 'enabled_m9': True, 'setnumber_m9': 1, 'data_source_id_m9': UUID('289c288e-ccf8-a441-ae8d-f36862eded0a'), 'hash_sk_m9': UUID('6c27fcd5-55b9-2342-18dc-bf4f0b9eec20'), 'hash_sat_diff_m9': UUID('8950961d-e749-4e70-c638-cf3ffb3cf19e'), 'load_dttm_m9': datetime.datetime(2026, 3, 5, 10, 11, 24, 634563, tzinfo=datetime.timezone.utc), 'id_m10': UUID('24a3f110-154b-a440-9987-f2938c07ecc2'), 'name_m10': 'Lcard серверная Modbus', 'typeid_m10': UUID('65f94a92-5122-5040-9b0d-cad8de981bda'), 'confignodeid_m10': UUID('00000000-0000-0000-0000-000000000000'), 'enabled_m10': True, 'setnumber_m10': 1, 'data_source_id_m10': UUID('289c288e-ccf8-a441-ae8d-f36862eded0a'), 'hash_sk_m10': UUID('52136c56-380c-9342-be18-4f633cda28e1'), 'hash_sat_diff_m10': UUID('280d71fa-faff-4e1a-2e36-3cdb2e38271c'), 'load_dttm_m10': datetime.datetime(2026, 3, 5, 10, 11, 24, 634563, tzinfo=datetime.timezone.utc)}]
(Background on this error at: https://sqlalche.me/e/14/f405)
::group::Post task execution logs
Task failed with exception
Traceback (most recent call last):
  File "/home/airflow/.local/lib/python3.12/site-packages/sqlalchemy/engine/base.py", line 1910, in _execute_context
    self.dialect.do_execute(
  File "/home/airflow/.local/lib/python3.12/site-packages/sqlalchemy/engine/default.py", line 736, in do_execute
    cursor.execute(statement, parameters)
psycopg2.errors.DatatypeMismatch: column "enabled" is of type integer but expression is of type boolean
LINE 1: ...id, '8c086d2c-af1c-1540-beee-e478f3b1be45'::uuid, false, 1, ...
                                                             ^
HINT:  You will need to rewrite or cast the expression.


The above exception was the direct cause of the following exception:

Traceback (most recent call last):
  File "/opt/airflow/dags/upload_main_db_data/upload_main_db_data.py", line 248, in extract_from_sqlite_to_staging
    rows_loaded = df.to_sql(
                  ^^^^^^^^^^
  File "/home/airflow/.local/lib/python3.12/site-packages/pandas/util/_decorators.py", line 333, in wrapper
    return func(*args, **kwargs)
           ^^^^^^^^^^^^^^^^^^^^^
  File "/home/airflow/.local/lib/python3.12/site-packages/pandas/core/generic.py", line 3008, in to_sql
    return sql.to_sql(
           ^^^^^^^^^^^
  File "/home/airflow/.local/lib/python3.12/site-packages/pandas/io/sql.py", line 788, in to_sql
    return pandas_sql.to_sql(
           ^^^^^^^^^^^^^^^^^^
  File "/home/airflow/.local/lib/python3.12/site-packages/pandas/io/sql.py", line 1958, in to_sql
    total_inserted = sql_engine.insert_records(
                     ^^^^^^^^^^^^^^^^^^^^^^^^^^
  File "/home/airflow/.local/lib/python3.12/site-packages/pandas/io/sql.py", line 1507, in insert_records
    raise err
  File "/home/airflow/.local/lib/python3.12/site-packages/pandas/io/sql.py", line 1498, in insert_records
    return table.insert(chunksize=chunksize, method=method)
           ^^^^^^^^^^^^^^^^^^^^^^^^^^^^^^^^^^^^^^^^^^^^^^^^
  File "/home/airflow/.local/lib/python3.12/site-packages/pandas/io/sql.py", line 1059, in insert
    num_inserted = exec_insert(conn, keys, chunk_iter)
                   ^^^^^^^^^^^^^^^^^^^^^^^^^^^^^^^^^^^
  File "/home/airflow/.local/lib/python3.12/site-packages/pandas/io/sql.py", line 967, in _execute_insert_multi
    result = conn.execute(stmt)
             ^^^^^^^^^^^^^^^^^^
  File "/home/airflow/.local/lib/python3.12/site-packages/sqlalchemy/engine/base.py", line 1385, in execute
    return meth(self, multiparams, params, _EMPTY_EXECUTION_OPTS)
           ^^^^^^^^^^^^^^^^^^^^^^^^^^^^^^^^^^^^^^^^^^^^^^^^^^^^^^
  File "/home/airflow/.local/lib/python3.12/site-packages/sqlalchemy/sql/elements.py", line 334, in _execute_on_connection
    return connection._execute_clauseelement(
           ^^^^^^^^^^^^^^^^^^^^^^^^^^^^^^^^^^
  File "/home/airflow/.local/lib/python3.12/site-packages/sqlalchemy/engine/base.py", line 1577, in _execute_clauseelement
    ret = self._execute_context(
          ^^^^^^^^^^^^^^^^^^^^^^
  File "/home/airflow/.local/lib/python3.12/site-packages/sqlalchemy/engine/base.py", line 1953, in _execute_context
    self._handle_dbapi_exception(
  File "/home/airflow/.local/lib/python3.12/site-packages/sqlalchemy/engine/base.py", line 2134, in _handle_dbapi_exception
    util.raise_(
  File "/home/airflow/.local/lib/python3.12/site-packages/sqlalchemy/util/compat.py", line 211, in raise_
    raise exception
  File "/home/airflow/.local/lib/python3.12/site-packages/sqlalchemy/engine/base.py", line 1910, in _execute_context
    self.dialect.do_execute(
  File "/home/airflow/.local/lib/python3.12/site-packages/sqlalchemy/engine/default.py", line 736, in do_execute
    cursor.execute(statement, parameters)
sqlalchemy.exc.ProgrammingError: (psycopg2.errors.DatatypeMismatch) column "enabled" is of type integer but expression is of type boolean
LINE 1: ...id, '8c086d2c-af1c-1540-beee-e478f3b1be45'::uuid, false, 1, ...
                                                             ^
HINT:  You will need to rewrite or cast the expression.

[SQL: INSERT INTO stg_io_device_configs (id, name, typeid, confignodeid, enabled, setnumber, data_source_id, hash_sk, hash_sat_diff, load_dttm) VALUES (%(id_m0)s, %(name_m0)s, %(typeid_m0)s, %(confignodeid_m0)s, %(enabled_m0)s, %(setnumber_m0)s, %(data_source_id_m0)s, %(hash_sk_m0)s, %(hash_sat_diff_m0)s, %(load_dttm_m0)s), (%(id_m1)s, %(name_m1)s, %(typeid_m1)s, %(confignodeid_m1)s, %(enabled_m1)s, %(setnumber_m1)s, %(data_source_id_m1)s, %(hash_sk_m1)s, %(hash_sat_diff_m1)s, %(load_dttm_m1)s), (%(id_m2)s, %(name_m2)s, %(typeid_m2)s, %(confignodeid_m2)s, %(enabled_m2)s, %(setnumber_m2)s, %(data_source_id_m2)s, %(hash_sk_m2)s, %(hash_sat_diff_m2)s, %(load_dttm_m2)s), (%(id_m3)s, %(name_m3)s, %(typeid_m3)s, %(confignodeid_m3)s, %(enabled_m3)s, %(setnumber_m3)s, %(data_source_id_m3)s, %(hash_sk_m3)s, %(hash_sat_diff_m3)s, %(load_dttm_m3)s), (%(id_m4)s, %(name_m4)s, %(typeid_m4)s, %(confignodeid_m4)s, %(enabled_m4)s, %(setnumber_m4)s, %(data_source_id_m4)s, %(hash_sk_m4)s, %(hash_sat_diff_m4)s, %(load_dttm_m4)s), (%(id_m5)s, %(name_m5)s, %(typeid_m5)s, %(confignodeid_m5)s, %(enabled_m5)s, %(setnumber_m5)s, %(data_source_id_m5)s, %(hash_sk_m5)s, %(hash_sat_diff_m5)s, %(load_dttm_m5)s), (%(id_m6)s, %(name_m6)s, %(typeid_m6)s, %(confignodeid_m6)s, %(enabled_m6)s, %(setnumber_m6)s, %(data_source_id_m6)s, %(hash_sk_m6)s, %(hash_sat_diff_m6)s, %(load_dttm_m6)s), (%(id_m7)s, %(name_m7)s, %(typeid_m7)s, %(confignodeid_m7)s, %(enabled_m7)s, %(setnumber_m7)s, %(data_source_id_m7)s, %(hash_sk_m7)s, %(hash_sat_diff_m7)s, %(load_dttm_m7)s), (%(id_m8)s, %(name_m8)s, %(typeid_m8)s, %(confignodeid_m8)s, %(enabled_m8)s, %(setnumber_m8)s, %(data_source_id_m8)s, %(hash_sk_m8)s, %(hash_sat_diff_m8)s, %(load_dttm_m8)s), (%(id_m9)s, %(name_m9)s, %(typeid_m9)s, %(confignodeid_m9)s, %(enabled_m9)s, %(setnumber_m9)s, %(data_source_id_m9)s, %(hash_sk_m9)s, %(hash_sat_diff_m9)s, %(load_dttm_m9)s), (%(id_m10)s, %(name_m10)s, %(typeid_m10)s, %(confignodeid_m10)s, %(enabled_m10)s, %(setnumber_m10)s, %(data_source_id_m10)s, %(hash_sk_m10)s, %(hash_sat_diff_m10)s, %(load_dttm_m10)s)]
[parameters: {'id_m0': UUID('0bff0713-c19d-e84f-8f86-78da6100b5bf'), 'name_m0': 'Крейт А1 (Modbus TCP)', 'typeid_m0': UUID('65f94a92-5122-5040-9b0d-cad8de981bda'), 'confignodeid_m0': UUID('8c086d2c-af1c-1540-beee-e478f3b1be45'), 'enabled_m0': False, 'setnumber_m0': 1, 'data_source_id_m0': UUID('289c288e-ccf8-a441-ae8d-f36862eded0a'), 'hash_sk_m0': UUID('15058865-1ac3-4dd3-4a28-d03b6aef5afb'), 'hash_sat_diff_m0': UUID('3a9667e4-7a2d-3c13-4eb3-4f6b1af27d03'), 'load_dttm_m0': datetime.datetime(2026, 3, 5, 10, 11, 24, 634563, tzinfo=datetime.timezone.utc), 'id_m1': UUID('cad5e078-5248-534e-ab37-f32b1fc8deb6'), 'name_m1': 'Крейт 1 Modbus', 'typeid_m1': UUID('65f94a92-5122-5040-9b0d-cad8de981bda'), 'confignodeid_m1': UUID('dfab8ad9-5c33-9a49-9eab-6bf454797bdd'), 'enabled_m1': False, 'setnumber_m1': 1, 'data_source_id_m1': UUID('289c288e-ccf8-a441-ae8d-f36862eded0a'), 'hash_sk_m1': UUID('56a9c169-2af1-a944-1d5c-ad06e427dc59'), 'hash_sat_diff_m1': UUID('80054b18-a1a0-fc95-1c69-619f9ded563a'), 'load_dttm_m1': datetime.datetime(2026, 3, 5, 10, 11, 24, 634563, tzinfo=datetime.timezone.utc), 'id_m2': UUID('2bc3c3fe-2041-da42-a116-162bf12c7a01'), 'name_m2': 'Крейт А2 (Modbus TCP)', 'typeid_m2': UUID('65f94a92-5122-5040-9b0d-cad8de981bda'), 'confignodeid_m2': UUID('8c086d2c-af1c-1540-beee-e478f3b1be45'), 'enabled_m2': False, 'setnumber_m2': 1, 'data_source_id_m2': UUID('289c288e-ccf8-a441-ae8d-f36862eded0a'), 'hash_sk_m2': UUID('8b951c42-ff80-ede6-7f98-541352032ad7'), 'hash_sat_diff_m2': UUID('6b2cb929-77c9-95da-0807-15a1c4babcbd'), 'load_dttm_m2': datetime.datetime(2026, 3, 5, 10, 11, 24, 634563, tzinfo=datetime.timezone.utc), 'id_m3': UUID('7b89906b-720f-c548-a33f-f1f06f088d69'), 'name_m3': 'Крейт А3 (Modbus TCP)', 'typeid_m3': UUID('65f94a92-5122-5040-9b0d-cad8de981bda'), 'confignodeid_m3': UUID('8c086d2c-af1c-1540-beee-e478f3b1be45'), 'enabled_m3': False, 'setnumber_m3': 1, 'data_source_id_m3': UUID('289c288e-ccf8-a441-ae8d-f36862eded0a'), 'hash_sk_m3': UUID('d2357e93-3034-248e-f026-7550a09fa47e'), 'hash_sat_diff_m3': UUID('e49edec5-4ffb-50b8-7216-d30c515fe3c2'), 'load_dttm_m3': datetime.datetime(2026, 3, 5, 10, 11, 24, 634563, tzinfo=datetime.timezone.utc), 'id_m4': UUID('f94583e9-e3e5-7341-a353-b7df5f6f22b4'), 'name_m4': 'Крейт А1 (Выборки)', 'typeid_m4': UUID('a6f4eb69-5a36-c64b-8b63-6e54394b222d'), 'confignodeid_m4': UUID('8c086d2c-af1c-1540-beee-e478f3b1be45'), 'enabled_m4': False, 'setnumber_m4': 1, 'data_source_id_m4': UUID('289c288e-ccf8-a441-ae8d-f36862eded0a'), 'hash_sk_m4': UUID('79180e9f-ca43-508a-f28b-87cca1e2d4ce'), 'hash_sat_diff_m4': UUID('cb64f0c5-0a78-7a60-66aa-ba11277a142f'), 'load_dttm_m4': datetime.datetime(2026, 3, 5, 10, 11, 24, 634563, tzinfo=datetime.timezone.utc), 'id_m5': UUID('36e81100-c3ef-6c4e-86ea-6f605d5eaeb0'), 'name_m5': 'Крейт А2 (Выборки)', 'typeid_m5': UUID('a6f4eb69-5a36-c64b-8b63-6e54394b222d'), 'confignodeid_m5': UUID('8c086d2c-af1c-1540-beee-e478f3b1be45'), 'enabled_m5': False, 'setnumber_m5': 1, 'data_source_id_m5': UUID('289c288e-ccf8-a441-ae8d-f36862eded0a'), 'hash_sk_m5': UUID('70199109-8a34-8ed6-d8cf-e2f1ce88d5ec'), 'hash_sat_diff_m5': UUID('b6a6f108-65eb-683d-b2ba-8936bf0576ad'), 'load_dttm_m5': datetime.datetime(2026, 3, 5, 10, 11, 24, 634563, tzinfo=datetime.timezone.utc), 'id_m6': UUID('d7f23e5f-f1fa-914e-9a7e-60c175c6e775'), 'name_m6': 'Крейт А3 (Выборки)', 'typeid_m6': UUID('a6f4eb69-5a36-c64b-8b63-6e54394b222d'), 'confignodeid_m6': UUID('8c086d2c-af1c-1540-beee-e478f3b1be45'), 'enabled_m6': False, 'setnumber_m6': 1, 'data_source_id_m6': UUID('289c288e-ccf8-a441-ae8d-f36862eded0a'), 'hash_sk_m6': UUID('85f755f7-b7ad-c15d-6910-253c5c526f3c'), 'hash_sat_diff_m6': UUID('a0f5d320-7196-413a-cfc9-553c485a8254'), 'load_dttm_m6': datetime.datetime(2026, 3, 5, 10, 11, 24, 634563, tzinfo=datetime.timezone.utc), 'id_m7': UUID('eec1992b-542a-4e4b-a85d-33d862c06e8a'), 'name_m7': 'Тест роторкит', 'typeid_m7': UUID('a6f4eb69-5a36-c64b-8b63-6e54394b222d'), 'confignodeid_m7': UUID('00000000-0000-0000-0000-000000000000'), 'enabled_m7': False, 'setnumber_m7': 1, 'data_source_id_m7': UUID('289c288e-ccf8-a441-ae8d-f36862eded0a'), 'hash_sk_m7': UUID('669a630d-0b43-805e-156b-75999f5dcdec'), 'hash_sat_diff_m7': UUID('848dee98-d88f-0557-f153-b042e50bc064'), 'load_dttm_m7': datetime.datetime(2026, 3, 5, 10, 11, 24, 634563, tzinfo=datetime.timezone.utc), 'id_m8': UUID('60d4565b-6e66-c645-b10d-e53affb08e9d'), 'name_m8': 'Роторкит Modbus', 'typeid_m8': UUID('65f94a92-5122-5040-9b0d-cad8de981bda'), 'confignodeid_m8': UUID('00000000-0000-0000-0000-000000000000'), 'enabled_m8': False, 'setnumber_m8': 1, 'data_source_id_m8': UUID('289c288e-ccf8-a441-ae8d-f36862eded0a'), 'hash_sk_m8': UUID('bdb7cd81-44d7-a212-7292-2b2ef890af49'), 'hash_sat_diff_m8': UUID('fdfc0fdc-33a6-9152-36c9-7aa239e2c8d5'), 'load_dttm_m8': datetime.datetime(2026, 3, 5, 10, 11, 24, 634563, tzinfo=datetime.timezone.utc), 'id_m9': UUID('4555f531-ea0c-404e-b63d-cd8f6786c4bf'), 'name_m9': 'Lcard серверная', 'typeid_m9': UUID('a6f4eb69-5a36-c64b-8b63-6e54394b222d'), 'confignodeid_m9': UUID('00000000-0000-0000-0000-000000000000'), 'enabled_m9': True, 'setnumber_m9': 1, 'data_source_id_m9': UUID('289c288e-ccf8-a441-ae8d-f36862eded0a'), 'hash_sk_m9': UUID('6c27fcd5-55b9-2342-18dc-bf4f0b9eec20'), 'hash_sat_diff_m9': UUID('8950961d-e749-4e70-c638-cf3ffb3cf19e'), 'load_dttm_m9': datetime.datetime(2026, 3, 5, 10, 11, 24, 634563, tzinfo=datetime.timezone.utc), 'id_m10': UUID('24a3f110-154b-a440-9987-f2938c07ecc2'), 'name_m10': 'Lcard серверная Modbus', 'typeid_m10': UUID('65f94a92-5122-5040-9b0d-cad8de981bda'), 'confignodeid_m10': UUID('00000000-0000-0000-0000-000000000000'), 'enabled_m10': True, 'setnumber_m10': 1, 'data_source_id_m10': UUID('289c288e-ccf8-a441-ae8d-f36862eded0a'), 'hash_sk_m10': UUID('52136c56-380c-9342-be18-4f633cda28e1'), 'hash_sat_diff_m10': UUID('280d71fa-faff-4e1a-2e36-3cdb2e38271c'), 'load_dttm_m10': datetime.datetime(2026, 3, 5, 10, 11, 24, 634563, tzinfo=datetime.timezone.utc)}]
(Background on this error at: https://sqlalche.me/e/14/f405)

During handling of the above exception, another exception occurred:

Traceback (most recent call last):
  File "/home/airflow/.local/lib/python3.12/site-packages/airflow/models/taskinstance.py", line 465, in _execute_task
    result = _execute_callable(context=context, **execute_callable_kwargs)
             ^^^^^^^^^^^^^^^^^^^^^^^^^^^^^^^^^^^^^^^^^^^^^^^^^^^^^^^^^^^^^
  File "/home/airflow/.local/lib/python3.12/site-packages/airflow/models/taskinstance.py", line 432, in _execute_callable
    return execute_callable(context=context, **execute_callable_kwargs)
           ^^^^^^^^^^^^^^^^^^^^^^^^^^^^^^^^^^^^^^^^^^^^^^^^^^^^^^^^^^^^
  File "/home/airflow/.local/lib/python3.12/site-packages/airflow/models/baseoperator.py", line 401, in wrapper
    return func(self, *args, **kwargs)
           ^^^^^^^^^^^^^^^^^^^^^^^^^^^
  File "/home/airflow/.local/lib/python3.12/site-packages/airflow/decorators/base.py", line 265, in execute
    return_value = super().execute(context)
                   ^^^^^^^^^^^^^^^^^^^^^^^^
  File "/home/airflow/.local/lib/python3.12/site-packages/airflow/models/baseoperator.py", line 401, in wrapper
    return func(self, *args, **kwargs)
           ^^^^^^^^^^^^^^^^^^^^^^^^^^^
  File "/home/airflow/.local/lib/python3.12/site-packages/airflow/operators/python.py", line 235, in execute
    return_value = self.execute_callable()
                   ^^^^^^^^^^^^^^^^^^^^^^^
  File "/home/airflow/.local/lib/python3.12/site-packages/airflow/operators/python.py", line 252, in execute_callable
    return self.python_callable(*self.op_args, **self.op_kwargs)
           ^^^^^^^^^^^^^^^^^^^^^^^^^^^^^^^^^^^^^^^^^^^^^^^^^^^^^
  File "/opt/airflow/dags/upload_main_db_data_dag.py", line 103, in upload_main_db_data
    extract_from_sqlite_to_staging(
  File "/opt/airflow/dags/upload_main_db_data/upload_main_db_data.py", line 263, in extract_from_sqlite_to_staging
    raise AirflowException(f"DB error: {str(e)}")
airflow.exceptions.AirflowException: DB error: (psycopg2.errors.DatatypeMismatch) column "enabled" is of type integer but expression is of type boolean
LINE 1: ...id, '8c086d2c-af1c-1540-beee-e478f3b1be45'::uuid, false, 1, ...
                                                             ^
HINT:  You will need to rewrite or cast the expression.

[SQL: INSERT INTO stg_io_device_configs (id, name, typeid, confignodeid, enabled, setnumber, data_source_id, hash_sk, hash_sat_diff, load_dttm) VALUES (%(id_m0)s, %(name_m0)s, %(typeid_m0)s, %(confignodeid_m0)s, %(enabled_m0)s, %(setnumber_m0)s, %(data_source_id_m0)s, %(hash_sk_m0)s, %(hash_sat_diff_m0)s, %(load_dttm_m0)s), (%(id_m1)s, %(name_m1)s, %(typeid_m1)s, %(confignodeid_m1)s, %(enabled_m1)s, %(setnumber_m1)s, %(data_source_id_m1)s, %(hash_sk_m1)s, %(hash_sat_diff_m1)s, %(load_dttm_m1)s), (%(id_m2)s, %(name_m2)s, %(typeid_m2)s, %(confignodeid_m2)s, %(enabled_m2)s, %(setnumber_m2)s, %(data_source_id_m2)s, %(hash_sk_m2)s, %(hash_sat_diff_m2)s, %(load_dttm_m2)s), (%(id_m3)s, %(name_m3)s, %(typeid_m3)s, %(confignodeid_m3)s, %(enabled_m3)s, %(setnumber_m3)s, %(data_source_id_m3)s, %(hash_sk_m3)s, %(hash_sat_diff_m3)s, %(load_dttm_m3)s), (%(id_m4)s, %(name_m4)s, %(typeid_m4)s, %(confignodeid_m4)s, %(enabled_m4)s, %(setnumber_m4)s, %(data_source_id_m4)s, %(hash_sk_m4)s, %(hash_sat_diff_m4)s, %(load_dttm_m4)s), (%(id_m5)s, %(name_m5)s, %(typeid_m5)s, %(confignodeid_m5)s, %(enabled_m5)s, %(setnumber_m5)s, %(data_source_id_m5)s, %(hash_sk_m5)s, %(hash_sat_diff_m5)s, %(load_dttm_m5)s), (%(id_m6)s, %(name_m6)s, %(typeid_m6)s, %(confignodeid_m6)s, %(enabled_m6)s, %(setnumber_m6)s, %(data_source_id_m6)s, %(hash_sk_m6)s, %(hash_sat_diff_m6)s, %(load_dttm_m6)s), (%(id_m7)s, %(name_m7)s, %(typeid_m7)s, %(confignodeid_m7)s, %(enabled_m7)s, %(setnumber_m7)s, %(data_source_id_m7)s, %(hash_sk_m7)s, %(hash_sat_diff_m7)s, %(load_dttm_m7)s), (%(id_m8)s, %(name_m8)s, %(typeid_m8)s, %(confignodeid_m8)s, %(enabled_m8)s, %(setnumber_m8)s, %(data_source_id_m8)s, %(hash_sk_m8)s, %(hash_sat_diff_m8)s, %(load_dttm_m8)s), (%(id_m9)s, %(name_m9)s, %(typeid_m9)s, %(confignodeid_m9)s, %(enabled_m9)s, %(setnumber_m9)s, %(data_source_id_m9)s, %(hash_sk_m9)s, %(hash_sat_diff_m9)s, %(load_dttm_m9)s), (%(id_m10)s, %(name_m10)s, %(typeid_m10)s, %(confignodeid_m10)s, %(enabled_m10)s, %(setnumber_m10)s, %(data_source_id_m10)s, %(hash_sk_m10)s, %(hash_sat_diff_m10)s, %(load_dttm_m10)s)]
[parameters: {'id_m0': UUID('0bff0713-c19d-e84f-8f86-78da6100b5bf'), 'name_m0': 'Крейт А1 (Modbus TCP)', 'typeid_m0': UUID('65f94a92-5122-5040-9b0d-cad8de981bda'), 'confignodeid_m0': UUID('8c086d2c-af1c-1540-beee-e478f3b1be45'), 'enabled_m0': False, 'setnumber_m0': 1, 'data_source_id_m0': UUID('289c288e-ccf8-a441-ae8d-f36862eded0a'), 'hash_sk_m0': UUID('15058865-1ac3-4dd3-4a28-d03b6aef5afb'), 'hash_sat_diff_m0': UUID('3a9667e4-7a2d-3c13-4eb3-4f6b1af27d03'), 'load_dttm_m0': datetime.datetime(2026, 3, 5, 10, 11, 24, 634563, tzinfo=datetime.timezone.utc), 'id_m1': UUID('cad5e078-5248-534e-ab37-f32b1fc8deb6'), 'name_m1': 'Крейт 1 Modbus', 'typeid_m1': UUID('65f94a92-5122-5040-9b0d-cad8de981bda'), 'confignodeid_m1': UUID('dfab8ad9-5c33-9a49-9eab-6bf454797bdd'), 'enabled_m1': False, 'setnumber_m1': 1, 'data_source_id_m1': UUID('289c288e-ccf8-a441-ae8d-f36862eded0a'), 'hash_sk_m1': UUID('56a9c169-2af1-a944-1d5c-ad06e427dc59'), 'hash_sat_diff_m1': UUID('80054b18-a1a0-fc95-1c69-619f9ded563a'), 'load_dttm_m1': datetime.datetime(2026, 3, 5, 10, 11, 24, 634563, tzinfo=datetime.timezone.utc), 'id_m2': UUID('2bc3c3fe-2041-da42-a116-162bf12c7a01'), 'name_m2': 'Крейт А2 (Modbus TCP)', 'typeid_m2': UUID('65f94a92-5122-5040-9b0d-cad8de981bda'), 'confignodeid_m2': UUID('8c086d2c-af1c-1540-beee-e478f3b1be45'), 'enabled_m2': False, 'setnumber_m2': 1, 'data_source_id_m2': UUID('289c288e-ccf8-a441-ae8d-f36862eded0a'), 'hash_sk_m2': UUID('8b951c42-ff80-ede6-7f98-541352032ad7'), 'hash_sat_diff_m2': UUID('6b2cb929-77c9-95da-0807-15a1c4babcbd'), 'load_dttm_m2': datetime.datetime(2026, 3, 5, 10, 11, 24, 634563, tzinfo=datetime.timezone.utc), 'id_m3': UUID('7b89906b-720f-c548-a33f-f1f06f088d69'), 'name_m3': 'Крейт А3 (Modbus TCP)', 'typeid_m3': UUID('65f94a92-5122-5040-9b0d-cad8de981bda'), 'confignodeid_m3': UUID('8c086d2c-af1c-1540-beee-e478f3b1be45'), 'enabled_m3': False, 'setnumber_m3': 1, 'data_source_id_m3': UUID('289c288e-ccf8-a441-ae8d-f36862eded0a'), 'hash_sk_m3': UUID('d2357e93-3034-248e-f026-7550a09fa47e'), 'hash_sat_diff_m3': UUID('e49edec5-4ffb-50b8-7216-d30c515fe3c2'), 'load_dttm_m3': datetime.datetime(2026, 3, 5, 10, 11, 24, 634563, tzinfo=datetime.timezone.utc), 'id_m4': UUID('f94583e9-e3e5-7341-a353-b7df5f6f22b4'), 'name_m4': 'Крейт А1 (Выборки)', 'typeid_m4': UUID('a6f4eb69-5a36-c64b-8b63-6e54394b222d'), 'confignodeid_m4': UUID('8c086d2c-af1c-1540-beee-e478f3b1be45'), 'enabled_m4': False, 'setnumber_m4': 1, 'data_source_id_m4': UUID('289c288e-ccf8-a441-ae8d-f36862eded0a'), 'hash_sk_m4': UUID('79180e9f-ca43-508a-f28b-87cca1e2d4ce'), 'hash_sat_diff_m4': UUID('cb64f0c5-0a78-7a60-66aa-ba11277a142f'), 'load_dttm_m4': datetime.datetime(2026, 3, 5, 10, 11, 24, 634563, tzinfo=datetime.timezone.utc), 'id_m5': UUID('36e81100-c3ef-6c4e-86ea-6f605d5eaeb0'), 'name_m5': 'Крейт А2 (Выборки)', 'typeid_m5': UUID('a6f4eb69-5a36-c64b-8b63-6e54394b222d'), 'confignodeid_m5': UUID('8c086d2c-af1c-1540-beee-e478f3b1be45'), 'enabled_m5': False, 'setnumber_m5': 1, 'data_source_id_m5': UUID('289c288e-ccf8-a441-ae8d-f36862eded0a'), 'hash_sk_m5': UUID('70199109-8a34-8ed6-d8cf-e2f1ce88d5ec'), 'hash_sat_diff_m5': UUID('b6a6f108-65eb-683d-b2ba-8936bf0576ad'), 'load_dttm_m5': datetime.datetime(2026, 3, 5, 10, 11, 24, 634563, tzinfo=datetime.timezone.utc), 'id_m6': UUID('d7f23e5f-f1fa-914e-9a7e-60c175c6e775'), 'name_m6': 'Крейт А3 (Выборки)', 'typeid_m6': UUID('a6f4eb69-5a36-c64b-8b63-6e54394b222d'), 'confignodeid_m6': UUID('8c086d2c-af1c-1540-beee-e478f3b1be45'), 'enabled_m6': False, 'setnumber_m6': 1, 'data_source_id_m6': UUID('289c288e-ccf8-a441-ae8d-f36862eded0a'), 'hash_sk_m6': UUID('85f755f7-b7ad-c15d-6910-253c5c526f3c'), 'hash_sat_diff_m6': UUID('a0f5d320-7196-413a-cfc9-553c485a8254'), 'load_dttm_m6': datetime.datetime(2026, 3, 5, 10, 11, 24, 634563, tzinfo=datetime.timezone.utc), 'id_m7': UUID('eec1992b-542a-4e4b-a85d-33d862c06e8a'), 'name_m7': 'Тест роторкит', 'typeid_m7': UUID('a6f4eb69-5a36-c64b-8b63-6e54394b222d'), 'confignodeid_m7': UUID('00000000-0000-0000-0000-000000000000'), 'enabled_m7': False, 'setnumber_m7': 1, 'data_source_id_m7': UUID('289c288e-ccf8-a441-ae8d-f36862eded0a'), 'hash_sk_m7': UUID('669a630d-0b43-805e-156b-75999f5dcdec'), 'hash_sat_diff_m7': UUID('848dee98-d88f-0557-f153-b042e50bc064'), 'load_dttm_m7': datetime.datetime(2026, 3, 5, 10, 11, 24, 634563, tzinfo=datetime.timezone.utc), 'id_m8': UUID('60d4565b-6e66-c645-b10d-e53affb08e9d'), 'name_m8': 'Роторкит Modbus', 'typeid_m8': UUID('65f94a92-5122-5040-9b0d-cad8de981bda'), 'confignodeid_m8': UUID('00000000-0000-0000-0000-000000000000'), 'enabled_m8': False, 'setnumber_m8': 1, 'data_source_id_m8': UUID('289c288e-ccf8-a441-ae8d-f36862eded0a'), 'hash_sk_m8': UUID('bdb7cd81-44d7-a212-7292-2b2ef890af49'), 'hash_sat_diff_m8': UUID('fdfc0fdc-33a6-9152-36c9-7aa239e2c8d5'), 'load_dttm_m8': datetime.datetime(2026, 3, 5, 10, 11, 24, 634563, tzinfo=datetime.timezone.utc), 'id_m9': UUID('4555f531-ea0c-404e-b63d-cd8f6786c4bf'), 'name_m9': 'Lcard серверная', 'typeid_m9': UUID('a6f4eb69-5a36-c64b-8b63-6e54394b222d'), 'confignodeid_m9': UUID('00000000-0000-0000-0000-000000000000'), 'enabled_m9': True, 'setnumber_m9': 1, 'data_source_id_m9': UUID('289c288e-ccf8-a441-ae8d-f36862eded0a'), 'hash_sk_m9': UUID('6c27fcd5-55b9-2342-18dc-bf4f0b9eec20'), 'hash_sat_diff_m9': UUID('8950961d-e749-4e70-c638-cf3ffb3cf19e'), 'load_dttm_m9': datetime.datetime(2026, 3, 5, 10, 11, 24, 634563, tzinfo=datetime.timezone.utc), 'id_m10': UUID('24a3f110-154b-a440-9987-f2938c07ecc2'), 'name_m10': 'Lcard серверная Modbus', 'typeid_m10': UUID('65f94a92-5122-5040-9b0d-cad8de981bda'), 'confignodeid_m10': UUID('00000000-0000-0000-0000-000000000000'), 'enabled_m10': True, 'setnumber_m10': 1, 'data_source_id_m10': UUID('289c288e-ccf8-a441-ae8d-f36862eded0a'), 'hash_sk_m10': UUID('52136c56-380c-9342-be18-4f633cda28e1'), 'hash_sat_diff_m10': UUID('280d71fa-faff-4e1a-2e36-3cdb2e38271c'), 'load_dttm_m10': datetime.datetime(2026, 3, 5, 10, 11, 24, 634563, tzinfo=datetime.timezone.utc)}]
(Background on this error at: https://sqlalche.me/e/14/f405)
Marking task as UP_FOR_RETRY. dag_id=upload_main_db_data_dag, task_id=upload_main_db_data, run_id=manual__2026-03-05T10:07:47.745606+00:00, execution_date=20260305T100747, start_date=20260305T100959, end_date=20260305T101124
Failed to execute job 1435 for task upload_main_db_data (DB error: (psycopg2.errors.DatatypeMismatch) column "enabled" is of type integer but expression is of type boolean
LINE 1: ...id, '8c086d2c-af1c-1540-beee-e478f3b1be45'::uuid, false, 1, ...
                                                             ^
HINT:  You will need to rewrite or cast the expression.

[SQL: INSERT INTO stg_io_device_configs (id, name, typeid, confignodeid, enabled, setnumber, data_source_id, hash_sk, hash_sat_diff, load_dttm) VALUES (%(id_m0)s, %(name_m0)s, %(typeid_m0)s, %(confignodeid_m0)s, %(enabled_m0)s, %(setnumber_m0)s, %(data_source_id_m0)s, %(hash_sk_m0)s, %(hash_sat_diff_m0)s, %(load_dttm_m0)s), (%(id_m1)s, %(name_m1)s, %(typeid_m1)s, %(confignodeid_m1)s, %(enabled_m1)s, %(setnumber_m1)s, %(data_source_id_m1)s, %(hash_sk_m1)s, %(hash_sat_diff_m1)s, %(load_dttm_m1)s), (%(id_m2)s, %(name_m2)s, %(typeid_m2)s, %(confignodeid_m2)s, %(enabled_m2)s, %(setnumber_m2)s, %(data_source_id_m2)s, %(hash_sk_m2)s, %(hash_sat_diff_m2)s, %(load_dttm_m2)s), (%(id_m3)s, %(name_m3)s, %(typeid_m3)s, %(confignodeid_m3)s, %(enabled_m3)s, %(setnumber_m3)s, %(data_source_id_m3)s, %(hash_sk_m3)s, %(hash_sat_diff_m3)s, %(load_dttm_m3)s), (%(id_m4)s, %(name_m4)s, %(typeid_m4)s, %(confignodeid_m4)s, %(enabled_m4)s, %(setnumber_m4)s, %(data_source_id_m4)s, %(hash_sk_m4)s, %(hash_sat_diff_m4)s, %(load_dttm_m4)s), (%(id_m5)s, %(name_m5)s, %(typeid_m5)s, %(confignodeid_m5)s, %(enabled_m5)s, %(setnumber_m5)s, %(data_source_id_m5)s, %(hash_sk_m5)s, %(hash_sat_diff_m5)s, %(load_dttm_m5)s), (%(id_m6)s, %(name_m6)s, %(typeid_m6)s, %(confignodeid_m6)s, %(enabled_m6)s, %(setnumber_m6)s, %(data_source_id_m6)s, %(hash_sk_m6)s, %(hash_sat_diff_m6)s, %(load_dttm_m6)s), (%(id_m7)s, %(name_m7)s, %(typeid_m7)s, %(confignodeid_m7)s, %(enabled_m7)s, %(setnumber_m7)s, %(data_source_id_m7)s, %(hash_sk_m7)s, %(hash_sat_diff_m7)s, %(load_dttm_m7)s), (%(id_m8)s, %(name_m8)s, %(typeid_m8)s, %(confignodeid_m8)s, %(enabled_m8)s, %(setnumber_m8)s, %(data_source_id_m8)s, %(hash_sk_m8)s, %(hash_sat_diff_m8)s, %(load_dttm_m8)s), (%(id_m9)s, %(name_m9)s, %(typeid_m9)s, %(confignodeid_m9)s, %(enabled_m9)s, %(setnumber_m9)s, %(data_source_id_m9)s, %(hash_sk_m9)s, %(hash_sat_diff_m9)s, %(load_dttm_m9)s), (%(id_m10)s, %(name_m10)s, %(typeid_m10)s, %(confignodeid_m10)s, %(enabled_m10)s, %(setnumber_m10)s, %(data_source_id_m10)s, %(hash_sk_m10)s, %(hash_sat_diff_m10)s, %(load_dttm_m10)s)]
[parameters: {'id_m0': UUID('0bff0713-c19d-e84f-8f86-78da6100b5bf'), 'name_m0': 'Крейт А1 (Modbus TCP)', 'typeid_m0': UUID('65f94a92-5122-5040-9b0d-cad8de981bda'), 'confignodeid_m0': UUID('8c086d2c-af1c-1540-beee-e478f3b1be45'), 'enabled_m0': False, 'setnumber_m0': 1, 'data_source_id_m0': UUID('289c288e-ccf8-a441-ae8d-f36862eded0a'), 'hash_sk_m0': UUID('15058865-1ac3-4dd3-4a28-d03b6aef5afb'), 'hash_sat_diff_m0': UUID('3a9667e4-7a2d-3c13-4eb3-4f6b1af27d03'), 'load_dttm_m0': datetime.datetime(2026, 3, 5, 10, 11, 24, 634563, tzinfo=datetime.timezone.utc), 'id_m1': UUID('cad5e078-5248-534e-ab37-f32b1fc8deb6'), 'name_m1': 'Крейт 1 Modbus', 'typeid_m1': UUID('65f94a92-5122-5040-9b0d-cad8de981bda'), 'confignodeid_m1': UUID('dfab8ad9-5c33-9a49-9eab-6bf454797bdd'), 'enabled_m1': False, 'setnumber_m1': 1, 'data_source_id_m1': UUID('289c288e-ccf8-a441-ae8d-f36862eded0a'), 'hash_sk_m1': UUID('56a9c169-2af1-a944-1d5c-ad06e427dc59'), 'hash_sat_diff_m1': UUID('80054b18-a1a0-fc95-1c69-619f9ded563a'), 'load_dttm_m1': datetime.datetime(2026, 3, 5, 10, 11, 24, 634563, tzinfo=datetime.timezone.utc), 'id_m2': UUID('2bc3c3fe-2041-da42-a116-162bf12c7a01'), 'name_m2': 'Крейт А2 (Modbus TCP)', 'typeid_m2': UUID('65f94a92-5122-5040-9b0d-cad8de981bda'), 'confignodeid_m2': UUID('8c086d2c-af1c-1540-beee-e478f3b1be45'), 'enabled_m2': False, 'setnumber_m2': 1, 'data_source_id_m2': UUID('289c288e-ccf8-a441-ae8d-f36862eded0a'), 'hash_sk_m2': UUID('8b951c42-ff80-ede6-7f98-541352032ad7'), 'hash_sat_diff_m2': UUID('6b2cb929-77c9-95da-0807-15a1c4babcbd'), 'load_dttm_m2': datetime.datetime(2026, 3, 5, 10, 11, 24, 634563, tzinfo=datetime.timezone.utc), 'id_m3': UUID('7b89906b-720f-c548-a33f-f1f06f088d69'), 'name_m3': 'Крейт А3 (Modbus TCP)', 'typeid_m3': UUID('65f94a92-5122-5040-9b0d-cad8de981bda'), 'confignodeid_m3': UUID('8c086d2c-af1c-1540-beee-e478f3b1be45'), 'enabled_m3': False, 'setnumber_m3': 1, 'data_source_id_m3': UUID('289c288e-ccf8-a441-ae8d-f36862eded0a'), 'hash_sk_m3': UUID('d2357e93-3034-248e-f026-7550a09fa47e'), 'hash_sat_diff_m3': UUID('e49edec5-4ffb-50b8-7216-d30c515fe3c2'), 'load_dttm_m3': datetime.datetime(2026, 3, 5, 10, 11, 24, 634563, tzinfo=datetime.timezone.utc), 'id_m4': UUID('f94583e9-e3e5-7341-a353-b7df5f6f22b4'), 'name_m4': 'Крейт А1 (Выборки)', 'typeid_m4': UUID('a6f4eb69-5a36-c64b-8b63-6e54394b222d'), 'confignodeid_m4': UUID('8c086d2c-af1c-1540-beee-e478f3b1be45'), 'enabled_m4': False, 'setnumber_m4': 1, 'data_source_id_m4': UUID('289c288e-ccf8-a441-ae8d-f36862eded0a'), 'hash_sk_m4': UUID('79180e9f-ca43-508a-f28b-87cca1e2d4ce'), 'hash_sat_diff_m4': UUID('cb64f0c5-0a78-7a60-66aa-ba11277a142f'), 'load_dttm_m4': datetime.datetime(2026, 3, 5, 10, 11, 24, 634563, tzinfo=datetime.timezone.utc), 'id_m5': UUID('36e81100-c3ef-6c4e-86ea-6f605d5eaeb0'), 'name_m5': 'Крейт А2 (Выборки)', 'typeid_m5': UUID('a6f4eb69-5a36-c64b-8b63-6e54394b222d'), 'confignodeid_m5': UUID('8c086d2c-af1c-1540-beee-e478f3b1be45'), 'enabled_m5': False, 'setnumber_m5': 1, 'data_source_id_m5': UUID('289c288e-ccf8-a441-ae8d-f36862eded0a'), 'hash_sk_m5': UUID('70199109-8a34-8ed6-d8cf-e2f1ce88d5ec'), 'hash_sat_diff_m5': UUID('b6a6f108-65eb-683d-b2ba-8936bf0576ad'), 'load_dttm_m5': datetime.datetime(2026, 3, 5, 10, 11, 24, 634563, tzinfo=datetime.timezone.utc), 'id_m6': UUID('d7f23e5f-f1fa-914e-9a7e-60c175c6e775'), 'name_m6': 'Крейт А3 (Выборки)', 'typeid_m6': UUID('a6f4eb69-5a36-c64b-8b63-6e54394b222d'), 'confignodeid_m6': UUID('8c086d2c-af1c-1540-beee-e478f3b1be45'), 'enabled_m6': False, 'setnumber_m6': 1, 'data_source_id_m6': UUID('289c288e-ccf8-a441-ae8d-f36862eded0a'), 'hash_sk_m6': UUID('85f755f7-b7ad-c15d-6910-253c5c526f3c'), 'hash_sat_diff_m6': UUID('a0f5d320-7196-413a-cfc9-553c485a8254'), 'load_dttm_m6': datetime.datetime(2026, 3, 5, 10, 11, 24, 634563, tzinfo=datetime.timezone.utc), 'id_m7': UUID('eec1992b-542a-4e4b-a85d-33d862c06e8a'), 'name_m7': 'Тест роторкит', 'typeid_m7': UUID('a6f4eb69-5a36-c64b-8b63-6e54394b222d'), 'confignodeid_m7': UUID('00000000-0000-0000-0000-000000000000'), 'enabled_m7': False, 'setnumber_m7': 1, 'data_source_id_m7': UUID('289c288e-ccf8-a441-ae8d-f36862eded0a'), 'hash_sk_m7': UUID('669a630d-0b43-805e-156b-75999f5dcdec'), 'hash_sat_diff_m7': UUID('848dee98-d88f-0557-f153-b042e50bc064'), 'load_dttm_m7': datetime.datetime(2026, 3, 5, 10, 11, 24, 634563, tzinfo=datetime.timezone.utc), 'id_m8': UUID('60d4565b-6e66-c645-b10d-e53affb08e9d'), 'name_m8': 'Роторкит Modbus', 'typeid_m8': UUID('65f94a92-5122-5040-9b0d-cad8de981bda'), 'confignodeid_m8': UUID('00000000-0000-0000-0000-000000000000'), 'enabled_m8': False, 'setnumber_m8': 1, 'data_source_id_m8': UUID('289c288e-ccf8-a441-ae8d-f36862eded0a'), 'hash_sk_m8': UUID('bdb7cd81-44d7-a212-7292-2b2ef890af49'), 'hash_sat_diff_m8': UUID('fdfc0fdc-33a6-9152-36c9-7aa239e2c8d5'), 'load_dttm_m8': datetime.datetime(2026, 3, 5, 10, 11, 24, 634563, tzinfo=datetime.timezone.utc), 'id_m9': UUID('4555f531-ea0c-404e-b63d-cd8f6786c4bf'), 'name_m9': 'Lcard серверная', 'typeid_m9': UUID('a6f4eb69-5a36-c64b-8b63-6e54394b222d'), 'confignodeid_m9': UUID('00000000-0000-0000-0000-000000000000'), 'enabled_m9': True, 'setnumber_m9': 1, 'data_source_id_m9': UUID('289c288e-ccf8-a441-ae8d-f36862eded0a'), 'hash_sk_m9': UUID('6c27fcd5-55b9-2342-18dc-bf4f0b9eec20'), 'hash_sat_diff_m9': UUID('8950961d-e749-4e70-c638-cf3ffb3cf19e'), 'load_dttm_m9': datetime.datetime(2026, 3, 5, 10, 11, 24, 634563, tzinfo=datetime.timezone.utc), 'id_m10': UUID('24a3f110-154b-a440-9987-f2938c07ecc2'), 'name_m10': 'Lcard серверная Modbus', 'typeid_m10': UUID('65f94a92-5122-5040-9b0d-cad8de981bda'), 'confignodeid_m10': UUID('00000000-0000-0000-0000-000000000000'), 'enabled_m10': True, 'setnumber_m10': 1, 'data_source_id_m10': UUID('289c288e-ccf8-a441-ae8d-f36862eded0a'), 'hash_sk_m10': UUID('52136c56-380c-9342-be18-4f633cda28e1'), 'hash_sat_diff_m10': UUID('280d71fa-faff-4e1a-2e36-3cdb2e38271c'), 'load_dttm_m10': datetime.datetime(2026, 3, 5, 10, 11, 24, 634563, tzinfo=datetime.timezone.utc)}]
(Background on this error at: https://sqlalche.me/e/14/f405); 10180)
Task exited with return code 1
0 downstream tasks scheduled from follow-on schedule check
::endgroup::
