::group::Pre task execution logs
Dependencies all met for dep_context=non-requeueable deps ti=<TaskInstance: check_main_db_reference_data_dag.update_diagnostic_defect_types manual__2026-02-11T11:11:42.690121+00:00 [queued]>
Dependencies all met for dep_context=requeueable deps ti=<TaskInstance: check_main_db_reference_data_dag.update_diagnostic_defect_types manual__2026-02-11T11:11:42.690121+00:00 [queued]>
Starting attempt 2 of 3
Executing <Task(_PythonDecoratedOperator): update_diagnostic_defect_types> on 2026-02-11 11:11:42.690121+00:00
/home/***/.local/lib/python3.12/site-packages/***/task/task_runner/standard_task_runner.py:62: DeprecationWarning: This process (pid=1570) is multi-threaded, use of fork() may lead to deadlocks in the child.
  pid = os.fork()

Started process 1572 to run task
Running: ['***', 'tasks', 'run', 'check_main_db_reference_data_dag', 'update_diagnostic_defect_types', 'manual__2026-02-11T11:11:42.690121+00:00', '--job-id', '204', '--raw', '--subdir', 'DAGS_FOLDER/check_main_db_reference_data_dag.py', '--cfg-path', '/tmp/tmprwcpzmol']
Job 204: Subtask update_diagnostic_defect_types
Running <TaskInstance: check_main_db_reference_data_dag.update_diagnostic_defect_types manual__2026-02-11T11:11:42.690121+00:00 [running]> on host 752fea1deb88
Exporting env vars: AIRFLOW_CTX_DAG_OWNER='***' AIRFLOW_CTX_DAG_ID='check_main_db_reference_data_dag' AIRFLOW_CTX_TASK_ID='update_diagnostic_defect_types' AIRFLOW_CTX_EXECUTION_DATE='2026-02-11T11:11:42.690121+00:00' AIRFLOW_CTX_TRY_NUMBER='2' AIRFLOW_CTX_DAG_RUN_ID='manual__2026-02-11T11:11:42.690121+00:00'
::endgroup::
Выполнение запроса к /test_raw_data/data/Acron/MainDb/Acron.db:
  SELECT DISTINCT DefectType FROM DiagnosticAlarmHistory_v2 
Using connection ID 'hdfs_default' for task execution.
Trying to connect to namenode:9870
Trying namenode namenode
Instantiated <InsecureClient(url='http://namenode:9870')>.
Fetching status for '/'.
Using namenode namenode for hook
Fetching status for '/test_raw_data/data/Acron/MainDb/Acron.db'.
Reading file '/test_raw_data/data/Acron/MainDb/Acron.db'.
✓ Запрос выполнен успешно. Получено строк: 1
Выполнение запроса к Cloudberry (cloudberry_test_dwh):
  SELECT type_id FROM s_diagnostic_defect_types 
Using connection ID 'cloudberry_test_dwh' for task execution.
✓ Запрос выполнен успешно. Получено строк: 2
::group::Post task execution logs
Task failed with exception
Traceback (most recent call last):
  File "/home/airflow/.local/lib/python3.12/site-packages/airflow/models/taskinstance.py", line 465, in _execute_task
    result = _execute_callable(context=context, **execute_callable_kwargs)
             ^^^^^^^^^^^^^^^^^^^^^^^^^^^^^^^^^^^^^^^^^^^^^^^^^^^^^^^^^^^^^
  File "/home/airflow/.local/lib/python3.12/site-packages/airflow/models/taskinstance.py", line 432, in _execute_callable
    return execute_callable(context=context, **execute_callable_kwargs)
           ^^^^^^^^^^^^^^^^^^^^^^^^^^^^^^^^^^^^^^^^^^^^^^^^^^^^^^^^^^^^
  File "/home/airflow/.local/lib/python3.12/site-packages/airflow/models/baseoperator.py", line 401, in wrapper
    return func(self, *args, **kwargs)
           ^^^^^^^^^^^^^^^^^^^^^^^^^^^
  File "/home/airflow/.local/lib/python3.12/site-packages/airflow/decorators/base.py", line 265, in execute
    return_value = super().execute(context)
                   ^^^^^^^^^^^^^^^^^^^^^^^^
  File "/home/airflow/.local/lib/python3.12/site-packages/airflow/models/baseoperator.py", line 401, in wrapper
    return func(self, *args, **kwargs)
           ^^^^^^^^^^^^^^^^^^^^^^^^^^^
  File "/home/airflow/.local/lib/python3.12/site-packages/airflow/operators/python.py", line 235, in execute
    return_value = self.execute_callable()
                   ^^^^^^^^^^^^^^^^^^^^^^^
  File "/home/airflow/.local/lib/python3.12/site-packages/airflow/operators/python.py", line 252, in execute_callable
    return self.python_callable(*self.op_args, **self.op_kwargs)
           ^^^^^^^^^^^^^^^^^^^^^^^^^^^^^^^^^^^^^^^^^^^^^^^^^^^^^
  File "/opt/airflow/dags/check_main_db_reference_data_dag.py", line 187, in validate_reference_data
    diag_defect_types_match = check_diagnistic_defect_types(sqlite_path=hdfs_path)
                              ^^^^^^^^^^^^^^^^^^^^^^^^^^^^^^^^^^^^^^^^^^^^^^^^^^^^
  File "/opt/airflow/dags/check_main_db_reference_data/check_reference_data.py", line 163, in check_diagnistic_defect_types
    sqlite_values = sorted([row[0] for row in diagnostic_defect_types_main_db])
                            ~~~^^^
KeyError: 0
Marking task as UP_FOR_RETRY. dag_id=check_main_db_reference_data_dag, task_id=update_diagnostic_defect_types, run_id=manual__2026-02-11T11:11:42.690121+00:00, execution_date=20260211T111142, start_date=20260211T111429, end_date=20260211T111506
Failed to execute job 204 for task update_diagnostic_defect_types (0; 1572)
Task exited with return code 1
0 downstream tasks scheduled from follow-on schedule check
::endgroup::
