::group::Pre task execution logs
Dependencies all met for dep_context=non-requeueable deps ti=<TaskInstance: upload_new_main_db_data.process_main_db_record.trigger_reference_data_check manual__2026-03-11T05:49:27.074922+00:00 map_index=0 [queued]>
Dependencies all met for dep_context=requeueable deps ti=<TaskInstance: upload_new_main_db_data.process_main_db_record.trigger_reference_data_check manual__2026-03-11T05:49:27.074922+00:00 map_index=0 [queued]>
Starting attempt 1 of 1
Executing <Task(TriggerDagRunOperator): process_main_db_record.trigger_reference_data_check> on 2026-03-11 05:49:27.074922+00:00
/home/***/.local/lib/python3.12/site-packages/***/task/task_runner/standard_task_runner.py:62: DeprecationWarning: This process (pid=2006) is multi-threaded, use of fork() may lead to deadlocks in the child.
  pid = os.fork()

Started process 2008 to run task
Running: ['***', 'tasks', 'run', 'upload_new_main_db_data', 'process_main_db_record.trigger_reference_data_check', 'manual__2026-03-11T05:49:27.074922+00:00', '--job-id', '2272', '--raw', '--subdir', 'DAGS_FOLDER/upload_new_maindb_data_dag.py', '--cfg-path', '/tmp/tmppwi3byyn', '--map-index', '0']
Job 2272: Subtask process_main_db_record.trigger_reference_data_check
Running <TaskInstance: upload_new_main_db_data.process_main_db_record.trigger_reference_data_check manual__2026-03-11T05:49:27.074922+00:00 map_index=0 [running]> on host 9487ff9f1ac0
Exporting env vars: AIRFLOW_CTX_DAG_OWNER='***' AIRFLOW_CTX_DAG_ID='upload_new_main_db_data' AIRFLOW_CTX_TASK_ID='process_main_db_record.trigger_reference_data_check' AIRFLOW_CTX_EXECUTION_DATE='2026-03-11T05:49:27.074922+00:00' AIRFLOW_CTX_TRY_NUMBER='1' AIRFLOW_CTX_DAG_RUN_ID='manual__2026-03-11T05:49:27.074922+00:00'
::endgroup::
Waiting for check_main_db_reference_data_dag on 2026-03-11 05:49:32.216507+00:00 to become allowed state ['success'] ...
Waiting for check_main_db_reference_data_dag on 2026-03-11 05:49:32.216507+00:00 to become allowed state ['success'] ...
Waiting for check_main_db_reference_data_dag on 2026-03-11 05:49:32.216507+00:00 to become allowed state ['success'] ...
Waiting for check_main_db_reference_data_dag on 2026-03-11 05:49:32.216507+00:00 to become allowed state ['success'] ...
Waiting for check_main_db_reference_data_dag on 2026-03-11 05:49:32.216507+00:00 to become allowed state ['success'] ...
Waiting for check_main_db_reference_data_dag on 2026-03-11 05:49:32.216507+00:00 to become allowed state ['success'] ...
Waiting for check_main_db_reference_data_dag on 2026-03-11 05:49:32.216507+00:00 to become allowed state ['success'] ...
Waiting for check_main_db_reference_data_dag on 2026-03-11 05:49:32.216507+00:00 to become allowed state ['success'] ...
Waiting for check_main_db_reference_data_dag on 2026-03-11 05:49:32.216507+00:00 to become allowed state ['success'] ...
Waiting for check_main_db_reference_data_dag on 2026-03-11 05:49:32.216507+00:00 to become allowed state ['success'] ...
check_main_db_reference_data_dag finished with allowed state success
::group::Post task execution logs
Marking task as SUCCESS. dag_id=upload_new_main_db_data, task_id=process_main_db_record.trigger_reference_data_check, run_id=manual__2026-03-11T05:49:27.074922+00:00, map_index=0, execution_date=20260311T054927, start_date=20260311T054932, end_date=20260311T055112
Task exited with return code 0
1 downstream tasks scheduled from follow-on schedule check
::endgroup::
