::group::Pre task execution logs
Dependencies all met for dep_context=non-requeueable deps ti=<TaskInstance: upload_main_db_data.process_main_db_record.trigger_reference_data_upload manual__2026-02-10T05:02:48.113223+00:00 map_index=0 [queued]>
Dependencies all met for dep_context=requeueable deps ti=<TaskInstance: upload_main_db_data.process_main_db_record.trigger_reference_data_upload manual__2026-02-10T05:02:48.113223+00:00 map_index=0 [queued]>
Starting attempt 1 of 1
Executing <Task(TriggerDagRunOperator): process_main_db_record.trigger_reference_data_upload> on 2026-02-10 05:02:48.113223+00:00
/home/***/.local/lib/python3.12/site-packages/***/task/task_runner/standard_task_runner.py:62: DeprecationWarning: This process (pid=36880) is multi-threaded, use of fork() may lead to deadlocks in the child.
  pid = os.fork()

Started process 36884 to run task
Running: ['***', 'tasks', 'run', 'upload_main_db_data', 'process_main_db_record.trigger_reference_data_upload', 'manual__2026-02-10T05:02:48.113223+00:00', '--job-id', '97', '--raw', '--subdir', 'DAGS_FOLDER/upload_new_maindb_data.py', '--cfg-path', '/tmp/tmphbn85cxm', '--map-index', '0']
Job 97: Subtask process_main_db_record.trigger_reference_data_upload
Running <TaskInstance: upload_main_db_data.process_main_db_record.trigger_reference_data_upload manual__2026-02-10T05:02:48.113223+00:00 map_index=0 [running]> on host 752fea1deb88
Exporting env vars: AIRFLOW_CTX_DAG_OWNER='***' AIRFLOW_CTX_DAG_ID='upload_main_db_data' AIRFLOW_CTX_TASK_ID='process_main_db_record.trigger_reference_data_upload' AIRFLOW_CTX_EXECUTION_DATE='2026-02-10T05:02:48.113223+00:00' AIRFLOW_CTX_TRY_NUMBER='1' AIRFLOW_CTX_DAG_RUN_ID='manual__2026-02-10T05:02:48.113223+00:00'
::endgroup::
Waiting for upload_main_db_reference_data_dag on 2026-02-10 05:02:51.337520+00:00 to become allowed state ['success'] ...
upload_main_db_reference_data_dag finished with allowed state success
::group::Post task execution logs
Marking task as SUCCESS. dag_id=upload_main_db_data, task_id=process_main_db_record.trigger_reference_data_upload, run_id=manual__2026-02-10T05:02:48.113223+00:00, map_index=0, execution_date=20260210T050248, start_date=20260210T050251, end_date=20260210T050301
Task exited with return code 0
1 downstream tasks scheduled from follow-on schedule check
::endgroup::
