::group::Pre task execution logs
Dependencies all met for dep_context=non-requeueable deps ti=<TaskInstance: upload_main_db_data_dag.get_hub_entities manual__2026-03-06T10:22:46.523536+00:00 [queued]>
Dependencies all met for dep_context=requeueable deps ti=<TaskInstance: upload_main_db_data_dag.get_hub_entities manual__2026-03-06T10:22:46.523536+00:00 [queued]>
Starting attempt 3 of 3
Executing <Task(_PythonDecoratedOperator): get_hub_entities> on 2026-03-06 10:22:46.523536+00:00
/home/***/.local/lib/python3.12/site-packages/***/task/task_runner/standard_task_runner.py:62: DeprecationWarning: This process (pid=7910) is multi-threaded, use of fork() may lead to deadlocks in the child.
  pid = os.fork()

Started process 7912 to run task
Running: ['***', 'tasks', 'run', 'upload_main_db_data_dag', 'get_hub_entities', 'manual__2026-03-06T10:22:46.523536+00:00', '--job-id', '1605', '--raw', '--subdir', 'DAGS_FOLDER/upload_main_db_data_dag.py', '--cfg-path', '/tmp/tmpwzo4ud2a']
Job 1605: Subtask get_hub_entities
Running <TaskInstance: upload_main_db_data_dag.get_hub_entities manual__2026-03-06T10:22:46.523536+00:00 [running]> on host f8ce57da4327
Exporting env vars: AIRFLOW_CTX_DAG_OWNER='***' AIRFLOW_CTX_DAG_ID='upload_main_db_data_dag' AIRFLOW_CTX_TASK_ID='get_hub_entities' AIRFLOW_CTX_EXECUTION_DATE='2026-03-06T10:22:46.523536+00:00' AIRFLOW_CTX_TRY_NUMBER='3' AIRFLOW_CTX_DAG_RUN_ID='manual__2026-03-06T10:22:46.523536+00:00'
::endgroup::
::group::Post task execution logs
Task failed with exception
Traceback (most recent call last):
  File "/home/airflow/.local/lib/python3.12/site-packages/airflow/models/taskinstance.py", line 465, in _execute_task
    result = _execute_callable(context=context, **execute_callable_kwargs)
             ^^^^^^^^^^^^^^^^^^^^^^^^^^^^^^^^^^^^^^^^^^^^^^^^^^^^^^^^^^^^^
  File "/home/airflow/.local/lib/python3.12/site-packages/airflow/models/taskinstance.py", line 432, in _execute_callable
    return execute_callable(context=context, **execute_callable_kwargs)
           ^^^^^^^^^^^^^^^^^^^^^^^^^^^^^^^^^^^^^^^^^^^^^^^^^^^^^^^^^^^^
  File "/home/airflow/.local/lib/python3.12/site-packages/airflow/models/baseoperator.py", line 401, in wrapper
    return func(self, *args, **kwargs)
           ^^^^^^^^^^^^^^^^^^^^^^^^^^^
  File "/home/airflow/.local/lib/python3.12/site-packages/airflow/decorators/base.py", line 265, in execute
    return_value = super().execute(context)
                   ^^^^^^^^^^^^^^^^^^^^^^^^
  File "/home/airflow/.local/lib/python3.12/site-packages/airflow/models/baseoperator.py", line 401, in wrapper
    return func(self, *args, **kwargs)
           ^^^^^^^^^^^^^^^^^^^^^^^^^^^
  File "/home/airflow/.local/lib/python3.12/site-packages/airflow/operators/python.py", line 235, in execute
    return_value = self.execute_callable()
                   ^^^^^^^^^^^^^^^^^^^^^^^
  File "/home/airflow/.local/lib/python3.12/site-packages/airflow/operators/python.py", line 252, in execute_callable
    return self.python_callable(*self.op_args, **self.op_kwargs)
           ^^^^^^^^^^^^^^^^^^^^^^^^^^^^^^^^^^^^^^^^^^^^^^^^^^^^^
  File "/opt/airflow/dags/upload_main_db_data_dag.py", line 127, in get_hub_entities
    return list(HUB_ENTITIES_INFO.values())
               ^^^^^^^^^^^^^^^^^^^^^^^^
AttributeError: 'list' object has no attribute 'values'
Marking task as FAILED. dag_id=upload_main_db_data_dag, task_id=get_hub_entities, run_id=manual__2026-03-06T10:22:46.523536+00:00, execution_date=20260306T102246, start_date=20260306T102451, end_date=20260306T102451
Failed to execute job 1605 for task get_hub_entities ('list' object has no attribute 'values'; 7912)
Task exited with return code 1
0 downstream tasks scheduled from follow-on schedule check
::endgroup::
