::group::Pre task execution logs
Dependencies all met for dep_context=non-requeueable deps ti=<TaskInstance: get_new_data_list_from_data_catalogue.get_new_data_list manual__2026-02-05T11:32:33.881103+00:00 [queued]>
Dependencies all met for dep_context=requeueable deps ti=<TaskInstance: get_new_data_list_from_data_catalogue.get_new_data_list manual__2026-02-05T11:32:33.881103+00:00 [queued]>
Starting attempt 2 of 2
Executing <Task(_PythonDecoratedOperator): get_new_data_list> on 2026-02-05 11:32:33.881103+00:00
/home/***/.local/lib/python3.12/site-packages/***/task/task_runner/standard_task_runner.py:62: DeprecationWarning: This process (pid=13242) is multi-threaded, use of fork() may lead to deadlocks in the child.
  pid = os.fork()

Started process 13244 to run task
Running: ['***', 'tasks', 'run', 'get_new_data_list_from_data_catalogue', 'get_new_data_list', 'manual__2026-02-05T11:32:33.881103+00:00', '--job-id', '65', '--raw', '--subdir', 'DAGS_FOLDER/get_new_data_list.py', '--cfg-path', '/tmp/tmp0r1oo89z']
Job 65: Subtask get_new_data_list
Running <TaskInstance: get_new_data_list_from_data_catalogue.get_new_data_list manual__2026-02-05T11:32:33.881103+00:00 [running]> on host 472ebed98a01
Exporting env vars: AIRFLOW_CTX_DAG_OWNER='***' AIRFLOW_CTX_DAG_ID='get_new_data_list_from_data_catalogue' AIRFLOW_CTX_TASK_ID='get_new_data_list' AIRFLOW_CTX_EXECUTION_DATE='2026-02-05T11:32:33.881103+00:00' AIRFLOW_CTX_TRY_NUMBER='2' AIRFLOW_CTX_DAG_RUN_ID='manual__2026-02-05T11:32:33.881103+00:00'
::endgroup::
Using connection ID 'cloudberry_test_dwh' for task execution.
Running statement:        
            SELECT 
                data_source_id, 
                main_db_id,
                main_db_name,
                last_update,
                upload_date_time,
                created_dttm,
                hdfs_full_path,
                data_type,
                data_format,
                is_uploaded_to_dwh
            FROM
                public.data_catalogue as data_catalogue
            WHERE
                data_catalogue.is_uploaded_to_dwh = false
            ORDER BY
                CASE data_type
                    WHEN 'MainDb' THEN 1
                    WHEN 'Double' THEN 2
                    WHEN 'Any' THEN 3
                    ESLE 4
                END
            , parameters: None
::group::Post task execution logs
Task failed with exception
Traceback (most recent call last):
  File "/home/airflow/.local/lib/python3.12/site-packages/airflow/models/taskinstance.py", line 460, in _execute_task
    result = _execute_callable(context=context, **execute_callable_kwargs)
             ^^^^^^^^^^^^^^^^^^^^^^^^^^^^^^^^^^^^^^^^^^^^^^^^^^^^^^^^^^^^^
  File "/home/airflow/.local/lib/python3.12/site-packages/airflow/models/taskinstance.py", line 432, in _execute_callable
    return execute_callable(context=context, **execute_callable_kwargs)
           ^^^^^^^^^^^^^^^^^^^^^^^^^^^^^^^^^^^^^^^^^^^^^^^^^^^^^^^^^^^^
  File "/home/airflow/.local/lib/python3.12/site-packages/airflow/models/baseoperator.py", line 401, in wrapper
    return func(self, *args, **kwargs)
           ^^^^^^^^^^^^^^^^^^^^^^^^^^^
  File "/home/airflow/.local/lib/python3.12/site-packages/airflow/decorators/base.py", line 265, in execute
    return_value = super().execute(context)
                   ^^^^^^^^^^^^^^^^^^^^^^^^
  File "/home/airflow/.local/lib/python3.12/site-packages/airflow/models/baseoperator.py", line 401, in wrapper
    return func(self, *args, **kwargs)
           ^^^^^^^^^^^^^^^^^^^^^^^^^^^
  File "/home/airflow/.local/lib/python3.12/site-packages/airflow/operators/python.py", line 235, in execute
    return_value = self.execute_callable()
                   ^^^^^^^^^^^^^^^^^^^^^^^
  File "/home/airflow/.local/lib/python3.12/site-packages/airflow/operators/python.py", line 252, in execute_callable
    return self.python_callable(*self.op_args, **self.op_kwargs)
           ^^^^^^^^^^^^^^^^^^^^^^^^^^^^^^^^^^^^^^^^^^^^^^^^^^^^^
  File "/opt/airflow/dags/get_new_data_list.py", line 31, in get_new_data_list
    rows = hook.get_records("""
    ^^^^^^^^^^^^^^^^^^^^
  File "/home/airflow/.local/lib/python3.12/site-packages/airflow/providers/common/sql/hooks/sql.py", line 309, in get_records
    return self.run(sql=sql, parameters=parameters, handler=fetch_all_handler)
           ^^^^^^^^^^^^^^^^^^^^^^^^^^^^^^^^^^^^^^^^^^^^^^^^^^^^^^^^^^^^^^^^^^^
  File "/home/airflow/.local/lib/python3.12/site-packages/airflow/providers/common/sql/hooks/sql.py", line 442, in run
    self._run_command(cur, sql_statement, parameters)
  File "/home/airflow/.local/lib/python3.12/site-packages/airflow/providers/common/sql/hooks/sql.py", line 500, in _run_command
    cur.execute(sql_statement)
psycopg2.errors.SyntaxError: syntax error at or near "ESLE"
LINE 22:                     ESLE 4
                             ^

Marking task as FAILED. dag_id=get_new_data_list_from_data_catalogue, task_id=get_new_data_list, run_id=manual__2026-02-05T11:32:33.881103+00:00, execution_date=20260205T113233, start_date=20260205T113338, end_date=20260205T113338
Failed to execute job 65 for task get_new_data_list (syntax error at or near "ESLE"
LINE 22:                     ESLE 4
                             ^
; 13244)
Task exited with return code 1
0 downstream tasks scheduled from follow-on schedule check
::endgroup::
