::group::Pre task execution logs
Dependencies all met for dep_context=non-requeueable deps ti=<TaskInstance: upload_main_db_reference_data_dag.generate_summary_report manual__2026-02-11T05:22:12.113124+00:00 [queued]>
Dependencies all met for dep_context=requeueable deps ti=<TaskInstance: upload_main_db_reference_data_dag.generate_summary_report manual__2026-02-11T05:22:12.113124+00:00 [queued]>
Starting attempt 2 of 3
Executing <Task(_PythonDecoratedOperator): generate_summary_report> on 2026-02-11 05:22:12.113124+00:00
/home/***/.local/lib/python3.12/site-packages/***/task/task_runner/standard_task_runner.py:62: DeprecationWarning: This process (pid=89020) is multi-threaded, use of fork() may lead to deadlocks in the child.
  pid = os.fork()

Started process 89022 to run task
Running: ['***', 'tasks', 'run', 'upload_main_db_reference_data_dag', 'generate_summary_report', 'manual__2026-02-11T05:22:12.113124+00:00', '--job-id', '176', '--raw', '--subdir', 'DAGS_FOLDER/upload_main_db_reference_data_dag.py', '--cfg-path', '/tmp/tmp1lu6ncr3']
Job 176: Subtask generate_summary_report
Running <TaskInstance: upload_main_db_reference_data_dag.generate_summary_report manual__2026-02-11T05:22:12.113124+00:00 [running]> on host 752fea1deb88
Exporting env vars: AIRFLOW_CTX_DAG_OWNER='***' AIRFLOW_CTX_DAG_ID='upload_main_db_reference_data_dag' AIRFLOW_CTX_TASK_ID='generate_summary_report' AIRFLOW_CTX_EXECUTION_DATE='2026-02-11T05:22:12.113124+00:00' AIRFLOW_CTX_TRY_NUMBER='2' AIRFLOW_CTX_DAG_RUN_ID='manual__2026-02-11T05:22:12.113124+00:00'
::endgroup::
::group::Post task execution logs
Task failed with exception
Traceback (most recent call last):
  File "/home/airflow/.local/lib/python3.12/site-packages/airflow/models/taskinstance.py", line 465, in _execute_task
    result = _execute_callable(context=context, **execute_callable_kwargs)
             ^^^^^^^^^^^^^^^^^^^^^^^^^^^^^^^^^^^^^^^^^^^^^^^^^^^^^^^^^^^^^
  File "/home/airflow/.local/lib/python3.12/site-packages/airflow/models/taskinstance.py", line 432, in _execute_callable
    return execute_callable(context=context, **execute_callable_kwargs)
           ^^^^^^^^^^^^^^^^^^^^^^^^^^^^^^^^^^^^^^^^^^^^^^^^^^^^^^^^^^^^
  File "/home/airflow/.local/lib/python3.12/site-packages/airflow/models/baseoperator.py", line 401, in wrapper
    return func(self, *args, **kwargs)
           ^^^^^^^^^^^^^^^^^^^^^^^^^^^
  File "/home/airflow/.local/lib/python3.12/site-packages/airflow/decorators/base.py", line 265, in execute
    return_value = super().execute(context)
                   ^^^^^^^^^^^^^^^^^^^^^^^^
  File "/home/airflow/.local/lib/python3.12/site-packages/airflow/models/baseoperator.py", line 401, in wrapper
    return func(self, *args, **kwargs)
           ^^^^^^^^^^^^^^^^^^^^^^^^^^^
  File "/home/airflow/.local/lib/python3.12/site-packages/airflow/operators/python.py", line 235, in execute
    return_value = self.execute_callable()
                   ^^^^^^^^^^^^^^^^^^^^^^^
  File "/home/airflow/.local/lib/python3.12/site-packages/airflow/operators/python.py", line 252, in execute_callable
    return self.python_callable(*self.op_args, **self.op_kwargs)
           ^^^^^^^^^^^^^^^^^^^^^^^^^^^^^^^^^^^^^^^^^^^^^^^^^^^^^
  File "/opt/airflow/dags/upload_main_db_reference_data_dag.py", line 334, in generate_summary_report
    'hdfs_path': validation['hdfs_path'],
                 ~~~~~~~~~~^^^^^^^^^^^^^
TypeError: 'NoneType' object is not subscriptable
Marking task as UP_FOR_RETRY. dag_id=upload_main_db_reference_data_dag, task_id=generate_summary_report, run_id=manual__2026-02-11T05:22:12.113124+00:00, execution_date=20260211T052212, start_date=20260211T052522, end_date=20260211T052522
Failed to execute job 176 for task generate_summary_report ('NoneType' object is not subscriptable; 89022)
Task exited with return code 1
0 downstream tasks scheduled from follow-on schedule check
::endgroup::
