::group::Pre task execution logs
Dependencies all met for dep_context=non-requeueable deps ti=<TaskInstance: upload_main_db_data_dag.upload_main_db_data manual__2026-02-27T05:32:23.081953+00:00 [queued]>
Dependencies all met for dep_context=requeueable deps ti=<TaskInstance: upload_main_db_data_dag.upload_main_db_data manual__2026-02-27T05:32:23.081953+00:00 [queued]>
Starting attempt 1 of 3
Executing <Task(_PythonDecoratedOperator): upload_main_db_data> on 2026-02-27 05:32:23.081953+00:00
/home/***/.local/lib/python3.12/site-packages/***/task/task_runner/standard_task_runner.py:62: DeprecationWarning: This process (pid=54121) is multi-threaded, use of fork() may lead to deadlocks in the child.
  pid = os.fork()

Started process 54130 to run task
Running: ['***', 'tasks', 'run', 'upload_main_db_data_dag', 'upload_main_db_data', 'manual__2026-02-27T05:32:23.081953+00:00', '--job-id', '612', '--raw', '--subdir', 'DAGS_FOLDER/upload_main_db_data_dag.py', '--cfg-path', '/tmp/tmp346o18bq']
Job 612: Subtask upload_main_db_data
Running <TaskInstance: upload_main_db_data_dag.upload_main_db_data manual__2026-02-27T05:32:23.081953+00:00 [running]> on host ca2006464258
Exporting env vars: AIRFLOW_CTX_DAG_OWNER='***' AIRFLOW_CTX_DAG_ID='upload_main_db_data_dag' AIRFLOW_CTX_TASK_ID='upload_main_db_data' AIRFLOW_CTX_EXECUTION_DATE='2026-02-27T05:32:23.081953+00:00' AIRFLOW_CTX_TRY_NUMBER='1' AIRFLOW_CTX_DAG_RUN_ID='manual__2026-02-27T05:32:23.081953+00:00'
::endgroup::
Using connection ID 'hdfs_default' for task execution.
Trying to connect to namenode:9870
Trying namenode namenode
Instantiated <InsecureClient(url='http://namenode:9870')>.
Fetching status for '/'.
Using namenode namenode for hook
Fetching status for '/test_raw_data/data/Acron/MainDb/Acron.db'.
Reading file '/test_raw_data/data/Acron/MainDb/Acron.db'.
Using connection ID 'cloudberry_test_dwh' for task execution.
::group::Post task execution logs
Task failed with exception
Traceback (most recent call last):
  File "/opt/airflow/dags/upload_main_db_data/upload_main_db_data.py", line 288, in get_data_source_id
    if row in None:
       ^^^^^^^^^^^
TypeError: argument of type 'NoneType' is not iterable

During handling of the above exception, another exception occurred:

Traceback (most recent call last):
  File "/home/airflow/.local/lib/python3.12/site-packages/airflow/models/taskinstance.py", line 465, in _execute_task
    result = _execute_callable(context=context, **execute_callable_kwargs)
             ^^^^^^^^^^^^^^^^^^^^^^^^^^^^^^^^^^^^^^^^^^^^^^^^^^^^^^^^^^^^^
  File "/home/airflow/.local/lib/python3.12/site-packages/airflow/models/taskinstance.py", line 432, in _execute_callable
    return execute_callable(context=context, **execute_callable_kwargs)
           ^^^^^^^^^^^^^^^^^^^^^^^^^^^^^^^^^^^^^^^^^^^^^^^^^^^^^^^^^^^^
  File "/home/airflow/.local/lib/python3.12/site-packages/airflow/models/baseoperator.py", line 401, in wrapper
    return func(self, *args, **kwargs)
           ^^^^^^^^^^^^^^^^^^^^^^^^^^^
  File "/home/airflow/.local/lib/python3.12/site-packages/airflow/decorators/base.py", line 265, in execute
    return_value = super().execute(context)
                   ^^^^^^^^^^^^^^^^^^^^^^^^
  File "/home/airflow/.local/lib/python3.12/site-packages/airflow/models/baseoperator.py", line 401, in wrapper
    return func(self, *args, **kwargs)
           ^^^^^^^^^^^^^^^^^^^^^^^^^^^
  File "/home/airflow/.local/lib/python3.12/site-packages/airflow/operators/python.py", line 235, in execute
    return_value = self.execute_callable()
                   ^^^^^^^^^^^^^^^^^^^^^^^
  File "/home/airflow/.local/lib/python3.12/site-packages/airflow/operators/python.py", line 252, in execute_callable
    return self.python_callable(*self.op_args, **self.op_kwargs)
           ^^^^^^^^^^^^^^^^^^^^^^^^^^^^^^^^^^^^^^^^^^^^^^^^^^^^^
  File "/opt/airflow/dags/upload_main_db_data_dag.py", line 117, in upload_main_db_data
    upload_result = insert_function(sqlite_path=local_sqlite_path)
                    ^^^^^^^^^^^^^^^^^^^^^^^^^^^^^^^^^^^^^^^^^^^^^^
  File "/opt/airflow/dags/upload_main_db_data/upload_main_db_data.py", line 306, in insert_new_measure_groups_hubs
    data_source_id = get_data_source_id(sqlite_path=sqlite_path)
                     ^^^^^^^^^^^^^^^^^^^^^^^^^^^^^^^^^^^^^^^^^^^
  File "/opt/airflow/dags/upload_main_db_data/upload_main_db_data.py", line 296, in get_data_source_id
    raise AirflowException(f"Ошибка при подключении к БД: {str(e)}")
airflow.exceptions.AirflowException: Ошибка при подключении к БД: argument of type 'NoneType' is not iterable
Marking task as UP_FOR_RETRY. dag_id=upload_main_db_data_dag, task_id=upload_main_db_data, run_id=manual__2026-02-27T05:32:23.081953+00:00, execution_date=20260227T053223, start_date=20260227T053226, end_date=20260227T053300
Failed to execute job 612 for task upload_main_db_data (Ошибка при подключении к БД: argument of type 'NoneType' is not iterable; 54130)
Task exited with return code 1
0 downstream tasks scheduled from follow-on schedule check
::endgroup::
