::group::Pre task execution logs
Dependencies all met for dep_context=non-requeueable deps ti=<TaskInstance: upload_main_db_data_dag.upload_main_db_data manual__2026-03-05T10:15:42.764391+00:00 [queued]>
Dependencies all met for dep_context=requeueable deps ti=<TaskInstance: upload_main_db_data_dag.upload_main_db_data manual__2026-03-05T10:15:42.764391+00:00 [queued]>
Starting attempt 1 of 3
Executing <Task(_PythonDecoratedOperator): upload_main_db_data> on 2026-03-05 10:15:42.764391+00:00
/home/***/.local/lib/python3.12/site-packages/***/task/task_runner/standard_task_runner.py:62: DeprecationWarning: This process (pid=10390) is multi-threaded, use of fork() may lead to deadlocks in the child.
  pid = os.fork()

Started process 10392 to run task
Running: ['***', 'tasks', 'run', 'upload_main_db_data_dag', 'upload_main_db_data', 'manual__2026-03-05T10:15:42.764391+00:00', '--job-id', '1447', '--raw', '--subdir', 'DAGS_FOLDER/upload_main_db_data_dag.py', '--cfg-path', '/tmp/tmplm_zegcz']
Job 1447: Subtask upload_main_db_data
Running <TaskInstance: upload_main_db_data_dag.upload_main_db_data manual__2026-03-05T10:15:42.764391+00:00 [running]> on host ad14fccbac7a
Exporting env vars: AIRFLOW_CTX_DAG_OWNER='***' AIRFLOW_CTX_DAG_ID='upload_main_db_data_dag' AIRFLOW_CTX_TASK_ID='upload_main_db_data' AIRFLOW_CTX_EXECUTION_DATE='2026-03-05T10:15:42.764391+00:00' AIRFLOW_CTX_TRY_NUMBER='1' AIRFLOW_CTX_DAG_RUN_ID='manual__2026-03-05T10:15:42.764391+00:00'
::endgroup::
Using connection ID 'hdfs_default' for task execution.
Trying to connect to namenode:9870
Trying namenode namenode
Instantiated <InsecureClient(url='http://namenode:9870')>.
Fetching status for '/'.
Using namenode namenode for hook
Fetching status for '/test_raw_data/data/Acron/MainDb/Acron.db'.
Reading file '/test_raw_data/data/Acron/MainDb/Acron.db'.
Using connection ID 'cloudberry_test_dwh' for task execution.
Using data_source_id: 289c288e-ccf8-a441-ae8d-f36862eded0a
✅ Loaded 22 rows to stg_measure_groups
Using connection ID 'cloudberry_test_dwh' for task execution.
Using data_source_id: 289c288e-ccf8-a441-ae8d-f36862eded0a
No data to process in SQLite
Using connection ID 'cloudberry_test_dwh' for task execution.
Using data_source_id: 289c288e-ccf8-a441-ae8d-f36862eded0a
No data to process in SQLite
Using connection ID 'cloudberry_test_dwh' for task execution.
Using data_source_id: 289c288e-ccf8-a441-ae8d-f36862eded0a
✅ Loaded 22 rows to stg_annotation
Using connection ID 'cloudberry_test_dwh' for task execution.
Using data_source_id: 289c288e-ccf8-a441-ae8d-f36862eded0a
✅ Loaded 1252 rows to stg_bearings
Using connection ID 'cloudberry_test_dwh' for task execution.
Using data_source_id: 289c288e-ccf8-a441-ae8d-f36862eded0a
State of this instance has been externally set to None. Terminating instance.
::endgroup::
Sending 15 to group 10392. PIDs of all processes in the group: [10392]
Sending the signal 15 to group 10392
Received SIGTERM. Terminating subprocesses.
::group::Post task execution logs
Task failed with exception
Traceback (most recent call last):
  File "/home/airflow/.local/lib/python3.12/site-packages/airflow/models/taskinstance.py", line 465, in _execute_task
    result = _execute_callable(context=context, **execute_callable_kwargs)
             ^^^^^^^^^^^^^^^^^^^^^^^^^^^^^^^^^^^^^^^^^^^^^^^^^^^^^^^^^^^^^
  File "/home/airflow/.local/lib/python3.12/site-packages/airflow/models/taskinstance.py", line 432, in _execute_callable
    return execute_callable(context=context, **execute_callable_kwargs)
           ^^^^^^^^^^^^^^^^^^^^^^^^^^^^^^^^^^^^^^^^^^^^^^^^^^^^^^^^^^^^
  File "/home/airflow/.local/lib/python3.12/site-packages/airflow/models/baseoperator.py", line 401, in wrapper
    return func(self, *args, **kwargs)
           ^^^^^^^^^^^^^^^^^^^^^^^^^^^
  File "/home/airflow/.local/lib/python3.12/site-packages/airflow/decorators/base.py", line 265, in execute
    return_value = super().execute(context)
                   ^^^^^^^^^^^^^^^^^^^^^^^^
  File "/home/airflow/.local/lib/python3.12/site-packages/airflow/models/baseoperator.py", line 401, in wrapper
    return func(self, *args, **kwargs)
           ^^^^^^^^^^^^^^^^^^^^^^^^^^^
  File "/home/airflow/.local/lib/python3.12/site-packages/airflow/operators/python.py", line 235, in execute
    return_value = self.execute_callable()
                   ^^^^^^^^^^^^^^^^^^^^^^^
  File "/home/airflow/.local/lib/python3.12/site-packages/airflow/operators/python.py", line 252, in execute_callable
    return self.python_callable(*self.op_args, **self.op_kwargs)
           ^^^^^^^^^^^^^^^^^^^^^^^^^^^^^^^^^^^^^^^^^^^^^^^^^^^^^
  File "/opt/airflow/dags/upload_main_db_data_dag.py", line 103, in upload_main_db_data
    extract_from_sqlite_to_staging(
  File "/opt/airflow/dags/upload_main_db_data/upload_main_db_data.py", line 215, in extract_from_sqlite_to_staging
    df[col] = df[col].apply(lambda x: normalize_value(x, target_type))
              ^^^^^^^^^^^^^^^^^^^^^^^^^^^^^^^^^^^^^^^^^^^^^^^^^^^^^^^^
  File "/home/airflow/.local/lib/python3.12/site-packages/pandas/core/series.py", line 4764, in apply
    ).apply()
      ^^^^^^^
  File "/home/airflow/.local/lib/python3.12/site-packages/pandas/core/apply.py", line 1209, in apply
    return self.apply_standard()
           ^^^^^^^^^^^^^^^^^^^^^
  File "/home/airflow/.local/lib/python3.12/site-packages/pandas/core/apply.py", line 1289, in apply_standard
    mapped = obj._map_values(
             ^^^^^^^^^^^^^^^^
  File "/home/airflow/.local/lib/python3.12/site-packages/pandas/core/base.py", line 921, in _map_values
    return algorithms.map_array(arr, mapper, na_action=na_action, convert=convert)
           ^^^^^^^^^^^^^^^^^^^^^^^^^^^^^^^^^^^^^^^^^^^^^^^^^^^^^^^^^^^^^^^^^^^^^^^
  File "/home/airflow/.local/lib/python3.12/site-packages/pandas/core/algorithms.py", line 1814, in map_array
    return lib.map_infer(values, mapper, convert=convert)
           ^^^^^^^^^^^^^^^^^^^^^^^^^^^^^^^^^^^^^^^^^^^^^^
  File "lib.pyx", line 2926, in pandas._libs.lib.map_infer
  File "/opt/airflow/dags/upload_main_db_data/upload_main_db_data.py", line 215, in <lambda>
    df[col] = df[col].apply(lambda x: normalize_value(x, target_type))
                                      ^^^^^^^^^^^^^^^^^^^^^^^^^^^^^^^
  File "/opt/airflow/dags/upload_main_db_data/upload_main_db_data.py", line 131, in normalize_value
    return pd.to_datetime(val, errors='coerce')
           ^^^^^^^^^^^^^^^^^^^^^^^^^^^^^^^^^^^^
  File "/home/airflow/.local/lib/python3.12/site-packages/pandas/core/tools/datetimes.py", line 1146, in to_datetime
    result = convert_listlike(np.array([arg]), format)[0]
             ^^^^^^^^^^^^^^^^^^^^^^^^^^^^^^^^^^^^^^^^^
  File "/home/airflow/.local/lib/python3.12/site-packages/pandas/core/tools/datetimes.py", line 484, in _convert_listlike_datetimes
    format = _guess_datetime_format_for_array(arg, dayfirst=dayfirst)
             ^^^^^^^^^^^^^^^^^^^^^^^^^^^^^^^^^^^^^^^^^^^^^^^^^^^^^^^^
  File "/home/airflow/.local/lib/python3.12/site-packages/pandas/core/tools/datetimes.py", line 138, in _guess_datetime_format_for_array
    guessed_format = guess_datetime_format(
                     ^^^^^^^^^^^^^^^^^^^^^^
  File "parsing.pyx", line 986, in pandas._libs.tslibs.parsing.guess_datetime_format
  File "parsing.pyx", line 1045, in pandas._libs.tslibs.parsing._fill_token
  File "/usr/local/lib/python3.12/re/__init__.py", line 177, in search
    return _compile(pattern, flags).search(string)
           ^^^^^^^^^^^^^^^^^^^^^^^^^^^^^^^^^^^^^^^
  File "/home/airflow/.local/lib/python3.12/site-packages/airflow/models/taskinstance.py", line 2613, in signal_handler
    raise AirflowTaskTerminated("Task received SIGTERM signal")
airflow.exceptions.AirflowTaskTerminated: Task received SIGTERM signal
Marking task as UP_FOR_RETRY. dag_id=upload_main_db_data_dag, task_id=upload_main_db_data, run_id=manual__2026-03-05T10:15:42.764391+00:00, execution_date=20260305T101542, start_date=20260305T101544, end_date=20260305T101706
Failed to execute job 1447 for task upload_main_db_data ((psycopg2.errors.ForeignKeyViolation) insert or update on table "task_fail" violates foreign key constraint "task_fail_ti_fkey"
DETAIL:  Key (dag_id, task_id, run_id, map_index)=(upload_main_db_data_dag, upload_main_db_data, manual__2026-03-05T10:15:42.764391+00:00, -1) is not present in table "task_instance".

[SQL: INSERT INTO task_fail (task_id, dag_id, run_id, map_index, start_date, end_date, duration) VALUES (%(task_id)s, %(dag_id)s, %(run_id)s, %(map_index)s, %(start_date)s, %(end_date)s, %(duration)s) RETURNING task_fail.id]
[parameters: {'task_id': 'upload_main_db_data', 'dag_id': 'upload_main_db_data_dag', 'run_id': 'manual__2026-03-05T10:15:42.764391+00:00', 'map_index': -1, 'start_date': datetime.datetime(2026, 3, 5, 10, 15, 44, 780733, tzinfo=Timezone('UTC')), 'end_date': datetime.datetime(2026, 3, 5, 10, 17, 6, 472716, tzinfo=Timezone('UTC')), 'duration': 81}]
(Background on this error at: https://sqlalche.me/e/14/gkpj); 10392)
Process psutil.Process(pid=10392, status='terminated', exitcode=1, started='13:15:44') (10392) terminated with exit code 1
