::group::Pre task execution logs
Dependencies all met for dep_context=non-requeueable deps ti=<TaskInstance: upload_main_db_data_dag.upload_main_db_data manual__2026-02-27T14:22:59.155088+00:00 [queued]>
Dependencies all met for dep_context=requeueable deps ti=<TaskInstance: upload_main_db_data_dag.upload_main_db_data manual__2026-02-27T14:22:59.155088+00:00 [queued]>
Starting attempt 1 of 3
Executing <Task(_PythonDecoratedOperator): upload_main_db_data> on 2026-02-27 14:22:59.155088+00:00
/home/***/.local/lib/python3.12/site-packages/***/task/task_runner/standard_task_runner.py:62: DeprecationWarning: This process (pid=759) is multi-threaded, use of fork() may lead to deadlocks in the child.
  pid = os.fork()

Started process 768 to run task
Running: ['***', 'tasks', 'run', 'upload_main_db_data_dag', 'upload_main_db_data', 'manual__2026-02-27T14:22:59.155088+00:00', '--job-id', '653', '--raw', '--subdir', 'DAGS_FOLDER/upload_main_db_data_dag.py', '--cfg-path', '/tmp/tmp1cl34vyx']
Job 653: Subtask upload_main_db_data
Running <TaskInstance: upload_main_db_data_dag.upload_main_db_data manual__2026-02-27T14:22:59.155088+00:00 [running]> on host ff7676f3e173
Exporting env vars: AIRFLOW_CTX_DAG_OWNER='***' AIRFLOW_CTX_DAG_ID='upload_main_db_data_dag' AIRFLOW_CTX_TASK_ID='upload_main_db_data' AIRFLOW_CTX_EXECUTION_DATE='2026-02-27T14:22:59.155088+00:00' AIRFLOW_CTX_TRY_NUMBER='1' AIRFLOW_CTX_DAG_RUN_ID='manual__2026-02-27T14:22:59.155088+00:00'
::endgroup::
Using connection ID 'hdfs_default' for task execution.
Trying to connect to namenode:9870
Trying namenode namenode
Instantiated <InsecureClient(url='http://namenode:9870')>.
Fetching status for '/'.
Using namenode namenode for hook
Fetching status for '/test_raw_data/data/Acron/MainDb/Acron.db'.
Reading file '/test_raw_data/data/Acron/MainDb/Acron.db'.
Using connection ID 'cloudberry_test_dwh' for task execution.
::group::Post task execution logs
Task failed with exception
Traceback (most recent call last):
  File "/home/airflow/.local/lib/python3.12/site-packages/airflow/models/taskinstance.py", line 465, in _execute_task
    result = _execute_callable(context=context, **execute_callable_kwargs)
             ^^^^^^^^^^^^^^^^^^^^^^^^^^^^^^^^^^^^^^^^^^^^^^^^^^^^^^^^^^^^^
  File "/home/airflow/.local/lib/python3.12/site-packages/airflow/models/taskinstance.py", line 432, in _execute_callable
    return execute_callable(context=context, **execute_callable_kwargs)
           ^^^^^^^^^^^^^^^^^^^^^^^^^^^^^^^^^^^^^^^^^^^^^^^^^^^^^^^^^^^^
  File "/home/airflow/.local/lib/python3.12/site-packages/airflow/models/baseoperator.py", line 401, in wrapper
    return func(self, *args, **kwargs)
           ^^^^^^^^^^^^^^^^^^^^^^^^^^^
  File "/home/airflow/.local/lib/python3.12/site-packages/airflow/decorators/base.py", line 265, in execute
    return_value = super().execute(context)
                   ^^^^^^^^^^^^^^^^^^^^^^^^
  File "/home/airflow/.local/lib/python3.12/site-packages/airflow/models/baseoperator.py", line 401, in wrapper
    return func(self, *args, **kwargs)
           ^^^^^^^^^^^^^^^^^^^^^^^^^^^
  File "/home/airflow/.local/lib/python3.12/site-packages/airflow/operators/python.py", line 235, in execute
    return_value = self.execute_callable()
                   ^^^^^^^^^^^^^^^^^^^^^^^
  File "/home/airflow/.local/lib/python3.12/site-packages/airflow/operators/python.py", line 252, in execute_callable
    return self.python_callable(*self.op_args, **self.op_kwargs)
           ^^^^^^^^^^^^^^^^^^^^^^^^^^^^^^^^^^^^^^^^^^^^^^^^^^^^^
  File "/opt/airflow/dags/upload_main_db_data_dag.py", line 120, in upload_main_db_data
    extract_from_sqlite_to_staging(local_sqlite_path)
  File "/opt/airflow/dags/upload_main_db_data/upload_main_db_data.py", line 341, in extract_from_sqlite_to_staging
    df_fill = df[['ID', 'Name']].fillna('').astype(str)
              ^^^^^^^^^^^^^^^^^^^^^^^^^^^^^^^^^^^^^^^^^
  File "/home/airflow/.local/lib/python3.12/site-packages/pandas/core/generic.py", line 6534, in astype
    new_data = self._mgr.astype(dtype=dtype, copy=copy, errors=errors)
               ^^^^^^^^^^^^^^^^^^^^^^^^^^^^^^^^^^^^^^^^^^^^^^^^^^^^^^^
  File "/home/airflow/.local/lib/python3.12/site-packages/pandas/core/internals/managers.py", line 414, in astype
    return self.apply(
           ^^^^^^^^^^^
  File "/home/airflow/.local/lib/python3.12/site-packages/pandas/core/internals/managers.py", line 354, in apply
    applied = getattr(b, f)(**kwargs)
              ^^^^^^^^^^^^^^^^^^^^^^^
  File "/home/airflow/.local/lib/python3.12/site-packages/pandas/core/internals/blocks.py", line 616, in astype
    new_values = astype_array_safe(values, dtype, copy=copy, errors=errors)
                 ^^^^^^^^^^^^^^^^^^^^^^^^^^^^^^^^^^^^^^^^^^^^^^^^^^^^^^^^^^
  File "/home/airflow/.local/lib/python3.12/site-packages/pandas/core/dtypes/astype.py", line 238, in astype_array_safe
    new_values = astype_array(values, dtype, copy=copy)
                 ^^^^^^^^^^^^^^^^^^^^^^^^^^^^^^^^^^^^^^
  File "/home/airflow/.local/lib/python3.12/site-packages/pandas/core/dtypes/astype.py", line 183, in astype_array
    values = _astype_nansafe(values, dtype, copy=copy)
             ^^^^^^^^^^^^^^^^^^^^^^^^^^^^^^^^^^^^^^^^^
  File "/home/airflow/.local/lib/python3.12/site-packages/pandas/core/dtypes/astype.py", line 96, in _astype_nansafe
    return lib.ensure_string_array(
           ^^^^^^^^^^^^^^^^^^^^^^^^
  File "lib.pyx", line 747, in pandas._libs.lib.ensure_string_array
  File "lib.pyx", line 816, in pandas._libs.lib.ensure_string_array
UnicodeDecodeError: 'utf-8' codec can't decode bytes in position 0-1: invalid continuation byte
Marking task as UP_FOR_RETRY. dag_id=upload_main_db_data_dag, task_id=upload_main_db_data, run_id=manual__2026-02-27T14:22:59.155088+00:00, execution_date=20260227T142259, start_date=20260227T142303, end_date=20260227T142333
Failed to execute job 653 for task upload_main_db_data ('utf-8' codec can't decode bytes in position 0-1: invalid continuation byte; 768)
Task exited with return code 1
0 downstream tasks scheduled from follow-on schedule check
::endgroup::
