::group::Pre task execution logs
Dependencies all met for dep_context=non-requeueable deps ti=<TaskInstance: upload_main_db_data_dag.upload_staging_to_habs manual__2026-03-06T11:53:17.852430+00:00 map_index=22 [queued]>
Dependencies all met for dep_context=requeueable deps ti=<TaskInstance: upload_main_db_data_dag.upload_staging_to_habs manual__2026-03-06T11:53:17.852430+00:00 map_index=22 [queued]>
Starting attempt 1 of 3
Executing <Mapped(_PythonDecoratedOperator): upload_staging_to_habs> on 2026-03-06 11:53:17.852430+00:00
/home/***/.local/lib/python3.12/site-packages/***/task/task_runner/standard_task_runner.py:62: DeprecationWarning: This process (pid=11958) is multi-threaded, use of fork() may lead to deadlocks in the child.
  pid = os.fork()

Started process 11993 to run task
Running: ['***', 'tasks', 'run', 'upload_main_db_data_dag', 'upload_staging_to_habs', 'manual__2026-03-06T11:53:17.852430+00:00', '--job-id', '1809', '--raw', '--subdir', 'DAGS_FOLDER/upload_main_db_data_dag.py', '--cfg-path', '/tmp/tmpnzmspfym', '--map-index', '22']
Job 1809: Subtask upload_staging_to_habs
Running <TaskInstance: upload_main_db_data_dag.upload_staging_to_habs manual__2026-03-06T11:53:17.852430+00:00 map_index=22 [running]> on host f8ce57da4327
Exporting env vars: AIRFLOW_CTX_DAG_OWNER='***' AIRFLOW_CTX_DAG_ID='upload_main_db_data_dag' AIRFLOW_CTX_TASK_ID='upload_staging_to_habs' AIRFLOW_CTX_EXECUTION_DATE='2026-03-06T11:53:17.852430+00:00' AIRFLOW_CTX_TRY_NUMBER='1' AIRFLOW_CTX_DAG_RUN_ID='manual__2026-03-06T11:53:17.852430+00:00'
::endgroup::
✅ Uploading staging data from stg_preset_chart_settings table to h_preset_chart_settings hub table!
Using connection ID 'cloudberry_test_dwh' for task execution.
SQLAlchemy error during DV load: (psycopg2.errors.NotNullViolation) null value in column "userid" of relation "h_preset_chart_settings" violates not-null constraint
DETAIL:  Failing row contains (c4e85032-0ec5-11fe-c5d8-103c89b05ed4, 2026-03-06 12:04:33.86965, 289c288e-ccf8-a441-ae8d-f36862eded0a, null).

[SQL: 
                INSERT INTO h_preset_chart_settings (
                    h_preset_chart_setting_sk,
                    load_dttm,
                    data_source_id
                )
                SELECT 
                    stg.hash_sk,
                    stg.load_dttm,
                    stg.data_source_id
                FROM stg_preset_chart_settings stg
                ON CONFLICT (h_preset_chart_setting_sk) DO NOTHING
            
            ]
(Background on this error at: https://sqlalche.me/e/14/gkpj)
::group::Post task execution logs
Task failed with exception
Traceback (most recent call last):
  File "/home/airflow/.local/lib/python3.12/site-packages/sqlalchemy/engine/base.py", line 1910, in _execute_context
    self.dialect.do_execute(
  File "/home/airflow/.local/lib/python3.12/site-packages/sqlalchemy/engine/default.py", line 736, in do_execute
    cursor.execute(statement, parameters)
psycopg2.errors.NotNullViolation: null value in column "userid" of relation "h_preset_chart_settings" violates not-null constraint
DETAIL:  Failing row contains (c4e85032-0ec5-11fe-c5d8-103c89b05ed4, 2026-03-06 12:04:33.86965, 289c288e-ccf8-a441-ae8d-f36862eded0a, null).


The above exception was the direct cause of the following exception:

Traceback (most recent call last):
  File "/home/airflow/.local/lib/python3.12/site-packages/airflow/models/taskinstance.py", line 465, in _execute_task
    result = _execute_callable(context=context, **execute_callable_kwargs)
             ^^^^^^^^^^^^^^^^^^^^^^^^^^^^^^^^^^^^^^^^^^^^^^^^^^^^^^^^^^^^^
  File "/home/airflow/.local/lib/python3.12/site-packages/airflow/models/taskinstance.py", line 432, in _execute_callable
    return execute_callable(context=context, **execute_callable_kwargs)
           ^^^^^^^^^^^^^^^^^^^^^^^^^^^^^^^^^^^^^^^^^^^^^^^^^^^^^^^^^^^^
  File "/home/airflow/.local/lib/python3.12/site-packages/airflow/models/baseoperator.py", line 401, in wrapper
    return func(self, *args, **kwargs)
           ^^^^^^^^^^^^^^^^^^^^^^^^^^^
  File "/home/airflow/.local/lib/python3.12/site-packages/airflow/decorators/base.py", line 265, in execute
    return_value = super().execute(context)
                   ^^^^^^^^^^^^^^^^^^^^^^^^
  File "/home/airflow/.local/lib/python3.12/site-packages/airflow/models/baseoperator.py", line 401, in wrapper
    return func(self, *args, **kwargs)
           ^^^^^^^^^^^^^^^^^^^^^^^^^^^
  File "/home/airflow/.local/lib/python3.12/site-packages/airflow/operators/python.py", line 235, in execute
    return_value = self.execute_callable()
                   ^^^^^^^^^^^^^^^^^^^^^^^
  File "/home/airflow/.local/lib/python3.12/site-packages/airflow/operators/python.py", line 252, in execute_callable
    return self.python_callable(*self.op_args, **self.op_kwargs)
           ^^^^^^^^^^^^^^^^^^^^^^^^^^^^^^^^^^^^^^^^^^^^^^^^^^^^^
  File "/opt/airflow/dags/upload_main_db_data_dag.py", line 132, in upload_staging_data_to_hub
    return merge_staging_to_hub(
           ^^^^^^^^^^^^^^^^^^^^^
  File "/opt/airflow/dags/upload_main_db_data/upload_main_db_data.py", line 324, in merge_staging_to_hub
    raise e
  File "/opt/airflow/dags/upload_main_db_data/upload_main_db_data.py", line 313, in merge_staging_to_hub
    result = conn.execute(insert_hub_sql)
             ^^^^^^^^^^^^^^^^^^^^^^^^^^^^
  File "/home/airflow/.local/lib/python3.12/site-packages/sqlalchemy/engine/base.py", line 1385, in execute
    return meth(self, multiparams, params, _EMPTY_EXECUTION_OPTS)
           ^^^^^^^^^^^^^^^^^^^^^^^^^^^^^^^^^^^^^^^^^^^^^^^^^^^^^^
  File "/home/airflow/.local/lib/python3.12/site-packages/sqlalchemy/sql/elements.py", line 334, in _execute_on_connection
    return connection._execute_clauseelement(
           ^^^^^^^^^^^^^^^^^^^^^^^^^^^^^^^^^^
  File "/home/airflow/.local/lib/python3.12/site-packages/sqlalchemy/engine/base.py", line 1577, in _execute_clauseelement
    ret = self._execute_context(
          ^^^^^^^^^^^^^^^^^^^^^^
  File "/home/airflow/.local/lib/python3.12/site-packages/sqlalchemy/engine/base.py", line 1953, in _execute_context
    self._handle_dbapi_exception(
  File "/home/airflow/.local/lib/python3.12/site-packages/sqlalchemy/engine/base.py", line 2134, in _handle_dbapi_exception
    util.raise_(
  File "/home/airflow/.local/lib/python3.12/site-packages/sqlalchemy/util/compat.py", line 211, in raise_
    raise exception
  File "/home/airflow/.local/lib/python3.12/site-packages/sqlalchemy/engine/base.py", line 1910, in _execute_context
    self.dialect.do_execute(
  File "/home/airflow/.local/lib/python3.12/site-packages/sqlalchemy/engine/default.py", line 736, in do_execute
    cursor.execute(statement, parameters)
sqlalchemy.exc.IntegrityError: (psycopg2.errors.NotNullViolation) null value in column "userid" of relation "h_preset_chart_settings" violates not-null constraint
DETAIL:  Failing row contains (c4e85032-0ec5-11fe-c5d8-103c89b05ed4, 2026-03-06 12:04:33.86965, 289c288e-ccf8-a441-ae8d-f36862eded0a, null).

[SQL: 
                INSERT INTO h_preset_chart_settings (
                    h_preset_chart_setting_sk,
                    load_dttm,
                    data_source_id
                )
                SELECT 
                    stg.hash_sk,
                    stg.load_dttm,
                    stg.data_source_id
                FROM stg_preset_chart_settings stg
                ON CONFLICT (h_preset_chart_setting_sk) DO NOTHING
            
            ]
(Background on this error at: https://sqlalche.me/e/14/gkpj)
Marking task as UP_FOR_RETRY. dag_id=upload_main_db_data_dag, task_id=upload_staging_to_habs, run_id=manual__2026-03-06T11:53:17.852430+00:00, map_index=22, execution_date=20260306T115317, start_date=20260306T120448, end_date=20260306T120448
Failed to execute job 1809 for task upload_staging_to_habs ((psycopg2.errors.NotNullViolation) null value in column "userid" of relation "h_preset_chart_settings" violates not-null constraint
DETAIL:  Failing row contains (c4e85032-0ec5-11fe-c5d8-103c89b05ed4, 2026-03-06 12:04:33.86965, 289c288e-ccf8-a441-ae8d-f36862eded0a, null).

[SQL: 
                INSERT INTO h_preset_chart_settings (
                    h_preset_chart_setting_sk,
                    load_dttm,
                    data_source_id
                )
                SELECT 
                    stg.hash_sk,
                    stg.load_dttm,
                    stg.data_source_id
                FROM stg_preset_chart_settings stg
                ON CONFLICT (h_preset_chart_setting_sk) DO NOTHING
            
            ]
(Background on this error at: https://sqlalche.me/e/14/gkpj); 11993)
Task exited with return code 1
0 downstream tasks scheduled from follow-on schedule check
::endgroup::
