::group::Pre task execution logs
Dependencies all met for dep_context=non-requeueable deps ti=<TaskInstance: upload_main_db_reference_data_dag.upload_reference_data manual__2026-02-10T04:53:46.218160+00:00 [queued]>
Dependencies all met for dep_context=requeueable deps ti=<TaskInstance: upload_main_db_reference_data_dag.upload_reference_data manual__2026-02-10T04:53:46.218160+00:00 [queued]>
Starting attempt 1 of 1
Executing <Task(_PythonDecoratedOperator): upload_reference_data> on 2026-02-10 04:53:46.218160+00:00
/home/***/.local/lib/python3.12/site-packages/***/task/task_runner/standard_task_runner.py:62: DeprecationWarning: This process (pid=36539) is multi-threaded, use of fork() may lead to deadlocks in the child.
  pid = os.fork()

Started process 36541 to run task
Running: ['***', 'tasks', 'run', 'upload_main_db_reference_data_dag', 'upload_reference_data', 'manual__2026-02-10T04:53:46.218160+00:00', '--job-id', '91', '--raw', '--subdir', 'DAGS_FOLDER/upload_main_db_reference_data_dag.py', '--cfg-path', '/tmp/tmp5l9j3uvr']
Job 91: Subtask upload_reference_data
Running <TaskInstance: upload_main_db_reference_data_dag.upload_reference_data manual__2026-02-10T04:53:46.218160+00:00 [running]> on host 752fea1deb88
Exporting env vars: AIRFLOW_CTX_DAG_OWNER='***' AIRFLOW_CTX_DAG_ID='upload_main_db_reference_data_dag' AIRFLOW_CTX_TASK_ID='upload_reference_data' AIRFLOW_CTX_EXECUTION_DATE='2026-02-10T04:53:46.218160+00:00' AIRFLOW_CTX_TRY_NUMBER='1' AIRFLOW_CTX_DAG_RUN_ID='manual__2026-02-10T04:53:46.218160+00:00'
::endgroup::
✅ Загрузка справочных данных для MainDb: Acron
Done. Returned value was: {'status': 'success', 'main_db_name': 'Acron'}
::group::Post task execution logs
Marking task as SUCCESS. dag_id=upload_main_db_reference_data_dag, task_id=upload_reference_data, run_id=manual__2026-02-10T04:53:46.218160+00:00, execution_date=20260210T045346, start_date=20260210T045347, end_date=20260210T045347
Task exited with return code 0
0 downstream tasks scheduled from follow-on schedule check
::endgroup::
