::group::Pre task execution logs
Dependencies all met for dep_context=non-requeueable deps ti=<TaskInstance: upload_main_db_data_dag.upload_staging_to_habs manual__2026-03-10T07:39:58.797846+00:00 map_index=21 [queued]>
Dependencies all met for dep_context=requeueable deps ti=<TaskInstance: upload_main_db_data_dag.upload_staging_to_habs manual__2026-03-10T07:39:58.797846+00:00 map_index=21 [queued]>
Starting attempt 1 of 3
Executing <Mapped(_PythonDecoratedOperator): upload_staging_to_habs> on 2026-03-10 07:39:58.797846+00:00
/home/***/.local/lib/python3.12/site-packages/***/task/task_runner/standard_task_runner.py:62: DeprecationWarning: This process (pid=6949) is multi-threaded, use of fork() may lead to deadlocks in the child.
  pid = os.fork()

Started process 6979 to run task
Running: ['***', 'tasks', 'run', 'upload_main_db_data_dag', 'upload_staging_to_habs', 'manual__2026-03-10T07:39:58.797846+00:00', '--job-id', '2143', '--raw', '--subdir', 'DAGS_FOLDER/upload_main_db_data_dag.py', '--cfg-path', '/tmp/tmpdyobpbpu', '--map-index', '21']
Job 2143: Subtask upload_staging_to_habs
Running <TaskInstance: upload_main_db_data_dag.upload_staging_to_habs manual__2026-03-10T07:39:58.797846+00:00 map_index=21 [running]> on host 252804bf5bed
Exporting env vars: AIRFLOW_CTX_DAG_OWNER='***' AIRFLOW_CTX_DAG_ID='upload_main_db_data_dag' AIRFLOW_CTX_TASK_ID='upload_staging_to_habs' AIRFLOW_CTX_EXECUTION_DATE='2026-03-10T07:39:58.797846+00:00' AIRFLOW_CTX_TRY_NUMBER='1' AIRFLOW_CTX_DAG_RUN_ID='manual__2026-03-10T07:39:58.797846+00:00'
::endgroup::
✅ Uploading staging data from stg_pou_user_items_tree table to h_pou_user_tree_items hub table!
Using connection ID 'cloudberry_test_dwh' for task execution.
Hub: inserted 49 new keys
Done. Returned value was: {'hub_inserted': 49, 'status': 'success'}
::group::Post task execution logs
Marking task as SUCCESS. dag_id=upload_main_db_data_dag, task_id=upload_staging_to_habs, run_id=manual__2026-03-10T07:39:58.797846+00:00, map_index=21, execution_date=20260310T073958, start_date=20260310T075019, end_date=20260310T075019
Task exited with return code 0
0 downstream tasks scheduled from follow-on schedule check
::endgroup::
