::group::Pre task execution logs
Dependencies all met for dep_context=non-requeueable deps ti=<TaskInstance: check_main_db_reference_data_dag.get_hdfs_path_from_conf manual__2026-03-02T10:53:12.717544+00:00 [queued]>
Dependencies all met for dep_context=requeueable deps ti=<TaskInstance: check_main_db_reference_data_dag.get_hdfs_path_from_conf manual__2026-03-02T10:53:12.717544+00:00 [queued]>
Starting attempt 1 of 3
Executing <Task(_PythonDecoratedOperator): get_hdfs_path_from_conf> on 2026-03-02 10:53:12.717544+00:00
/home/***/.local/lib/python3.12/site-packages/***/task/task_runner/standard_task_runner.py:62: DeprecationWarning: This process (pid=15137) is multi-threaded, use of fork() may lead to deadlocks in the child.
  pid = os.fork()

Started process 15139 to run task
Running: ['***', 'tasks', 'run', 'check_main_db_reference_data_dag', 'get_hdfs_path_from_conf', 'manual__2026-03-02T10:53:12.717544+00:00', '--job-id', '970', '--raw', '--subdir', 'DAGS_FOLDER/check_main_db_reference_data_dag.py', '--cfg-path', '/tmp/tmpjb1kxvn4']
Job 970: Subtask get_hdfs_path_from_conf
Running <TaskInstance: check_main_db_reference_data_dag.get_hdfs_path_from_conf manual__2026-03-02T10:53:12.717544+00:00 [running]> on host ff5784e9d160
Exporting env vars: AIRFLOW_CTX_DAG_OWNER='***' AIRFLOW_CTX_DAG_ID='check_main_db_reference_data_dag' AIRFLOW_CTX_TASK_ID='get_hdfs_path_from_conf' AIRFLOW_CTX_EXECUTION_DATE='2026-03-02T10:53:12.717544+00:00' AIRFLOW_CTX_TRY_NUMBER='1' AIRFLOW_CTX_DAG_RUN_ID='manual__2026-03-02T10:53:12.717544+00:00'
::endgroup::
✓ Используется файл HDFS: /test_raw_data/data/Acron/MainDb/Acron.db
Done. Returned value was: /test_raw_data/data/Acron/MainDb/Acron.db
::group::Post task execution logs
Marking task as SUCCESS. dag_id=check_main_db_reference_data_dag, task_id=get_hdfs_path_from_conf, run_id=manual__2026-03-02T10:53:12.717544+00:00, execution_date=20260302T105312, start_date=20260302T105314, end_date=20260302T105314
Task exited with return code 0
1 downstream tasks scheduled from follow-on schedule check
::endgroup::
